<html>
<body>
<pre>
<h1>礦ision Build Log</h1>
<h2>Tool Versions:</h2>
IDE-Version: μVision V5.23.0.0
Copyright (C) 2017 ARM Ltd and ARM Germany GmbH. All rights reserved.
License Information: Wang Dong, Ouc, LIC=----
 
Tool Versions:
Toolchain:       MDK-ARM Plus  Version: 5.23
Toolchain Path:  C:\Keil_v5\ARM\ARMCC\Bin
C Compiler:      Armcc.exe V5.06 update 4 (build 422)
Assembler:       Armasm.exe V5.06 update 4 (build 422)
Linker/Locator:  ArmLink.exe V5.06 update 4 (build 422)
Library Manager: ArmAr.exe V5.06 update 4 (build 422)
Hex Converter:   FromElf.exe V5.06 update 4 (build 422)
CPU DLL:         SARMCM3.DLL V5.23
Dialog DLL:      DCM.DLL V1.15.0.0
Target DLL:      Segger\JL2CM3.dll V2.99.23.0
Dialog DLL:      TCM.DLL V1.27.0.0
 
<h2>Project:</h2>
D:\工作目录\7.图书馆科研项目\机房监控\Project\MDK-ARM\UDPMode_Sta.uvprojx
Project File Date:  11/14/2018

<h2>Output:</h2>
*** Using Compiler 'V5.06 update 4 (build 422)', folder: 'C:\Keil_v5\ARM\ARMCC\Bin'
Build target 'UDPModet_Sta'
assembling startup_stm32f10x_md.s...
compiling misc.c...
compiling stm32f10x_adc.c...
compiling stm32f10x_bkp.c...
compiling stm32f10x_can.c...
compiling stm32f10x_cec.c...
compiling stm32f10x_crc.c...
compiling stm32f10x_dac.c...
compiling stm32f10x_dbgmcu.c...
compiling stm32f10x_dma.c...
compiling stm32f10x_exti.c...
compiling stm32f10x_flash.c...
compiling stm32f10x_gpio.c...
compiling stm32f10x_fsmc.c...
compiling stm32f10x_i2c.c...
compiling stm32f10x_iwdg.c...
compiling stm32f10x_pwr.c...
compiling stm32f10x_rcc.c...
compiling stm32f10x_rtc.c...
compiling stm32f10x_sdio.c...
compiling stm32f10x_spi.c...
compiling stm32f10x_usart.c...
compiling stm32f10x_tim.c...
compiling stm32f10x_wwdg.c...
compiling system_stm32f10x.c...
compiling led.c...
compiling core_cm3.c...
compiling ESP8266.c...
compiling usart.c...
compiling usart2.c...
compiling timer.c...
compiling delay.c...
compiling i2c.c...
..\..\BSP\i2c.c(293): warning:  #223-D: function "memcmp" declared implicitly
  		if(  memcmp(WriteBuffer,ReadBuffer,sizeof(WriteBuffer)) == 0 ) /* 匹配数据 */
..\..\BSP\i2c.c: 1 warning, 0 errors
compiling OLED.c...
compiling SHT2X.c...
compiling Relay.c...
compiling key.c...
compiling exti.c...
compiling pwm.c...
compiling SHT2X2.c...
compiling rtc.c...
compiling dma.c...
compiling asc12.c...
compiling stm32f10x_it.c...
compiling main.c...
..\main.c(62): warning:  #223-D: function "SHT2X2_Configuration" declared implicitly
    SHT2X2_Configuration();
..\main.c(167): warning:  #223-D: function "SHT2x2_ReadUserRegister" declared implicitly
  			error |= SHT2x2_ReadUserRegister(&userRegister2);  //get actual user reg
..\main.c(169): warning:  #223-D: function "SHT2x2_WriteUserRegister" declared implicitly
  			error |= SHT2x2_WriteUserRegister(&userRegister2); //write changed user reg
..\main.c(172): warning:  #223-D: function "SHT2x2_MeasureHM" declared implicitly
  			error |= SHT2x2_MeasureHM(HUMIDITY, sRH2);
..\main.c(38): warning:  #177-D: variable "i"  was declared but never referenced
  	u8 i=0;
..\main.c(50): warning:  #177-D: variable "SerialNumber_SHT2x"  was declared but never referenced
    u8  SerialNumber_SHT2x[8];  //64bit serial number
..\main.c(51): warning:  #177-D: variable "SerialNumber_SHT2x2"  was declared but never referenced
  	u8  SerialNumber_SHT2x2[8];  //64bit serial number
..\main.c: 7 warnings, 0 errors
compiling asc16.c...
compiling hz12.c...
compiling hz16.c...
linking...
Program Size: Code=27824 RO-data=8236 RW-data=72 ZI-data=7488  
FromELF: creating hex file...
".\obj\UDPModet_Sta.axf" - 0 Error(s), 8 Warning(s).

<h2>Software Packages used:</h2>

Package Vendor: ARM
                http://www.keil.com/pack/ARM.CMSIS.5.0.1.pack
                ARM::CMSIS:CORE:5.0.1
                CMSIS (Cortex Microcontroller Software Interface Standard)
   * Component: CORE Version: 5.0.1

<h2>Collection of Component include folders:</h2>
  .\RTE\_UDPModet_Sta
  C:\Keil_v5\ARM\PACK\ARM\CMSIS\5.0.1\CMSIS\Include
  C:\Keil_v5\ARM\PACK\Keil\STM32F1xx_DFP\2.2.0\Device\Include

<h2>Collection of Component Files used:</h2>

   * Component: ARM::CMSIS:CORE:5.0.1
Build Time Elapsed:  00:00:22
</pre>
</body>
</html>
