Component: ARM Compiler 5.06 update 4 (build 422) Tool: armlink [4d35d2]

==============================================================================

Section Cross References

    main.o(.text) refers to printfa.o(i.__0sprintf) for __2sprintf
    main.o(.text) refers to 24cxx.o(.text) for AT24CXX_Write
    main.o(.text) refers to esp8266.o(.text) for ESP8266_send_cmd
    main.o(.text) refers to delay.o(.text) for delay_ms
    main.o(.text) refers to rtc.o(.text) for RTC_Set
    main.o(.text) refers to usart.o(.text) for uart_init
    main.o(.text) refers to misc.o(.text) for NVIC_PriorityGroupConfig
    main.o(.text) refers to led.o(.text) for LED_Init
    main.o(.text) refers to printfa.o(i.__0printf) for __2printf
    main.o(.text) refers to tjc3224t024_11.o(.text) for Init_HMI
    main.o(.text) refers to pms7003m.o(.text) for Init_PMS7003M
    main.o(.text) refers to s8_co2.o(.text) for Init_S8
    main.o(.text) refers to sht2x.o(.text) for SHT2X_Configuration
    main.o(.text) refers to main.o(.data) for link_mode
    main.o(.text) refers to esp8266.o(.data) for portnum
    main.o(.text) refers to esp8266.o(.bss) for wifista_ssid
    main.o(.text) refers to tjc3224t024_11.o(.bss) for UART5_RX_BUF
    main.o(.text) refers to ffixi.o(.text) for __aeabi_f2iz
    main.o(.text) refers to ffltui.o(.text) for __aeabi_ui2f
    main.o(.text) refers to f2d.o(.text) for __aeabi_f2d
    main.o(.text) refers to ddiv.o(.text) for __aeabi_ddiv
    main.o(.text) refers to dfixi.o(.text) for __aeabi_d2iz
    main.o(.text) refers to rtc.o(.bss) for calendar
    main.o(.text) refers to s8_co2.o(.data) for CO2ppm
    main.o(.text) refers to pms7003m.o(.data) for PM2_5
    main.o(.text) refers to tjc3224t024_11.o(.data) for UART5_RX_STA
    system_stm32f10x.o(.text) refers to system_stm32f10x.o(.data) for SystemCoreClock
    startup_stm32f10x_hd.o(RESET) refers to startup_stm32f10x_hd.o(STACK) for __initial_sp
    startup_stm32f10x_hd.o(RESET) refers to startup_stm32f10x_hd.o(.text) for Reset_Handler
    startup_stm32f10x_hd.o(RESET) refers to stm32f10x_it.o(.text) for NMI_Handler
    startup_stm32f10x_hd.o(RESET) refers to rtc.o(.text) for RTC_IRQHandler
    startup_stm32f10x_hd.o(RESET) refers to s8_co2.o(.text) for TIM3_IRQHandler
    startup_stm32f10x_hd.o(RESET) refers to esp8266.o(.text) for TIM4_IRQHandler
    startup_stm32f10x_hd.o(RESET) refers to usart.o(.text) for USART1_IRQHandler
    startup_stm32f10x_hd.o(RESET) refers to pms7003m.o(.text) for UART4_IRQHandler
    startup_stm32f10x_hd.o(RESET) refers to tjc3224t024_11.o(.text) for UART5_IRQHandler
    startup_stm32f10x_hd.o(.text) refers to system_stm32f10x.o(.text) for SystemInit
    startup_stm32f10x_hd.o(.text) refers to entry.o(.ARM.Collect$$$$00000000) for __main
    stm32f10x_adc.o(.text) refers to stm32f10x_rcc.o(.text) for RCC_APB2PeriphResetCmd
    stm32f10x_bkp.o(.text) refers to stm32f10x_rcc.o(.text) for RCC_BackupResetCmd
    stm32f10x_can.o(.text) refers to stm32f10x_rcc.o(.text) for RCC_APB1PeriphResetCmd
    stm32f10x_cec.o(.text) refers to stm32f10x_rcc.o(.text) for RCC_APB1PeriphResetCmd
    stm32f10x_dac.o(.text) refers to stm32f10x_rcc.o(.text) for RCC_APB1PeriphResetCmd
    stm32f10x_gpio.o(.text) refers to stm32f10x_rcc.o(.text) for RCC_APB2PeriphResetCmd
    stm32f10x_i2c.o(.text) refers to stm32f10x_rcc.o(.text) for RCC_APB1PeriphResetCmd
    stm32f10x_pwr.o(.text) refers to stm32f10x_rcc.o(.text) for RCC_APB1PeriphResetCmd
    stm32f10x_rcc.o(.text) refers to stm32f10x_rcc.o(.data) for APBAHBPrescTable
    stm32f10x_spi.o(.text) refers to stm32f10x_rcc.o(.text) for RCC_APB2PeriphResetCmd
    stm32f10x_tim.o(.text) refers to stm32f10x_rcc.o(.text) for RCC_APB2PeriphResetCmd
    stm32f10x_usart.o(.text) refers to stm32f10x_rcc.o(.text) for RCC_APB2PeriphResetCmd
    stm32f10x_wwdg.o(.text) refers to stm32f10x_rcc.o(.text) for RCC_APB1PeriphResetCmd
    delay.o(.text) refers to misc.o(.text) for SysTick_CLKSourceConfig
    delay.o(.text) refers to system_stm32f10x.o(.data) for SystemCoreClock
    delay.o(.text) refers to delay.o(.data) for fac_us
    usart.o(.text) refers to stm32f10x_rcc.o(.text) for RCC_APB2PeriphClockCmd
    usart.o(.text) refers to stm32f10x_gpio.o(.text) for GPIO_Init
    usart.o(.text) refers to misc.o(.text) for NVIC_Init
    usart.o(.text) refers to stm32f10x_usart.o(.text) for USART_Init
    usart.o(.text) refers to usart.o(.data) for USART_RX_STA
    usart.o(.text) refers to usart.o(.bss) for USART_RX_BUF
    malloc.o(.text) refers to malloc.o(.data) for mallco_dev
    malloc.o(.data) refers to malloc.o(.text) for mem_init
    malloc.o(.data) refers to malloc.o(.bss) for membase
    myiic.o(.text) refers to stm32f10x_gpio.o(.text) for GPIO_Init
    myiic.o(.text) refers to stm32f10x_rcc.o(.text) for RCC_APB2PeriphClockCmd
    myiic.o(.text) refers to delay.o(.text) for delay_us
    pms7003m.o(.text) refers to stm32f10x_rcc.o(.text) for RCC_APB2PeriphClockCmd
[...]
    printfa.o(i.__0vfprintf) refers (Special) to iusefp.o(.text) for __I$use$fp
    printfa.o(i.__0vfprintf) refers to printfa.o(i._printf_core) for _printf_core
    printfa.o(i.__0vfprintf) refers to usart.o(.text) for fputc
    printfa.o(i.__0vprintf) refers (Special) to iusefp.o(.text) for __I$use$fp
    printfa.o(i.__0vprintf) refers to printfa.o(i._printf_core) for _printf_core
    printfa.o(i.__0vprintf) refers to usart.o(.text) for fputc
    printfa.o(i.__0vprintf) refers to usart.o(.data) for __stdout
    printfa.o(i.__0vsnprintf) refers (Special) to iusefp.o(.text) for __I$use$fp
    printfa.o(i.__0vsnprintf) refers to printfa.o(i._printf_core) for _printf_core
    printfa.o(i.__0vsnprintf) refers to printfa.o(i._snputc) for _snputc
    printfa.o(i.__0vsprintf) refers (Special) to iusefp.o(.text) for __I$use$fp
    printfa.o(i.__0vsprintf) refers to printfa.o(i._printf_core) for _printf_core
    printfa.o(i.__0vsprintf) refers to printfa.o(i._sputc) for _sputc
    printfa.o(i._fp_digits) refers (Special) to iusefp.o(.text) for __I$use$fp
    printfa.o(i._fp_digits) refers to dmul.o(.text) for __aeabi_dmul
    printfa.o(i._fp_digits) refers to ddiv.o(.text) for __aeabi_ddiv
    printfa.o(i._fp_digits) refers to cdrcmple.o(.text) for __aeabi_cdrcmple
    printfa.o(i._fp_digits) refers to dadd.o(.text) for __aeabi_dadd
    printfa.o(i._fp_digits) refers to dfixul.o(.text) for __aeabi_d2ulz
    printfa.o(i._fp_digits) refers to uldiv.o(.text) for __aeabi_uldivmod
    printfa.o(i._printf_core) refers (Special) to iusefp.o(.text) for __I$use$fp
    printfa.o(i._printf_core) refers to printfa.o(i._printf_pre_padding) for _printf_pre_padding
    printfa.o(i._printf_core) refers to uldiv.o(.text) for __aeabi_uldivmod
    printfa.o(i._printf_core) refers to printfa.o(i._printf_post_padding) for _printf_post_padding
    printfa.o(i._printf_core) refers to printfa.o(i._fp_digits) for _fp_digits
    printfa.o(i._printf_core) refers to uidiv.o(.text) for __aeabi_uidivmod
    printfa.o(i._printf_post_padding) refers (Special) to iusefp.o(.text) for __I$use$fp
    printfa.o(i._printf_pre_padding) refers (Special) to iusefp.o(.text) for __I$use$fp
    printfa.o(i._snputc) refers (Special) to iusefp.o(.text) for __I$use$fp
    printfa.o(i._sputc) refers (Special) to iusefp.o(.text) for __I$use$fp
    dadd.o(.text) refers (Special) to iusefp.o(.text) for __I$use$fp
    dadd.o(.text) refers to llshl.o(.text) for __aeabi_llsl
    dadd.o(.text) refers to llsshr.o(.text) for __aeabi_lasr
    dadd.o(.text) refers to depilogue.o(.text) for _double_epilogue
    dmul.o(.text) refers (Special) to iusefp.o(.text) for __I$use$fp
    dmul.o(.text) refers to depilogue.o(.text) for _double_epilogue
    ddiv.o(.text) refers (Special) to iusefp.o(.text) for __I$use$fp
    ddiv.o(.text) refers to depilogue.o(.text) for _double_round
    ffltui.o(.text) refers (Special) to iusefp.o(.text) for __I$use$fp
    ffltui.o(.text) refers to fepilogue.o(.text) for _float_epilogue
    ffixi.o(.text) refers (Special) to iusefp.o(.text) for __I$use$fp
    dfixi.o(.text) refers (Special) to iusefp.o(.text) for __I$use$fp
    dfixi.o(.text) refers to llushr.o(.text) for __aeabi_llsr
    f2d.o(.text) refers (Special) to iusefp.o(.text) for __I$use$fp
    d2f.o(.text) refers (Special) to iusefp.o(.text) for __I$use$fp
    d2f.o(.text) refers to fepilogue.o(.text) for _float_round
    entry2.o(.ARM.Collect$$$$00000001) refers to entry2.o(.ARM.Collect$$$$00002712) for __lit__00000000
    entry2.o(.ARM.Collect$$$$00002712) refers to startup_stm32f10x_hd.o(STACK) for __initial_sp
    entry2.o(__vectab_stack_and_reset_area) refers to startup_stm32f10x_hd.o(STACK) for __initial_sp
    entry2.o(__vectab_stack_and_reset_area) refers to entry.o(.ARM.Collect$$$$00000000) for __main
    entry5.o(.ARM.Collect$$$$00000004) refers to init.o(.text) for __scatterload
    entry9a.o(.ARM.Collect$$$$0000000B) refers to main.o(.text) for main
    entry9b.o(.ARM.Collect$$$$0000000C) refers to main.o(.text) for main
    uldiv.o(.text) refers to llushr.o(.text) for __aeabi_llsr
    uldiv.o(.text) refers to llshl.o(.text) for __aeabi_llsl
    depilogue.o(.text) refers to llshl.o(.text) for __aeabi_llsl
    depilogue.o(.text) refers to llushr.o(.text) for __aeabi_llsr
    dfixul.o(.text) refers to llushr.o(.text) for __aeabi_llsr
    dfixul.o(.text) refers to llshl.o(.text) for __aeabi_llsl
    init.o(.text) refers to entry5.o(.ARM.Collect$$$$00000004) for __main_after_scatterload


==============================================================================

Removing Unused input sections from the image.

    Removing core_cm3.o(.emb_text), (32 bytes).
    Removing startup_stm32f10x_hd.o(HEAP), (512 bytes).
    Removing stm32f10x_adc.o(.text), (1102 bytes).
    Removing stm32f10x_can.o(.text), (2544 bytes).
    Removing stm32f10x_cec.o(.text), (288 bytes).
    Removing stm32f10x_crc.o(.text), (72 bytes).
    Removing stm32f10x_dac.o(.text), (396 bytes).
    Removing stm32f10x_dbgmcu.o(.text), (48 bytes).
    Removing stm32f10x_exti.o(.text), (284 bytes).
    Removing stm32f10x_flash.o(.text), (1468 bytes).
    Removing stm32f10x_fsmc.o(.text), (1548 bytes).
    Removing stm32f10x_i2c.o(.text), (1028 bytes).
    Removing stm32f10x_iwdg.o(.text), (64 bytes).
    Removing stm32f10x_sdio.o(.text), (468 bytes).
    Removing stm32f10x_spi.o(.text), (780 bytes).
    Removing stm32f10x_wwdg.o(.text), (136 bytes).
    Removing sys.o(.emb_text), (6 bytes).
    Removing sys.o(.text), (12 bytes).
    Removing malloc.o(.constdata), (12 bytes).
    Removing sht2x.o(.constdata), (2 bytes).

20 unused section(s) (total 10802 bytes) removed from the image.

==============================================================================

Image Symbol Table

    Local Symbols

    Symbol Name                              Value     Ov Type        Size  Object(Section)

    ../clib/microlib/division.c              0x00000000   Number         0  uldiv.o ABSOLUTE
    ../clib/microlib/division.c              0x00000000   Number         0  uidiv.o ABSOLUTE
    ../clib/microlib/init/entry.s            0x00000000   Number         0  entry9b.o ABSOLUTE
    ../clib/microlib/init/entry.s            0x00000000   Number         0  entry8a.o ABSOLUTE
    ../clib/microlib/init/entry.s            0x00000000   Number         0  entry.o ABSOLUTE
    ../clib/microlib/init/entry.s            0x00000000   Number         0  entry10b.o ABSOLUTE
    ../clib/microlib/init/entry.s            0x00000000   Number         0  entry11a.o ABSOLUTE
    ../clib/microlib/init/entry.s            0x00000000   Number         0  entry8b.o ABSOLUTE
    ../clib/microlib/init/entry.s            0x00000000   Number         0  entry11b.o ABSOLUTE
    ../clib/microlib/init/entry.s            0x00000000   Number         0  entry7a.o ABSOLUTE
    ../clib/microlib/init/entry.s            0x00000000   Number         0  entry9a.o ABSOLUTE
    ../clib/microlib/init/entry.s            0x00000000   Number         0  entry10a.o ABSOLUTE
    ../clib/microlib/init/entry.s            0x00000000   Number         0  entry7b.o ABSOLUTE
    ../clib/microlib/init/entry.s            0x00000000   Number         0  entry5.o ABSOLUTE
    ../clib/microlib/init/entry.s            0x00000000   Number         0  entry2.o ABSOLUTE
    ../clib/microlib/longlong.c              0x00000000   Number         0  llsshr.o ABSOLUTE
    ../clib/microlib/longlong.c              0x00000000   Number         0  llshl.o ABSOLUTE
    ../clib/microlib/longlong.c              0x00000000   Number         0  llushr.o ABSOLUTE
    ../clib/microlib/printf/printf.c         0x00000000   Number         0  printf3.o ABSOLUTE
    ../clib/microlib/printf/printf.c         0x00000000   Number         0  printf6.o ABSOLUTE
    ../clib/microlib/printf/printf.c         0x00000000   Number         0  printf2.o ABSOLUTE
    ../clib/microlib/printf/printf.c         0x00000000   Number         0  printf1.o ABSOLUTE
    ../clib/microlib/printf/printf.c         0x00000000   Number         0  printf0.o ABSOLUTE
    ../clib/microlib/printf/printf.c         0x00000000   Number         0  printfa.o ABSOLUTE
    ../clib/microlib/printf/printf.c         0x00000000   Number         0  printf8.o ABSOLUTE
    ../clib/microlib/printf/printf.c         0x00000000   Number         0  printf7.o ABSOLUTE
    ../clib/microlib/printf/printf.c         0x00000000   Number         0  printf5.o ABSOLUTE
    ../clib/microlib/printf/printf.c         0x00000000   Number         0  printf4.o ABSOLUTE
    ../clib/microlib/printf/printf.c         0x00000000   Number         0  printfb.o ABSOLUTE
    ../clib/microlib/printf/stubs.s          0x00000000   Number         0  stubs.o ABSOLUTE
    ../clib/microlib/string/strlen.c         0x00000000   Number         0  strlen.o ABSOLUTE
    ../clib/microlib/string/strstr.c         0x00000000   Number         0  strstr.o ABSOLUTE
    ../clib/microlib/stubs.s                 0x00000000   Number         0  iusefp.o ABSOLUTE
    ../clib/microlib/stubs.s                 0x00000000   Number         0  useno.o ABSOLUTE
    ../fplib/microlib/d2f.c                  0x00000000   Number         0  d2f.o ABSOLUTE
    ../fplib/microlib/f2d.c                  0x00000000   Number         0  f2d.o ABSOLUTE
    ../fplib/microlib/fpadd.c                0x00000000   Number         0  dadd.o ABSOLUTE
    ../fplib/microlib/fpdiv.c                0x00000000   Number         0  ddiv.o ABSOLUTE
    ../fplib/microlib/fpepilogue.c           0x00000000   Number         0  depilogue.o ABSOLUTE
    ../fplib/microlib/fpepilogue.c           0x00000000   Number         0  fepilogue.o ABSOLUTE
    ../fplib/microlib/fpfix.c                0x00000000   Number         0  dfixul.o ABSOLUTE
    ../fplib/microlib/fpfix.c                0x00000000   Number         0  dfixi.o ABSOLUTE
    ../fplib/microlib/fpfix.c                0x00000000   Number         0  ffixi.o ABSOLUTE
    ../fplib/microlib/fpflt.c                0x00000000   Number         0  ffltui.o ABSOLUTE
    ../fplib/microlib/fpmul.c                0x00000000   Number         0  dmul.o ABSOLUTE
    ..\CORE\core_cm3.c                       0x00000000   Number         0  core_cm3.o ABSOLUTE
    ..\CORE\startup_stm32f10x_hd.s           0x00000000   Number         0  startup_stm32f10x_hd.o ABSOLUTE
    ..\HARDWARE\24CXX\24cxx.c                0x00000000   Number         0  24cxx.o ABSOLUTE
    ..\HARDWARE\ESP8266\esp8266.c            0x00000000   Number         0  esp8266.o ABSOLUTE
    ..\HARDWARE\HMI\tjc3224t024_11.c         0x00000000   Number         0  tjc3224t024_11.o ABSOLUTE
    ..\HARDWARE\IIC\myiic.c                  0x00000000   Number         0  myiic.o ABSOLUTE
    ..\HARDWARE\LED\led.c                    0x00000000   Number         0  led.o ABSOLUTE
    ..\HARDWARE\PMS7003M\pms7003m.c          0x00000000   Number         0  pms7003m.o ABSOLUTE
    ..\HARDWARE\RTC\rtc.c                    0x00000000   Number         0  rtc.o ABSOLUTE
    ..\HARDWARE\S8\s8_co2.c                  0x00000000   Number         0  s8_co2.o ABSOLUTE
    ..\HARDWARE\SHT2X\sht2x.c                0x00000000   Number         0  sht2x.o ABSOLUTE
    ..\MALLOC\malloc.c                       0x00000000   Number         0  malloc.o ABSOLUTE
    ..\STM32F10x_FWLib\src\misc.c            0x00000000   Number         0  misc.o ABSOLUTE
    ..\STM32F10x_FWLib\src\stm32f10x_adc.c   0x00000000   Number         0  stm32f10x_adc.o ABSOLUTE
    ..\STM32F10x_FWLib\src\stm32f10x_bkp.c   0x00000000   Number         0  stm32f10x_bkp.o ABSOLUTE
    ..\STM32F10x_FWLib\src\stm32f10x_can.c   0x00000000   Number         0  stm32f10x_can.o ABSOLUTE
    ..\STM32F10x_FWLib\src\stm32f10x_cec.c   0x00000000   Number         0  stm32f10x_cec.o ABSOLUTE
    ..\STM32F10x_FWLib\src\stm32f10x_crc.c   0x00000000   Number         0  stm32f10x_crc.o ABSOLUTE
    ..\STM32F10x_FWLib\src\stm32f10x_dac.c   0x00000000   Number         0  stm32f10x_dac.o ABSOLUTE
    ..\STM32F10x_FWLib\src\stm32f10x_dbgmcu.c 0x00000000   Number         0  stm32f10x_dbgmcu.o ABSOLUTE
    ..\STM32F10x_FWLib\src\stm32f10x_dma.c   0x00000000   Number         0  stm32f10x_dma.o ABSOLUTE
    ..\STM32F10x_FWLib\src\stm32f10x_exti.c  0x00000000   Number         0  stm32f10x_exti.o ABSOLUTE
    ..\STM32F10x_FWLib\src\stm32f10x_flash.c 0x00000000   Number         0  stm32f10x_flash.o ABSOLUTE
    ..\STM32F10x_FWLib\src\stm32f10x_fsmc.c  0x00000000   Number         0  stm32f10x_fsmc.o ABSOLUTE
    ..\STM32F10x_FWLib\src\stm32f10x_gpio.c  0x00000000   Number         0  stm32f10x_gpio.o ABSOLUTE
    ..\STM32F10x_FWLib\src\stm32f10x_i2c.c   0x00000000   Number         0  stm32f10x_i2c.o ABSOLUTE
    ..\STM32F10x_FWLib\src\stm32f10x_iwdg.c  0x00000000   Number         0  stm32f10x_iwdg.o ABSOLUTE
    ..\STM32F10x_FWLib\src\stm32f10x_pwr.c   0x00000000   Number         0  stm32f10x_pwr.o ABSOLUTE
    ..\STM32F10x_FWLib\src\stm32f10x_rcc.c   0x00000000   Number         0  stm32f10x_rcc.o ABSOLUTE
    ..\STM32F10x_FWLib\src\stm32f10x_rtc.c   0x00000000   Number         0  stm32f10x_rtc.o ABSOLUTE
    ..\STM32F10x_FWLib\src\stm32f10x_sdio.c  0x00000000   Number         0  stm32f10x_sdio.o ABSOLUTE
    ..\STM32F10x_FWLib\src\stm32f10x_spi.c   0x00000000   Number         0  stm32f10x_spi.o ABSOLUTE
    ..\STM32F10x_FWLib\src\stm32f10x_tim.c   0x00000000   Number         0  stm32f10x_tim.o ABSOLUTE
    ..\STM32F10x_FWLib\src\stm32f10x_usart.c 0x00000000   Number         0  stm32f10x_usart.o ABSOLUTE
    ..\STM32F10x_FWLib\src\stm32f10x_wwdg.c  0x00000000   Number         0  stm32f10x_wwdg.o ABSOLUTE
    ..\SYSTEM\delay\delay.c                  0x00000000   Number         0  delay.o ABSOLUTE
    ..\SYSTEM\sys\sys.c                      0x00000000   Number         0  sys.o ABSOLUTE
    ..\SYSTEM\usart\usart.c                  0x00000000   Number         0  usart.o ABSOLUTE
    ..\\CORE\\core_cm3.c                     0x00000000   Number         0  core_cm3.o ABSOLUTE
    ..\\SYSTEM\\sys\\sys.c                   0x00000000   Number         0  sys.o ABSOLUTE
    cdrcmple.s                               0x00000000   Number         0  cdrcmple.o ABSOLUTE
    dc.s                                     0x00000000   Number         0  dc.o ABSOLUTE
    handlers.s                               0x00000000   Number         0  handlers.o ABSOLUTE
    init.s                                   0x00000000   Number         0  init.o ABSOLUTE
    main.c                                   0x00000000   Number         0  main.o ABSOLUTE
    stm32f10x_it.c                           0x00000000   Number         0  stm32f10x_it.o ABSOLUTE
    system_stm32f10x.c                       0x00000000   Number         0  system_stm32f10x.o ABSOLUTE
    RESET                                    0x08000000   Section      304  startup_stm32f10x_hd.o(RESET)
    .ARM.Collect$$$$00000000                 0x08000130   Section        0  entry.o(.ARM.Collect$$$$00000000)
    .ARM.Collect$$$$00000001                 0x08000130   Section        4  entry2.o(.ARM.Collect$$$$00000001)
    .ARM.Collect$$$$00000004                 0x08000134   Section        4  entry5.o(.ARM.Collect$$$$00000004)
    .ARM.Collect$$$$00000008                 0x08000138   Section        0  entry7b.o(.ARM.Collect$$$$00000008)
    .ARM.Collect$$$$0000000A                 0x08000138   Section        0  entry8b.o(.ARM.Collect$$$$0000000A)
    .ARM.Collect$$$$0000000B                 0x08000138   Section        8  entry9a.o(.ARM.Collect$$$$0000000B)
    .ARM.Collect$$$$0000000D                 0x08000140   Section        0  entry10a.o(.ARM.Collect$$$$0000000D)
    .ARM.Collect$$$$0000000F                 0x08000140   Section        0  entry11a.o(.ARM.Collect$$$$0000000F)
    .ARM.Collect$$$$00002712                 0x08000140   Section        4  entry2.o(.ARM.Collect$$$$00002712)
    __lit__00000000                          0x08000140   Data           4  entry2.o(.ARM.Collect$$$$00002712)
    .text                                    0x08000144   Section        0  main.o(.text)
    .text                                    0x080023ec   Section        0  stm32f10x_it.o(.text)
    .text                                    0x08002408   Section        0  system_stm32f10x.o(.text)
    SetSysClockTo72                          0x08002409   Thumb Code   214  system_stm32f10x.o(.text)
    SetSysClock                              0x080024df   Thumb Code     8  system_stm32f10x.o(.text)
    .text                                    0x080025e8   Section       36  startup_stm32f10x_hd.o(.text)
    .text                                    0x0800260c   Section        0  misc.o(.text)
    .text                                    0x080026e8   Section        0  stm32f10x_bkp.o(.text)
    .text                                    0x080027ac   Section        0  stm32f10x_dma.o(.text)
    .text                                    0x08002a00   Section        0  stm32f10x_gpio.o(.text)
    .text                                    0x08002d5c   Section        0  stm32f10x_pwr.o(.text)
    .text                                    0x08002e28   Section        0  stm32f10x_rcc.o(.text)
    .text                                    0x080031cc   Section        0  stm32f10x_rtc.o(.text)
    .text                                    0x08003314   Section        0  stm32f10x_tim.o(.text)
    TI4_Config                               0x080037bb   Thumb Code   130  stm32f10x_tim.o(.text)
    TI3_Config                               0x0800384f   Thumb Code   122  stm32f10x_tim.o(.text)
    TI2_Config                               0x080038e3   Thumb Code   130  stm32f10x_tim.o(.text)
    TI1_Config                               0x08003977   Thumb Code   108  stm32f10x_tim.o(.text)
    .text                                    0x08004130   Section        0  stm32f10x_usart.o(.text)
    .text                                    0x08004538   Section        0  delay.o(.text)
    .text                                    0x0800460c   Section        0  usart.o(.text)
    .text                                    0x0800474c   Section        0  malloc.o(.text)
    .text                                    0x080048ec   Section        0  myiic.o(.text)
    .text                                    0x08004b00   Section        0  pms7003m.o(.text)
    .text                                    0x08004f74   Section        0  tjc3224t024_11.o(.text)
    .text                                    0x080050f4   Section        0  rtc.o(.text)
    RTC_NVIC_Config                          0x080050f5   Thumb Code    32  rtc.o(.text)
    .text                                    0x0800545c   Section        0  esp8266.o(.text)
    .text                                    0x08005cc4   Section        0  24cxx.o(.text)
    .text                                    0x08005e28   Section        0  s8_co2.o(.text)
    .text                                    0x080060f4   Section        0  sht2x.o(.text)
    .text                                    0x0800666c   Section        0  led.o(.text)
    .text                                    0x080066a0   Section        0  strstr.o(.text)
    .text                                    0x080066c4   Section        0  strlen.o(.text)
    .text                                    0x080066d2   Section        0  dadd.o(.text)
    .text                                    0x08006820   Section        0  dmul.o(.text)
    .text                                    0x08006904   Section        0  ddiv.o(.text)
    .text                                    0x080069e2   Section        0  ffltui.o(.text)
    .text                                    0x080069ec   Section        0  ffixi.o(.text)
    .text                                    0x08006a1e   Section        0  dfixi.o(.text)
    .text                                    0x08006a5c   Section        0  f2d.o(.text)
    .text                                    0x08006a82   Section        0  d2f.o(.text)
    .text                                    0x08006aba   Section        0  uidiv.o(.text)
    .text                                    0x08006ae6   Section        0  uldiv.o(.text)
    .text                                    0x08006b48   Section        0  llshl.o(.text)
    .text                                    0x08006b66   Section        0  llushr.o(.text)
    .text                                    0x08006b86   Section        0  llsshr.o(.text)
    .text                                    0x08006baa   Section        0  fepilogue.o(.text)
    .text                                    0x08006baa   Section        0  iusefp.o(.text)
    .text                                    0x08006c18   Section        0  depilogue.o(.text)
    .text                                    0x08006cd2   Section        0  dfixul.o(.text)
    .text                                    0x08006d04   Section       48  cdrcmple.o(.text)
    .text                                    0x08006d34   Section       36  init.o(.text)
    i.__0printf                              0x08006d58   Section        0  printfa.o(i.__0printf)
    i.__0sprintf                             0x08006d78   Section        0  printfa.o(i.__0sprintf)
    i.__0vsprintf                            0x08006da0   Section        0  printfa.o(i.__0vsprintf)
    i.__scatterload_copy                     0x08006dc4   Section       14  handlers.o(i.__scatterload_copy)
    i.__scatterload_null                     0x08006dd2   Section        2  handlers.o(i.__scatterload_null)
    i.__scatterload_zeroinit                 0x08006dd4   Section       14  handlers.o(i.__scatterload_zeroinit)
    i._fp_digits                             0x08006de4   Section        0  printfa.o(i._fp_digits)
    _fp_digits                               0x08006de5   Thumb Code   366  printfa.o(i._fp_digits)
    i._printf_core                           0x08006f68   Section        0  printfa.o(i._printf_core)
    _printf_core                             0x08006f69   Thumb Code  1744  printfa.o(i._printf_core)
    i._printf_post_padding                   0x08007644   Section        0  printfa.o(i._printf_post_padding)
    _printf_post_padding                     0x08007645   Thumb Code    36  printfa.o(i._printf_post_padding)
    i._printf_pre_padding                    0x08007668   Section        0  printfa.o(i._printf_pre_padding)
    _printf_pre_padding                      0x08007669   Thumb Code    46  printfa.o(i._printf_pre_padding)
    i._sputc                                 0x08007696   Section        0  printfa.o(i._sputc)
    _sputc                                   0x08007697   Thumb Code    10  printfa.o(i._sputc)
    .constdata                               0x080076a0   Section       24  rtc.o(.constdata)
    .data                                    0x20000000   Section        3  main.o(.data)
    .data                                    0x20000004   Section       20  system_stm32f10x.o(.data)
    .data                                    0x20000018   Section       20  stm32f10x_rcc.o(.data)
    APBAHBPrescTable                         0x20000018   Data          16  stm32f10x_rcc.o(.data)
    ADCPrescTable                            0x20000028   Data           4  stm32f10x_rcc.o(.data)
    .data                                    0x2000002c   Section        4  delay.o(.data)
    fac_us                                   0x2000002c   Data           1  delay.o(.data)
    fac_ms                                   0x2000002e   Data           2  delay.o(.data)
    .data                                    0x20000030   Section        6  usart.o(.data)
    .data                                    0x20000038   Section       20  malloc.o(.data)
    .data                                    0x2000004c   Section       38  pms7003m.o(.data)
    .data                                    0x20000072   Section        4  tjc3224t024_11.o(.data)
    .data                                    0x20000076   Section        2  rtc.o(.data)
    daycnt                                   0x20000076   Data           2  rtc.o(.data)
    .data                                    0x20000078   Section        4  esp8266.o(.data)
    .data                                    0x2000007c   Section       13  s8_co2.o(.data)
    .bss                                     0x2000008c   Section      200  usart.o(.bss)
    .bss                                     0x20000154   Section    45696  malloc.o(.bss)
    .bss                                     0x2000b3d4   Section       96  pms7003m.o(.bss)
    .bss                                     0x2000b434   Section       64  tjc3224t024_11.o(.bss)
    .bss                                     0x2000b474   Section       10  rtc.o(.bss)
    .bss                                     0x2000b480   Section      624  esp8266.o(.bss)
    .bss                                     0x2000b6f0   Section       76  s8_co2.o(.bss)
    STACK                                    0x2000b740   Section     1024  startup_stm32f10x_hd.o(STACK)

    Global Symbols

    Symbol Name                              Value     Ov Type        Size  Object(Section)

    BuildAttributes$$THM_ISAv4$P$D$K$B$S$PE$A:L22UL41UL21$X:L11$S22US41US21$IEEE1$IW$USESV6$~STKCKD$USESV7$~SHL$OTIME$ROPI$EBA8$MICROLIB$REQ8$PRES8$EABIv2 0x00000000   Number         0  anon$$obj.o ABSOLUTE
    __ARM_use_no_argv                        0x00000000   Number         0  main.o ABSOLUTE
    __use_no_errno                           0x00000000   Number         0  useno.o ABSOLUTE
    __use_no_exception_handling              0x00000000   Number         0  useno.o ABSOLUTE
    __use_no_fp                              0x00000000   Number         0  useno.o ABSOLUTE
    __use_no_heap                            0x00000000   Number         0  useno.o ABSOLUTE
    __use_no_heap_region                     0x00000000   Number         0  useno.o ABSOLUTE
    __use_no_semihosting                     0x00000000   Number         0  useno.o ABSOLUTE
    __use_no_semihosting_swi                 0x00000000   Number         0  useno.o ABSOLUTE
    __use_no_signal_handling                 0x00000000   Number         0  useno.o ABSOLUTE
    _printf_a                                0x00000000   Number         0  stubs.o ABSOLUTE
    _printf_c                                0x00000000   Number         0  stubs.o ABSOLUTE
    _printf_charcount                        0x00000000   Number         0  stubs.o ABSOLUTE
    _printf_d                                0x00000000   Number         0  stubs.o ABSOLUTE
    _printf_e                                0x00000000   Number         0  stubs.o ABSOLUTE
    _printf_f                                0x00000000   Number         0  stubs.o ABSOLUTE
    _printf_flags                            0x00000000   Number         0  stubs.o ABSOLUTE
    _printf_fp_dec                           0x00000000   Number         0  stubs.o ABSOLUTE
    _printf_fp_hex                           0x00000000   Number         0  stubs.o ABSOLUTE
    _printf_g                                0x00000000   Number         0  stubs.o ABSOLUTE
    _printf_i                                0x00000000   Number         0  stubs.o ABSOLUTE
    _printf_int_dec                          0x00000000   Number         0  stubs.o ABSOLUTE
    _printf_l                                0x00000000   Number         0  stubs.o ABSOLUTE
    _printf_lc                               0x00000000   Number         0  stubs.o ABSOLUTE
    _printf_ll                               0x00000000   Number         0  stubs.o ABSOLUTE
    _printf_lld                              0x00000000   Number         0  stubs.o ABSOLUTE
    _printf_lli                              0x00000000   Number         0  stubs.o ABSOLUTE
    _printf_llo                              0x00000000   Number         0  stubs.o ABSOLUTE
    _printf_llu                              0x00000000   Number         0  stubs.o ABSOLUTE
    _printf_llx                              0x00000000   Number         0  stubs.o ABSOLUTE
    _printf_longlong_dec                     0x00000000   Number         0  stubs.o ABSOLUTE
    _printf_longlong_hex                     0x00000000   Number         0  stubs.o ABSOLUTE
    _printf_longlong_oct                     0x00000000   Number         0  stubs.o ABSOLUTE
    _printf_ls                               0x00000000   Number         0  stubs.o ABSOLUTE
    _printf_mbtowc                           0x00000000   Number         0  stubs.o ABSOLUTE
    _printf_n                                0x00000000   Number         0  stubs.o ABSOLUTE
    _printf_o                                0x00000000   Number         0  stubs.o ABSOLUTE
    _printf_p                                0x00000000   Number         0  stubs.o ABSOLUTE
    _printf_percent                          0x00000000   Number         0  stubs.o ABSOLUTE
    _printf_pre_padding                      0x00000000   Number         0  stubs.o ABSOLUTE
    _printf_return_value                     0x00000000   Number         0  stubs.o ABSOLUTE
    _printf_s                                0x00000000   Number         0  stubs.o ABSOLUTE
    _printf_sizespec                         0x00000000   Number         0  stubs.o ABSOLUTE
    _printf_str                              0x00000000   Number         0  stubs.o ABSOLUTE
    _printf_truncate_signed                  0x00000000   Number         0  stubs.o ABSOLUTE
    _printf_truncate_unsigned                0x00000000   Number         0  stubs.o ABSOLUTE
    _printf_u                                0x00000000   Number         0  stubs.o ABSOLUTE
    _printf_wc                               0x00000000   Number         0  stubs.o ABSOLUTE
    _printf_wctomb                           0x00000000   Number         0  stubs.o ABSOLUTE
    _printf_widthprec                        0x00000000   Number         0  stubs.o ABSOLUTE
    _printf_x                                0x00000000   Number         0  stubs.o ABSOLUTE
    __cpp_initialize__aeabi_                  - Undefined Weak Reference
    __cxa_finalize                            - Undefined Weak Reference
    __decompress                              - Undefined Weak Reference
    _clock_init                               - Undefined Weak Reference
    _microlib_exit                            - Undefined Weak Reference
    __Vectors_Size                           0x00000130   Number         0  startup_stm32f10x_hd.o ABSOLUTE
    __Vectors                                0x08000000   Data           4  startup_stm32f10x_hd.o(RESET)
    __Vectors_End                            0x08000130   Data           0  startup_stm32f10x_hd.o(RESET)
    __main                                   0x08000131   Thumb Code     0  entry.o(.ARM.Collect$$$$00000000)
    _main_stk                                0x08000131   Thumb Code     0  entry2.o(.ARM.Collect$$$$00000001)
    _main_scatterload                        0x08000135   Thumb Code     0  entry5.o(.ARM.Collect$$$$00000004)
    __main_after_scatterload                 0x08000139   Thumb Code     0  entry5.o(.ARM.Collect$$$$00000004)
    _main_clock                              0x08000139   Thumb Code     0  entry7b.o(.ARM.Collect$$$$00000008)
    _main_cpp_init                           0x08000139   Thumb Code     0  entry8b.o(.ARM.Collect$$$$0000000A)
    _main_init                               0x08000139   Thumb Code     0  entry9a.o(.ARM.Collect$$$$0000000B)
    __rt_final_cpp                           0x08000141   Thumb Code     0  entry10a.o(.ARM.Collect$$$$0000000D)
    __rt_final_exit                          0x08000141   Thumb Code     0  entry11a.o(.ARM.Collect$$$$0000000F)
    LoadDefaultParam                         0x08000145   Thumb Code    80  main.o(.text)
    SaveParamToEEPROM                        0x08000195   Thumb Code   104  main.o(.text)
    LoadParamFromEEPROM                      0x080001fd   Thumb Code   104  main.o(.text)
    ESP8266_send_ap                          0x08000265   Thumb Code    58  main.o(.text)
    ESP8266_send_sta                         0x0800029f   Thumb Code    58  main.o(.text)
    ESP8266_send_apsta                       0x080002d9   Thumb Code    58  main.o(.text)
    SetTime                                  0x08000313   Thumb Code    50  main.o(.text)
    main                                     0x08000345   Thumb Code  6868  main.o(.text)
    ESP8266_wifiapsta                        0x08001e19   Thumb Code   784  main.o(.text)
    ESP8266_wifiap                           0x08002129   Thumb Code   244  main.o(.text)
    ESP8266_wifista                          0x0800221d   Thumb Code   200  main.o(.text)
    NMI_Handler                              0x080023ed   Thumb Code     2  stm32f10x_it.o(.text)
    HardFault_Handler                        0x080023ef   Thumb Code     4  stm32f10x_it.o(.text)
    MemManage_Handler                        0x080023f3   Thumb Code     4  stm32f10x_it.o(.text)
    BusFault_Handler                         0x080023f7   Thumb Code     4  stm32f10x_it.o(.text)
    UsageFault_Handler                       0x080023fb   Thumb Code     4  stm32f10x_it.o(.text)
    SVC_Handler                              0x080023ff   Thumb Code     2  stm32f10x_it.o(.text)
    DebugMon_Handler                         0x08002401   Thumb Code     2  stm32f10x_it.o(.text)
    PendSV_Handler                           0x08002403   Thumb Code     2  stm32f10x_it.o(.text)
    SysTick_Handler                          0x08002405   Thumb Code     2  stm32f10x_it.o(.text)
    SystemInit                               0x080024e7   Thumb Code    78  system_stm32f10x.o(.text)
    SystemCoreClockUpdate                    0x08002535   Thumb Code   142  system_stm32f10x.o(.text)
    Reset_Handler                            0x080025e9   Thumb Code     8  startup_stm32f10x_hd.o(.text)
    ADC1_2_IRQHandler                        0x08002603   Thumb Code     0  startup_stm32f10x_hd.o(.text)
    ADC3_IRQHandler                          0x08002603   Thumb Code     0  startup_stm32f10x_hd.o(.text)
    CAN1_RX1_IRQHandler                      0x08002603   Thumb Code     0  startup_stm32f10x_hd.o(.text)
    CAN1_SCE_IRQHandler                      0x08002603   Thumb Code     0  startup_stm32f10x_hd.o(.text)
    DMA1_Channel1_IRQHandler                 0x08002603   Thumb Code     0  startup_stm32f10x_hd.o(.text)
    DMA1_Channel2_IRQHandler                 0x08002603   Thumb Code     0  startup_stm32f10x_hd.o(.text)
    DMA1_Channel3_IRQHandler                 0x08002603   Thumb Code     0  startup_stm32f10x_hd.o(.text)
    DMA1_Channel4_IRQHandler                 0x08002603   Thumb Code     0  startup_stm32f10x_hd.o(.text)
    DMA1_Channel5_IRQHandler                 0x08002603   Thumb Code     0  startup_stm32f10x_hd.o(.text)
    DMA1_Channel6_IRQHandler                 0x08002603   Thumb Code     0  startup_stm32f10x_hd.o(.text)
    DMA1_Channel7_IRQHandler                 0x08002603   Thumb Code     0  startup_stm32f10x_hd.o(.text)
    DMA2_Channel1_IRQHandler                 0x08002603   Thumb Code     0  startup_stm32f10x_hd.o(.text)
    DMA2_Channel2_IRQHandler                 0x08002603   Thumb Code     0  startup_stm32f10x_hd.o(.text)
    DMA2_Channel3_IRQHandler                 0x08002603   Thumb Code     0  startup_stm32f10x_hd.o(.text)
    DMA2_Channel4_5_IRQHandler               0x08002603   Thumb Code     0  startup_stm32f10x_hd.o(.text)
    EXTI0_IRQHandler                         0x08002603   Thumb Code     0  startup_stm32f10x_hd.o(.text)
    EXTI15_10_IRQHandler                     0x08002603   Thumb Code     0  startup_stm32f10x_hd.o(.text)
    EXTI1_IRQHandler                         0x08002603   Thumb Code     0  startup_stm32f10x_hd.o(.text)
    EXTI2_IRQHandler                         0x08002603   Thumb Code     0  startup_stm32f10x_hd.o(.text)
    EXTI3_IRQHandler                         0x08002603   Thumb Code     0  startup_stm32f10x_hd.o(.text)
    EXTI4_IRQHandler                         0x08002603   Thumb Code     0  startup_stm32f10x_hd.o(.text)
    EXTI9_5_IRQHandler                       0x08002603   Thumb Code     0  startup_stm32f10x_hd.o(.text)
    FLASH_IRQHandler                         0x08002603   Thumb Code     0  startup_stm32f10x_hd.o(.text)
    FSMC_IRQHandler                          0x08002603   Thumb Code     0  startup_stm32f10x_hd.o(.text)
    I2C1_ER_IRQHandler                       0x08002603   Thumb Code     0  startup_stm32f10x_hd.o(.text)
    I2C1_EV_IRQHandler                       0x08002603   Thumb Code     0  startup_stm32f10x_hd.o(.text)
    I2C2_ER_IRQHandler                       0x08002603   Thumb Code     0  startup_stm32f10x_hd.o(.text)
    I2C2_EV_IRQHandler                       0x08002603   Thumb Code     0  startup_stm32f10x_hd.o(.text)
    PVD_IRQHandler                           0x08002603   Thumb Code     0  startup_stm32f10x_hd.o(.text)
    RCC_IRQHandler                           0x08002603   Thumb Code     0  startup_stm32f10x_hd.o(.text)
    RTCAlarm_IRQHandler                      0x08002603   Thumb Code     0  startup_stm32f10x_hd.o(.text)
    SDIO_IRQHandler                          0x08002603   Thumb Code     0  startup_stm32f10x_hd.o(.text)
    SPI1_IRQHandler                          0x08002603   Thumb Code     0  startup_stm32f10x_hd.o(.text)
    SPI2_IRQHandler                          0x08002603   Thumb Code     0  startup_stm32f10x_hd.o(.text)
    SPI3_IRQHandler                          0x08002603   Thumb Code     0  startup_stm32f10x_hd.o(.text)
    TAMPER_IRQHandler                        0x08002603   Thumb Code     0  startup_stm32f10x_hd.o(.text)
    TIM1_BRK_IRQHandler                      0x08002603   Thumb Code     0  startup_stm32f10x_hd.o(.text)
    TIM1_CC_IRQHandler                       0x08002603   Thumb Code     0  startup_stm32f10x_hd.o(.text)
    TIM1_TRG_COM_IRQHandler                  0x08002603   Thumb Code     0  startup_stm32f10x_hd.o(.text)
    TIM1_UP_IRQHandler                       0x08002603   Thumb Code     0  startup_stm32f10x_hd.o(.text)
    TIM2_IRQHandler                          0x08002603   Thumb Code     0  startup_stm32f10x_hd.o(.text)
    TIM5_IRQHandler                          0x08002603   Thumb Code     0  startup_stm32f10x_hd.o(.text)
    TIM6_IRQHandler                          0x08002603   Thumb Code     0  startup_stm32f10x_hd.o(.text)
    TIM7_IRQHandler                          0x08002603   Thumb Code     0  startup_stm32f10x_hd.o(.text)
    TIM8_BRK_IRQHandler                      0x08002603   Thumb Code     0  startup_stm32f10x_hd.o(.text)
    TIM8_CC_IRQHandler                       0x08002603   Thumb Code     0  startup_stm32f10x_hd.o(.text)
    TIM8_TRG_COM_IRQHandler                  0x08002603   Thumb Code     0  startup_stm32f10x_hd.o(.text)
    TIM8_UP_IRQHandler                       0x08002603   Thumb Code     0  startup_stm32f10x_hd.o(.text)
    USBWakeUp_IRQHandler                     0x08002603   Thumb Code     0  startup_stm32f10x_hd.o(.text)
    USB_HP_CAN1_TX_IRQHandler                0x08002603   Thumb Code     0  startup_stm32f10x_hd.o(.text)
    USB_LP_CAN1_RX0_IRQHandler               0x08002603   Thumb Code     0  startup_stm32f10x_hd.o(.text)
    WWDG_IRQHandler                          0x08002603   Thumb Code     0  startup_stm32f10x_hd.o(.text)
    NVIC_PriorityGroupConfig                 0x0800260d   Thumb Code    10  misc.o(.text)
    NVIC_Init                                0x08002617   Thumb Code   100  misc.o(.text)
    NVIC_SetVectorTable                      0x0800267b   Thumb Code    14  misc.o(.text)
    NVIC_SystemLPConfig                      0x08002689   Thumb Code    34  misc.o(.text)
    SysTick_CLKSourceConfig                  0x080026ab   Thumb Code    40  misc.o(.text)
    BKP_DeInit                               0x080026e9   Thumb Code    16  stm32f10x_bkp.o(.text)
    BKP_TamperPinLevelConfig                 0x080026f9   Thumb Code     6  stm32f10x_bkp.o(.text)
    BKP_TamperPinCmd                         0x080026ff   Thumb Code     8  stm32f10x_bkp.o(.text)
    BKP_ITConfig                             0x08002707   Thumb Code     8  stm32f10x_bkp.o(.text)
    BKP_RTCOutputConfig                      0x0800270f   Thumb Code    22  stm32f10x_bkp.o(.text)
    BKP_SetRTCCalibrationValue               0x08002725   Thumb Code    22  stm32f10x_bkp.o(.text)
    BKP_WriteBackupRegister                  0x0800273b   Thumb Code    24  stm32f10x_bkp.o(.text)
    BKP_ReadBackupRegister                   0x08002753   Thumb Code    26  stm32f10x_bkp.o(.text)
    BKP_GetFlagStatus                        0x0800276d   Thumb Code    10  stm32f10x_bkp.o(.text)
    BKP_ClearFlag                            0x08002777   Thumb Code    18  stm32f10x_bkp.o(.text)
    BKP_GetITStatus                          0x08002789   Thumb Code    10  stm32f10x_bkp.o(.text)
    BKP_ClearITPendingBit                    0x08002793   Thumb Code    18  stm32f10x_bkp.o(.text)
    DMA_DeInit                               0x080027ad   Thumb Code   324  stm32f10x_dma.o(.text)
    DMA_Init                                 0x080028f1   Thumb Code    60  stm32f10x_dma.o(.text)
    DMA_StructInit                           0x0800292d   Thumb Code    26  stm32f10x_dma.o(.text)
    DMA_Cmd                                  0x08002947   Thumb Code    24  stm32f10x_dma.o(.text)
    DMA_ITConfig                             0x0800295f   Thumb Code    18  stm32f10x_dma.o(.text)
    DMA_SetCurrDataCounter                   0x08002971   Thumb Code     4  stm32f10x_dma.o(.text)
    DMA_GetCurrDataCounter                   0x08002975   Thumb Code     8  stm32f10x_dma.o(.text)
    DMA_GetFlagStatus                        0x0800297d   Thumb Code    40  stm32f10x_dma.o(.text)
    DMA_ClearFlag                            0x080029a5   Thumb Code    22  stm32f10x_dma.o(.text)
    DMA_GetITStatus                          0x080029bb   Thumb Code    40  stm32f10x_dma.o(.text)
    DMA_ClearITPendingBit                    0x080029e3   Thumb Code    22  stm32f10x_dma.o(.text)
    GPIO_DeInit                              0x08002a01   Thumb Code   172  stm32f10x_gpio.o(.text)
    GPIO_AFIODeInit                          0x08002aad   Thumb Code    20  stm32f10x_gpio.o(.text)
    GPIO_Init                                0x08002ac1   Thumb Code   278  stm32f10x_gpio.o(.text)
    GPIO_StructInit                          0x08002bd7   Thumb Code    16  stm32f10x_gpio.o(.text)
    GPIO_ReadInputDataBit                    0x08002be7   Thumb Code    18  stm32f10x_gpio.o(.text)
    GPIO_ReadInputData                       0x08002bf9   Thumb Code     8  stm32f10x_gpio.o(.text)
    GPIO_ReadOutputDataBit                   0x08002c01   Thumb Code    18  stm32f10x_gpio.o(.text)
    GPIO_ReadOutputData                      0x08002c13   Thumb Code     8  stm32f10x_gpio.o(.text)
    GPIO_SetBits                             0x08002c1b   Thumb Code     4  stm32f10x_gpio.o(.text)
    GPIO_ResetBits                           0x08002c1f   Thumb Code     4  stm32f10x_gpio.o(.text)
    GPIO_WriteBit                            0x08002c23   Thumb Code    10  stm32f10x_gpio.o(.text)
    GPIO_Write                               0x08002c2d   Thumb Code     4  stm32f10x_gpio.o(.text)
    GPIO_PinLockConfig                       0x08002c31   Thumb Code    18  stm32f10x_gpio.o(.text)
    GPIO_EventOutputConfig                   0x08002c43   Thumb Code    26  stm32f10x_gpio.o(.text)
    GPIO_EventOutputCmd                      0x08002c5d   Thumb Code     6  stm32f10x_gpio.o(.text)
    GPIO_PinRemapConfig                      0x08002c63   Thumb Code   138  stm32f10x_gpio.o(.text)
    GPIO_EXTILineConfig                      0x08002ced   Thumb Code    66  stm32f10x_gpio.o(.text)
    GPIO_ETH_MediaInterfaceConfig            0x08002d2f   Thumb Code     8  stm32f10x_gpio.o(.text)
    PWR_DeInit                               0x08002d5d   Thumb Code    22  stm32f10x_pwr.o(.text)
    PWR_BackupAccessCmd                      0x08002d73   Thumb Code     6  stm32f10x_pwr.o(.text)
    PWR_PVDCmd                               0x08002d79   Thumb Code     6  stm32f10x_pwr.o(.text)
    PWR_PVDLevelConfig                       0x08002d7f   Thumb Code    18  stm32f10x_pwr.o(.text)
    PWR_WakeUpPinCmd                         0x08002d91   Thumb Code     8  stm32f10x_pwr.o(.text)
    PWR_EnterSTOPMode                        0x08002d99   Thumb Code    54  stm32f10x_pwr.o(.text)
    PWR_EnterSTANDBYMode                     0x08002dcf   Thumb Code    42  stm32f10x_pwr.o(.text)
    PWR_GetFlagStatus                        0x08002df9   Thumb Code    20  stm32f10x_pwr.o(.text)
    PWR_ClearFlag                            0x08002e0d   Thumb Code    14  stm32f10x_pwr.o(.text)
    RCC_DeInit                               0x08002e29   Thumb Code    64  stm32f10x_rcc.o(.text)
    RCC_HSEConfig                            0x08002e69   Thumb Code    70  stm32f10x_rcc.o(.text)
    RCC_GetFlagStatus                        0x08002eaf   Thumb Code    56  stm32f10x_rcc.o(.text)
    RCC_WaitForHSEStartUp                    0x08002ee7   Thumb Code    56  stm32f10x_rcc.o(.text)
    RCC_AdjustHSICalibrationValue            0x08002f1f   Thumb Code    20  stm32f10x_rcc.o(.text)
    RCC_HSICmd                               0x08002f33   Thumb Code     6  stm32f10x_rcc.o(.text)
    RCC_PLLConfig                            0x08002f39   Thumb Code    24  stm32f10x_rcc.o(.text)
    RCC_PLLCmd                               0x08002f51   Thumb Code     6  stm32f10x_rcc.o(.text)
    RCC_SYSCLKConfig                         0x08002f57   Thumb Code    18  stm32f10x_rcc.o(.text)
    RCC_GetSYSCLKSource                      0x08002f69   Thumb Code    10  stm32f10x_rcc.o(.text)
    RCC_HCLKConfig                           0x08002f73   Thumb Code    18  stm32f10x_rcc.o(.text)
    RCC_PCLK1Config                          0x08002f85   Thumb Code    18  stm32f10x_rcc.o(.text)
    RCC_PCLK2Config                          0x08002f97   Thumb Code    20  stm32f10x_rcc.o(.text)
    RCC_ITConfig                             0x08002fab   Thumb Code    26  stm32f10x_rcc.o(.text)
    RCC_USBCLKConfig                         0x08002fc5   Thumb Code     8  stm32f10x_rcc.o(.text)
    RCC_ADCCLKConfig                         0x08002fcd   Thumb Code    18  stm32f10x_rcc.o(.text)
    RCC_LSEConfig                            0x08002fdf   Thumb Code    50  stm32f10x_rcc.o(.text)
    RCC_LSICmd                               0x08003011   Thumb Code     6  stm32f10x_rcc.o(.text)
    RCC_RTCCLKConfig                         0x08003017   Thumb Code    12  stm32f10x_rcc.o(.text)
    RCC_RTCCLKCmd                            0x08003023   Thumb Code     8  stm32f10x_rcc.o(.text)
    RCC_GetClocksFreq                        0x0800302b   Thumb Code   192  stm32f10x_rcc.o(.text)
    RCC_AHBPeriphClockCmd                    0x080030eb   Thumb Code    26  stm32f10x_rcc.o(.text)
    RCC_APB2PeriphClockCmd                   0x08003105   Thumb Code    26  stm32f10x_rcc.o(.text)
    RCC_APB1PeriphClockCmd                   0x0800311f   Thumb Code    26  stm32f10x_rcc.o(.text)
    RCC_APB2PeriphResetCmd                   0x08003139   Thumb Code    26  stm32f10x_rcc.o(.text)
    RCC_APB1PeriphResetCmd                   0x08003153   Thumb Code    26  stm32f10x_rcc.o(.text)
    RCC_BackupResetCmd                       0x0800316d   Thumb Code     8  stm32f10x_rcc.o(.text)
    RCC_ClockSecuritySystemCmd               0x08003175   Thumb Code     6  stm32f10x_rcc.o(.text)
    RCC_MCOConfig                            0x0800317b   Thumb Code     6  stm32f10x_rcc.o(.text)
    RCC_ClearFlag                            0x08003181   Thumb Code    14  stm32f10x_rcc.o(.text)
    RCC_GetITStatus                          0x0800318f   Thumb Code    20  stm32f10x_rcc.o(.text)
    RCC_ClearITPendingBit                    0x080031a3   Thumb Code     6  stm32f10x_rcc.o(.text)
    RTC_ITConfig                             0x080031cd   Thumb Code    26  stm32f10x_rtc.o(.text)
    RTC_EnterConfigMode                      0x080031e7   Thumb Code    18  stm32f10x_rtc.o(.text)
    RTC_ExitConfigMode                       0x080031f9   Thumb Code    20  stm32f10x_rtc.o(.text)
    RTC_GetCounter                           0x0800320d   Thumb Code    18  stm32f10x_rtc.o(.text)
    RTC_SetCounter                           0x0800321f   Thumb Code    26  stm32f10x_rtc.o(.text)
    RTC_SetPrescaler                         0x08003239   Thumb Code    28  stm32f10x_rtc.o(.text)
    RTC_SetAlarm                             0x08003255   Thumb Code    26  stm32f10x_rtc.o(.text)
    RTC_GetDivider                           0x0800326f   Thumb Code    22  stm32f10x_rtc.o(.text)
    RTC_WaitForLastTask                      0x08003285   Thumb Code    18  stm32f10x_rtc.o(.text)
    RTC_WaitForSynchro                       0x08003297   Thumb Code    36  stm32f10x_rtc.o(.text)
    RTC_GetFlagStatus                        0x080032bb   Thumb Code    22  stm32f10x_rtc.o(.text)
    RTC_ClearFlag                            0x080032d1   Thumb Code    16  stm32f10x_rtc.o(.text)
    RTC_GetITStatus                          0x080032e1   Thumb Code    32  stm32f10x_rtc.o(.text)
    RTC_ClearITPendingBit                    0x08003301   Thumb Code    16  stm32f10x_rtc.o(.text)
    TIM_DeInit                               0x08003315   Thumb Code   424  stm32f10x_tim.o(.text)
    TIM_TimeBaseInit                         0x080034bd   Thumb Code   122  stm32f10x_tim.o(.text)
    TIM_OC1Init                              0x08003537   Thumb Code   132  stm32f10x_tim.o(.text)
    TIM_OC2Init                              0x080035bb   Thumb Code   154  stm32f10x_tim.o(.text)
    TIM_OC3Init                              0x08003655   Thumb Code   150  stm32f10x_tim.o(.text)
    TIM_OC4Init                              0x080036eb   Thumb Code   182  stm32f10x_tim.o(.text)
    TIM_SetIC4Prescaler                      0x080037a1   Thumb Code    26  stm32f10x_tim.o(.text)
    TIM_SetIC3Prescaler                      0x0800383d   Thumb Code    18  stm32f10x_tim.o(.text)
    TIM_SetIC2Prescaler                      0x080038c9   Thumb Code    26  stm32f10x_tim.o(.text)
    TIM_SetIC1Prescaler                      0x08003965   Thumb Code    18  stm32f10x_tim.o(.text)
    TIM_ICInit                               0x080039e3   Thumb Code   150  stm32f10x_tim.o(.text)
    TIM_PWMIConfig                           0x08003a79   Thumb Code   124  stm32f10x_tim.o(.text)
    TIM_BDTRConfig                           0x08003af5   Thumb Code    32  stm32f10x_tim.o(.text)
    TIM_TimeBaseStructInit                   0x08003b15   Thumb Code    18  stm32f10x_tim.o(.text)
    TIM_OCStructInit                         0x08003b27   Thumb Code    20  stm32f10x_tim.o(.text)
    TIM_ICStructInit                         0x08003b3b   Thumb Code    18  stm32f10x_tim.o(.text)
    TIM_BDTRStructInit                       0x08003b4d   Thumb Code    40  stm32f10x_tim.o(.text)
    TIM_Cmd                                  0x08003b75   Thumb Code    24  stm32f10x_tim.o(.text)
    TIM_CtrlPWMOutputs                       0x08003b8d   Thumb Code    30  stm32f10x_tim.o(.text)
    TIM_ITConfig                             0x08003bab   Thumb Code    18  stm32f10x_tim.o(.text)
    TIM_GenerateEvent                        0x08003bbd   Thumb Code     4  stm32f10x_tim.o(.text)
    TIM_DMAConfig                            0x08003bc1   Thumb Code    10  stm32f10x_tim.o(.text)
    TIM_DMACmd                               0x08003bcb   Thumb Code    18  stm32f10x_tim.o(.text)
    TIM_InternalClockConfig                  0x08003bdd   Thumb Code    12  stm32f10x_tim.o(.text)
    TIM_SelectInputTrigger                   0x08003be9   Thumb Code    18  stm32f10x_tim.o(.text)
    TIM_ITRxExternalClockConfig              0x08003bfb   Thumb Code    24  stm32f10x_tim.o(.text)
    TIM_TIxExternalClockConfig               0x08003c13   Thumb Code    62  stm32f10x_tim.o(.text)
    TIM_ETRConfig                            0x08003c51   Thumb Code    28  stm32f10x_tim.o(.text)
    TIM_ETRClockMode1Config                  0x08003c6d   Thumb Code    54  stm32f10x_tim.o(.text)
    TIM_ETRClockMode2Config                  0x08003ca3   Thumb Code    32  stm32f10x_tim.o(.text)
    TIM_PrescalerConfig                      0x08003cc3   Thumb Code     6  stm32f10x_tim.o(.text)
    TIM_CounterModeConfig                    0x08003cc9   Thumb Code    18  stm32f10x_tim.o(.text)
    TIM_EncoderInterfaceConfig               0x08003cdb   Thumb Code    66  stm32f10x_tim.o(.text)
    TIM_ForcedOC1Config                      0x08003d1d   Thumb Code    18  stm32f10x_tim.o(.text)
    TIM_ForcedOC2Config                      0x08003d2f   Thumb Code    26  stm32f10x_tim.o(.text)
    TIM_ForcedOC3Config                      0x08003d49   Thumb Code    18  stm32f10x_tim.o(.text)
    TIM_ForcedOC4Config                      0x08003d5b   Thumb Code    26  stm32f10x_tim.o(.text)
    TIM_ARRPreloadConfig                     0x08003d75   Thumb Code    24  stm32f10x_tim.o(.text)
    TIM_SelectCOM                            0x08003d8d   Thumb Code    24  stm32f10x_tim.o(.text)
    TIM_SelectCCDMA                          0x08003da5   Thumb Code    24  stm32f10x_tim.o(.text)
    TIM_CCPreloadControl                     0x08003dbd   Thumb Code    24  stm32f10x_tim.o(.text)
    TIM_OC1PreloadConfig                     0x08003dd5   Thumb Code    18  stm32f10x_tim.o(.text)
    TIM_OC2PreloadConfig                     0x08003de7   Thumb Code    26  stm32f10x_tim.o(.text)
    TIM_OC3PreloadConfig                     0x08003e01   Thumb Code    18  stm32f10x_tim.o(.text)
    TIM_OC4PreloadConfig                     0x08003e13   Thumb Code    26  stm32f10x_tim.o(.text)
    TIM_OC1FastConfig                        0x08003e2d   Thumb Code    18  stm32f10x_tim.o(.text)
    TIM_OC2FastConfig                        0x08003e3f   Thumb Code    26  stm32f10x_tim.o(.text)
    TIM_OC3FastConfig                        0x08003e59   Thumb Code    18  stm32f10x_tim.o(.text)
    TIM_OC4FastConfig                        0x08003e6b   Thumb Code    26  stm32f10x_tim.o(.text)
    TIM_ClearOC1Ref                          0x08003e85   Thumb Code    18  stm32f10x_tim.o(.text)
    TIM_ClearOC2Ref                          0x08003e97   Thumb Code    24  stm32f10x_tim.o(.text)
    TIM_ClearOC3Ref                          0x08003eaf   Thumb Code    18  stm32f10x_tim.o(.text)
    TIM_ClearOC4Ref                          0x08003ec1   Thumb Code    24  stm32f10x_tim.o(.text)
    TIM_OC1PolarityConfig                    0x08003ed9   Thumb Code    18  stm32f10x_tim.o(.text)
    TIM_OC1NPolarityConfig                   0x08003eeb   Thumb Code    18  stm32f10x_tim.o(.text)
    TIM_OC2PolarityConfig                    0x08003efd   Thumb Code    26  stm32f10x_tim.o(.text)
    TIM_OC2NPolarityConfig                   0x08003f17   Thumb Code    26  stm32f10x_tim.o(.text)
    TIM_OC3PolarityConfig                    0x08003f31   Thumb Code    26  stm32f10x_tim.o(.text)
    TIM_OC3NPolarityConfig                   0x08003f4b   Thumb Code    26  stm32f10x_tim.o(.text)
    TIM_OC4PolarityConfig                    0x08003f65   Thumb Code    26  stm32f10x_tim.o(.text)
    TIM_CCxCmd                               0x08003f7f   Thumb Code    30  stm32f10x_tim.o(.text)
    TIM_CCxNCmd                              0x08003f9d   Thumb Code    30  stm32f10x_tim.o(.text)
    TIM_SelectOCxM                           0x08003fbb   Thumb Code    82  stm32f10x_tim.o(.text)
    TIM_UpdateDisableConfig                  0x0800400d   Thumb Code    24  stm32f10x_tim.o(.text)
    TIM_UpdateRequestConfig                  0x08004025   Thumb Code    24  stm32f10x_tim.o(.text)
    TIM_SelectHallSensor                     0x0800403d   Thumb Code    24  stm32f10x_tim.o(.text)
    TIM_SelectOnePulseMode                   0x08004055   Thumb Code    18  stm32f10x_tim.o(.text)
    TIM_SelectOutputTrigger                  0x08004067   Thumb Code    18  stm32f10x_tim.o(.text)
    TIM_SelectSlaveMode                      0x08004079   Thumb Code    18  stm32f10x_tim.o(.text)
    TIM_SelectMasterSlaveMode                0x0800408b   Thumb Code    18  stm32f10x_tim.o(.text)
    TIM_SetCounter                           0x0800409d   Thumb Code     4  stm32f10x_tim.o(.text)
    TIM_SetAutoreload                        0x080040a1   Thumb Code     4  stm32f10x_tim.o(.text)
    TIM_SetCompare1                          0x080040a5   Thumb Code     4  stm32f10x_tim.o(.text)
    TIM_SetCompare2                          0x080040a9   Thumb Code     4  stm32f10x_tim.o(.text)
    TIM_SetCompare3                          0x080040ad   Thumb Code     4  stm32f10x_tim.o(.text)
    TIM_SetCompare4                          0x080040b1   Thumb Code     6  stm32f10x_tim.o(.text)
    TIM_SetClockDivision                     0x080040b7   Thumb Code    18  stm32f10x_tim.o(.text)
    TIM_GetCapture1                          0x080040c9   Thumb Code     6  stm32f10x_tim.o(.text)
    TIM_GetCapture2                          0x080040cf   Thumb Code     6  stm32f10x_tim.o(.text)
    TIM_GetCapture3                          0x080040d5   Thumb Code     6  stm32f10x_tim.o(.text)
    TIM_GetCapture4                          0x080040db   Thumb Code     8  stm32f10x_tim.o(.text)
    TIM_GetCounter                           0x080040e3   Thumb Code     6  stm32f10x_tim.o(.text)
    TIM_GetPrescaler                         0x080040e9   Thumb Code     6  stm32f10x_tim.o(.text)
    TIM_GetFlagStatus                        0x080040ef   Thumb Code    18  stm32f10x_tim.o(.text)
    TIM_ClearFlag                            0x08004101   Thumb Code     6  stm32f10x_tim.o(.text)
    TIM_GetITStatus                          0x08004107   Thumb Code    34  stm32f10x_tim.o(.text)
    TIM_ClearITPendingBit                    0x08004129   Thumb Code     6  stm32f10x_tim.o(.text)
    USART_DeInit                             0x08004131   Thumb Code   134  stm32f10x_usart.o(.text)
    USART_Init                               0x080041b7   Thumb Code   210  stm32f10x_usart.o(.text)
    USART_StructInit                         0x08004289   Thumb Code    24  stm32f10x_usart.o(.text)
    USART_ClockInit                          0x080042a1   Thumb Code    34  stm32f10x_usart.o(.text)
    USART_ClockStructInit                    0x080042c3   Thumb Code    12  stm32f10x_usart.o(.text)
    USART_Cmd                                0x080042cf   Thumb Code    24  stm32f10x_usart.o(.text)
    USART_ITConfig                           0x080042e7   Thumb Code    74  stm32f10x_usart.o(.text)
    USART_DMACmd                             0x08004331   Thumb Code    18  stm32f10x_usart.o(.text)
    USART_SetAddress                         0x08004343   Thumb Code    18  stm32f10x_usart.o(.text)
    USART_WakeUpConfig                       0x08004355   Thumb Code    18  stm32f10x_usart.o(.text)
    USART_ReceiverWakeUpCmd                  0x08004367   Thumb Code    24  stm32f10x_usart.o(.text)
    USART_LINBreakDetectLengthConfig         0x0800437f   Thumb Code    18  stm32f10x_usart.o(.text)
    USART_LINCmd                             0x08004391   Thumb Code    24  stm32f10x_usart.o(.text)
    USART_SendData                           0x080043a9   Thumb Code     8  stm32f10x_usart.o(.text)
    USART_ReceiveData                        0x080043b1   Thumb Code    10  stm32f10x_usart.o(.text)
    USART_SendBreak                          0x080043bb   Thumb Code    10  stm32f10x_usart.o(.text)
    USART_SetGuardTime                       0x080043c5   Thumb Code    16  stm32f10x_usart.o(.text)
    USART_SetPrescaler                       0x080043d5   Thumb Code    16  stm32f10x_usart.o(.text)
    USART_SmartCardCmd                       0x080043e5   Thumb Code    24  stm32f10x_usart.o(.text)
    USART_SmartCardNACKCmd                   0x080043fd   Thumb Code    24  stm32f10x_usart.o(.text)
    USART_HalfDuplexCmd                      0x08004415   Thumb Code    24  stm32f10x_usart.o(.text)
    USART_OverSampling8Cmd                   0x0800442d   Thumb Code    22  stm32f10x_usart.o(.text)
    USART_OneBitMethodCmd                    0x08004443   Thumb Code    24  stm32f10x_usart.o(.text)
    USART_IrDAConfig                         0x0800445b   Thumb Code    18  stm32f10x_usart.o(.text)
    USART_IrDACmd                            0x0800446d   Thumb Code    24  stm32f10x_usart.o(.text)
    USART_GetFlagStatus                      0x08004485   Thumb Code    26  stm32f10x_usart.o(.text)
    USART_ClearFlag                          0x0800449f   Thumb Code    18  stm32f10x_usart.o(.text)
    USART_GetITStatus                        0x080044b1   Thumb Code    84  stm32f10x_usart.o(.text)
    USART_ClearITPendingBit                  0x08004505   Thumb Code    52  stm32f10x_usart.o(.text)
    delay_init                               0x08004539   Thumb Code    50  delay.o(.text)
    delay_us                                 0x0800456b   Thumb Code    72  delay.o(.text)
    delay_ms                                 0x080045b3   Thumb Code    72  delay.o(.text)
    _sys_exit                                0x0800460d   Thumb Code     6  usart.o(.text)
    fputc                                    0x08004613   Thumb Code    24  usart.o(.text)
    uart_init                                0x0800462b   Thumb Code   152  usart.o(.text)
    USART1_IRQHandler                        0x080046c3   Thumb Code   122  usart.o(.text)
    mymemcpy                                 0x0800474d   Thumb Code    26  malloc.o(.text)
    mymemset                                 0x08004767   Thumb Code    20  malloc.o(.text)
    mem_init                                 0x0800477b   Thumb Code    38  malloc.o(.text)
    mem_perused                              0x080047a1   Thumb Code    42  malloc.o(.text)
    mem_malloc                               0x080047cb   Thumb Code   116  malloc.o(.text)
    mem_free                                 0x0800483f   Thumb Code    66  malloc.o(.text)
    myfree                                   0x08004881   Thumb Code    24  malloc.o(.text)
    mymalloc                                 0x08004899   Thumb Code    28  malloc.o(.text)
    myrealloc                                0x080048b5   Thumb Code    50  malloc.o(.text)
    SDA_IN                                   0x080048ed   Thumb Code    30  myiic.o(.text)
    SDA_OUT                                  0x0800490b   Thumb Code    30  myiic.o(.text)
    IIC_Init                                 0x08004929   Thumb Code    50  myiic.o(.text)
    IIC_Start                                0x0800495b   Thumb Code    50  myiic.o(.text)
    IIC_Stop                                 0x0800498d   Thumb Code    44  myiic.o(.text)
    IIC_Wait_Ack                             0x080049b9   Thumb Code    68  myiic.o(.text)
    IIC_Ack                                  0x080049fd   Thumb Code    48  myiic.o(.text)
    IIC_NAck                                 0x08004a2d   Thumb Code    48  myiic.o(.text)
    IIC_Send_Byte                            0x08004a5d   Thumb Code    72  myiic.o(.text)
    IIC_Read_Byte                            0x08004aa5   Thumb Code    80  myiic.o(.text)
    Init_UART4                               0x08004b01   Thumb Code   158  pms7003m.o(.text)
    PMS7003MConvert                          0x08004b9f   Thumb Code   554  pms7003m.o(.text)
    UART4_IRQHandler                         0x08004dc9   Thumb Code   188  pms7003m.o(.text)
    Get_PMS7003M_Cmd_Data                    0x08004e85   Thumb Code    56  pms7003m.o(.text)
    SendCmd_PMS7003                          0x08004ebd   Thumb Code    74  pms7003m.o(.text)
    Init_PMS7003M                            0x08004f07   Thumb Code    98  pms7003m.o(.text)
    PMS7003M_Start                           0x08004f69   Thumb Code    10  pms7003m.o(.text)
    Init_UART5                               0x08004f75   Thumb Code   154  tjc3224t024_11.o(.text)
    UART5_IRQHandler                         0x0800500f   Thumb Code   122  tjc3224t024_11.o(.text)
    SendCmd_HMI                              0x08005089   Thumb Code    76  tjc3224t024_11.o(.text)
    Init_HMI                                 0x080050d5   Thumb Code    12  tjc3224t024_11.o(.text)
    RTC_Get_Week                             0x08005115   Thumb Code   116  rtc.o(.text)
    Is_Leap_Year                             0x08005189   Thumb Code    58  rtc.o(.text)
    RTC_Get                                  0x080051c3   Thumb Code   240  rtc.o(.text)
    RTC_Init                                 0x080052b3   Thumb Code   168  rtc.o(.text)
    RTC_IRQHandler                           0x0800535b   Thumb Code    40  rtc.o(.text)
    RTC_Set                                  0x08005383   Thumb Code   188  rtc.o(.text)
    TIM4_Set                                 0x0800545d   Thumb Code    34  esp8266.o(.text)
    USART2_IRQHandler                        0x0800547f   Thumb Code    82  esp8266.o(.text)
    TIM4_Init                                0x080054d1   Thumb Code    82  esp8266.o(.text)
    UART_DMA_Config                          0x08005523   Thumb Code    72  esp8266.o(.text)
    USART2_Init                              0x0800556b   Thumb Code   206  esp8266.o(.text)
    UART_DMA_Enable                          0x08005639   Thumb Code    32  esp8266.o(.text)
    u2_printf                                0x08005659   Thumb Code    56  esp8266.o(.text)
    TIM4_IRQHandler                          0x08005691   Thumb Code    40  esp8266.o(.text)
    ESP8266_at_response                      0x080056b9   Thumb Code    46  esp8266.o(.text)
    ESP8266_check_cmd                        0x080056e7   Thumb Code    44  esp8266.o(.text)
    ESP8266_send_cmd                         0x08005713   Thumb Code    84  esp8266.o(.text)
    ESP8266_send_data                        0x08005767   Thumb Code    84  esp8266.o(.text)
    ESP8266_quit_trans                       0x080057bb   Thumb Code   100  esp8266.o(.text)
    ESP8266_apsta_check                      0x0800581f   Thumb Code   182  esp8266.o(.text)
    ESP8266_consta_check                     0x080058d5   Thumb Code    40  esp8266.o(.text)
    ESP8266_get_wanip                        0x080058fd   Thumb Code    62  esp8266.o(.text)
    ESP8266_get_ip                           0x0800593b   Thumb Code   186  esp8266.o(.text)
    ESP8266_msg_show                         0x080059f5   Thumb Code   266  esp8266.o(.text)
    ESP8266_wificonf_show                    0x08005aff   Thumb Code    48  esp8266.o(.text)
    ESP8266_test                             0x08005b2f   Thumb Code   106  esp8266.o(.text)
    AT24CXX_Init                             0x08005cc5   Thumb Code     8  24cxx.o(.text)
    AT24CXX_ReadOneByte                      0x08005ccd   Thumb Code    84  24cxx.o(.text)
    AT24CXX_WriteOneByte                     0x08005d21   Thumb Code    76  24cxx.o(.text)
    AT24CXX_WriteLenByte                     0x08005d6d   Thumb Code    42  24cxx.o(.text)
    AT24CXX_ReadLenByte                      0x08005d97   Thumb Code    44  24cxx.o(.text)
    AT24CXX_Check                            0x08005dc3   Thumb Code    30  24cxx.o(.text)
    AT24CXX_Read                             0x08005de1   Thumb Code    34  24cxx.o(.text)
    AT24CXX_Write                            0x08005e03   Thumb Code    36  24cxx.o(.text)
    Init_USART3                              0x08005e29   Thumb Code   160  s8_co2.o(.text)
    TIM3_Set                                 0x08005ec9   Thumb Code    34  s8_co2.o(.text)
    USART3_IRQHandler                        0x08005eeb   Thumb Code    76  s8_co2.o(.text)
    S8Convert                                0x08005f37   Thumb Code   204  s8_co2.o(.text)
    TIM3_IRQHandler                          0x08006003   Thumb Code    44  s8_co2.o(.text)
    TIM3_Init                                0x0800602f   Thumb Code    82  s8_co2.o(.text)
    SendCmd_S8                               0x08006081   Thumb Code    48  s8_co2.o(.text)
    Init_S8                                  0x080060b1   Thumb Code    34  s8_co2.o(.text)
    Delay_us                                 0x080060f5   Thumb Code    26  sht2x.o(.text)
    SHT2X_Configuration                      0x0800610f   Thumb Code    64  sht2x.o(.text)
    I2c_StartCondition                       0x0800614f   Thumb Code    54  sht2x.o(.text)
    I2c_StopCondition                        0x08006185   Thumb Code    54  sht2x.o(.text)
    I2c_WriteByte                            0x080061bb   Thumb Code   136  sht2x.o(.text)
    I2c_ReadByte                             0x08006243   Thumb Code   140  sht2x.o(.text)
    SHT2x_CheckCrc                           0x080062cf   Thumb Code    72  sht2x.o(.text)
    SHT2x_ReadUserRegister                   0x08006317   Thumb Code    74  sht2x.o(.text)
    SHT2x_WriteUserRegister                  0x08006361   Thumb Code    42  sht2x.o(.text)
    SHT2x_MeasureHM                          0x0800638b   Thumb Code   190  sht2x.o(.text)
    SHT2x_MeasurePoll                        0x08006449   Thumb Code   166  sht2x.o(.text)
    SHT2x_SoftReset                          0x080064ef   Thumb Code    46  sht2x.o(.text)
    SHT2x_CalcRH                             0x0800651d   Thumb Code    56  sht2x.o(.text)
    SHT2x_CalcTemperatureC                   0x08006555   Thumb Code    56  sht2x.o(.text)
    SHT2x_GetSerialNumber                    0x0800658d   Thumb Code   198  sht2x.o(.text)
    LED_Init                                 0x0800666d   Thumb Code    46  led.o(.text)
    strstr                                   0x080066a1   Thumb Code    36  strstr.o(.text)
    strlen                                   0x080066c5   Thumb Code    14  strlen.o(.text)
    __aeabi_dadd                             0x080066d3   Thumb Code   322  dadd.o(.text)
    __aeabi_dsub                             0x08006815   Thumb Code     6  dadd.o(.text)
    __aeabi_drsub                            0x0800681b   Thumb Code     6  dadd.o(.text)
    __aeabi_dmul                             0x08006821   Thumb Code   228  dmul.o(.text)
    __aeabi_ddiv                             0x08006905   Thumb Code   222  ddiv.o(.text)
    __aeabi_ui2f                             0x080069e3   Thumb Code    10  ffltui.o(.text)
    __aeabi_f2iz                             0x080069ed   Thumb Code    50  ffixi.o(.text)
    __aeabi_d2iz                             0x08006a1f   Thumb Code    62  dfixi.o(.text)
    __aeabi_f2d                              0x08006a5d   Thumb Code    38  f2d.o(.text)
    __aeabi_d2f                              0x08006a83   Thumb Code    56  d2f.o(.text)
    __aeabi_uidiv                            0x08006abb   Thumb Code     0  uidiv.o(.text)
    __aeabi_uidivmod                         0x08006abb   Thumb Code    44  uidiv.o(.text)
    __aeabi_uldivmod                         0x08006ae7   Thumb Code    98  uldiv.o(.text)
    __aeabi_llsl                             0x08006b49   Thumb Code    30  llshl.o(.text)
    _ll_shift_l                              0x08006b49   Thumb Code     0  llshl.o(.text)
    __aeabi_llsr                             0x08006b67   Thumb Code    32  llushr.o(.text)
    _ll_ushift_r                             0x08006b67   Thumb Code     0  llushr.o(.text)
    __aeabi_lasr                             0x08006b87   Thumb Code    36  llsshr.o(.text)
    _ll_sshift_r                             0x08006b87   Thumb Code     0  llsshr.o(.text)
    __I$use$fp                               0x08006bab   Thumb Code     0  iusefp.o(.text)
    _float_round                             0x08006bab   Thumb Code    18  fepilogue.o(.text)
    _float_epilogue                          0x08006bbd   Thumb Code    92  fepilogue.o(.text)
    _double_round                            0x08006c19   Thumb Code    30  depilogue.o(.text)
    _double_epilogue                         0x08006c37   Thumb Code   156  depilogue.o(.text)
    __aeabi_d2ulz                            0x08006cd3   Thumb Code    48  dfixul.o(.text)
    __aeabi_cdrcmple                         0x08006d05   Thumb Code    48  cdrcmple.o(.text)
    __scatterload                            0x08006d35   Thumb Code    28  init.o(.text)
    __scatterload_rt2                        0x08006d35   Thumb Code     0  init.o(.text)
    __0printf                                0x08006d59   Thumb Code    22  printfa.o(i.__0printf)
    __1printf                                0x08006d59   Thumb Code     0  printfa.o(i.__0printf)
    __2printf                                0x08006d59   Thumb Code     0  printfa.o(i.__0printf)
    __c89printf                              0x08006d59   Thumb Code     0  printfa.o(i.__0printf)
    printf                                   0x08006d59   Thumb Code     0  printfa.o(i.__0printf)
    __0sprintf                               0x08006d79   Thumb Code    34  printfa.o(i.__0sprintf)
    __1sprintf                               0x08006d79   Thumb Code     0  printfa.o(i.__0sprintf)
    __2sprintf                               0x08006d79   Thumb Code     0  printfa.o(i.__0sprintf)
    __c89sprintf                             0x08006d79   Thumb Code     0  printfa.o(i.__0sprintf)
    sprintf                                  0x08006d79   Thumb Code     0  printfa.o(i.__0sprintf)
    __0vsprintf                              0x08006da1   Thumb Code    30  printfa.o(i.__0vsprintf)
    __1vsprintf                              0x08006da1   Thumb Code     0  printfa.o(i.__0vsprintf)
    __2vsprintf                              0x08006da1   Thumb Code     0  printfa.o(i.__0vsprintf)
    __c89vsprintf                            0x08006da1   Thumb Code     0  printfa.o(i.__0vsprintf)
    vsprintf                                 0x08006da1   Thumb Code     0  printfa.o(i.__0vsprintf)
    __scatterload_copy                       0x08006dc5   Thumb Code    14  handlers.o(i.__scatterload_copy)
    __scatterload_null                       0x08006dd3   Thumb Code     2  handlers.o(i.__scatterload_null)
    __scatterload_zeroinit                   0x08006dd5   Thumb Code    14  handlers.o(i.__scatterload_zeroinit)
    table_week                               0x080076a0   Data          12  rtc.o(.constdata)
    mon_table                                0x080076ac   Data          12  rtc.o(.constdata)
    Region$$Table$$Base                      0x080076b8   Number         0  anon$$obj.o(Region$$Table)
    Region$$Table$$Limit                     0x080076d8   Number         0  anon$$obj.o(Region$$Table)
    deviceid                                 0x20000000   Data           2  main.o(.data)
    link_mode                                0x20000002   Data           1  main.o(.data)
    SystemCoreClock                          0x20000004   Data           4  system_stm32f10x.o(.data)
    AHBPrescTable                            0x20000008   Data          16  system_stm32f10x.o(.data)
    __stdout                                 0x20000030   Data           4  usart.o(.data)
    USART_RX_STA                             0x20000034   Data           2  usart.o(.data)
    mallco_dev                               0x20000038   Data          20  malloc.o(.data)
    pms7003_cmd_buf                          0x2000004c   Data           7  pms7003m.o(.data)
    ERR_CODE                                 0x20000054   Data           2  pms7003m.o(.data)
    recv_uart4_byte_count                    0x20000056   Data           2  pms7003m.o(.data)
    UART4_RX_STA                             0x20000058   Data           2  pms7003m.o(.data)
    PM1_0                                    0x2000005a   Data           2  pms7003m.o(.data)
    PM2_5                                    0x2000005c   Data           2  pms7003m.o(.data)
    PM10                                     0x2000005e   Data           2  pms7003m.o(.data)
    DQPM1_0                                  0x20000060   Data           2  pms7003m.o(.data)
    DQPM2_5                                  0x20000062   Data           2  pms7003m.o(.data)
    DQPM10                                   0x20000064   Data           2  pms7003m.o(.data)
    P03UP                                    0x20000066   Data           2  pms7003m.o(.data)
    P05UP                                    0x20000068   Data           2  pms7003m.o(.data)
    P10UP                                    0x2000006a   Data           2  pms7003m.o(.data)
    P25UP                                    0x2000006c   Data           2  pms7003m.o(.data)
    P50UP                                    0x2000006e   Data           2  pms7003m.o(.data)
    P100UP                                   0x20000070   Data           2  pms7003m.o(.data)
    cur_screen                               0x20000072   Data           1  tjc3224t024_11.o(.data)
    UART5_RX_STA                             0x20000074   Data           2  tjc3224t024_11.o(.data)
    portnum                                  0x20000078   Data           2  esp8266.o(.data)
    USART2_RX_STA                            0x2000007a   Data           2  esp8266.o(.data)
    USART3_RX_STA                            0x2000007c   Data           2  s8_co2.o(.data)
    CO2ppm                                   0x2000007e   Data           2  s8_co2.o(.data)
    s8_cmd_buf                               0x20000080   Data           8  s8_co2.o(.data)
    recv_usart3_byte_count                   0x20000088   Data           1  s8_co2.o(.data)
    USART_RX_BUF                             0x2000008c   Data         200  usart.o(.bss)
    membase                                  0x20000154   Data       43008  malloc.o(.bss)
    memmapbase                               0x2000a954   Data        2688  malloc.o(.bss)
    pms7003_recv_buf                         0x2000b3d4   Data          32  pms7003m.o(.bss)
    UART4_RX_BUF                             0x2000b3f4   Data          64  pms7003m.o(.bss)
    UART5_RX_BUF                             0x2000b434   Data          64  tjc3224t024_11.o(.bss)
    calendar                                 0x2000b474   Data          10  rtc.o(.bss)
    wifista_ssid                             0x2000b480   Data          16  esp8266.o(.bss)
    wifista_encryption                       0x2000b490   Data          16  esp8266.o(.bss)
    wifista_password                         0x2000b4a0   Data          16  esp8266.o(.bss)
    wifiap_ssid                              0x2000b4b0   Data          16  esp8266.o(.bss)
    wifiap_encryption                        0x2000b4c0   Data          16  esp8266.o(.bss)
    wifiap_password                          0x2000b4d0   Data          16  esp8266.o(.bss)
    server_ip                                0x2000b4e0   Data          16  esp8266.o(.bss)
    USART2_RX_BUF                            0x2000b4f0   Data         256  esp8266.o(.bss)
    USART2_TX_BUF                            0x2000b5f0   Data         256  esp8266.o(.bss)
    USART3_RX_BUF                            0x2000b6f0   Data          64  s8_co2.o(.bss)
    dsco2_recv_buf                           0x2000b730   Data          12  s8_co2.o(.bss)
    __initial_sp                             0x2000bb40   Data           0  startup_stm32f10x_hd.o(STACK)



==============================================================================

Memory Map of the image

  Image Entry point : 0x08000131

  Load Region LR_IROM1 (Base: 0x08000000, Size: 0x00007764, Max: 0x00040000, ABSOLUTE)

    Execution Region ER_IROM1 (Base: 0x08000000, Size: 0x000076d8, Max: 0x00040000, ABSOLUTE)

    Base Addr    Size         Type   Attr      Idx    E Section Name        Object

    0x08000000   0x00000130   Data   RO          223    RESET               startup_stm32f10x_hd.o
    0x08000130   0x00000000   Code   RO          762  * .ARM.Collect$$$$00000000  mc_w.l(entry.o)
    0x08000130   0x00000004   Code   RO         1046    .ARM.Collect$$$$00000001  mc_w.l(entry2.o)
    0x08000134   0x00000004   Code   RO         1049    .ARM.Collect$$$$00000004  mc_w.l(entry5.o)
    0x08000138   0x00000000   Code   RO         1051    .ARM.Collect$$$$00000008  mc_w.l(entry7b.o)
    0x08000138   0x00000000   Code   RO         1053    .ARM.Collect$$$$0000000A  mc_w.l(entry8b.o)
    0x08000138   0x00000008   Code   RO         1054    .ARM.Collect$$$$0000000B  mc_w.l(entry9a.o)
    0x08000140   0x00000000   Code   RO         1056    .ARM.Collect$$$$0000000D  mc_w.l(entry10a.o)
    0x08000140   0x00000000   Code   RO         1058    .ARM.Collect$$$$0000000F  mc_w.l(entry11a.o)
    0x08000140   0x00000004   Code   RO         1047    .ARM.Collect$$$$00002712  mc_w.l(entry2.o)
    0x08000144   0x000022a8   Code   RO            1    .text               main.o
    0x080023ec   0x0000001a   Code   RO          151    .text               stm32f10x_it.o
    0x08002406   0x00000002   PAD
    0x08002408   0x000001e0   Code   RO          192    .text               system_stm32f10x.o
    0x080025e8   0x00000024   Code   RO          224    .text               startup_stm32f10x_hd.o
    0x0800260c   0x000000dc   Code   RO          228    .text               misc.o
    0x080026e8   0x000000c4   Code   RO          275    .text               stm32f10x_bkp.o
    0x080027ac   0x00000254   Code   RO          347    .text               stm32f10x_dma.o
    0x08002a00   0x0000035c   Code   RO          395    .text               stm32f10x_gpio.o
    0x08002d5c   0x000000cc   Code   RO          431    .text               stm32f10x_pwr.o
    0x08002e28   0x000003a4   Code   RO          443    .text               stm32f10x_rcc.o
    0x080031cc   0x00000148   Code   RO          457    .text               stm32f10x_rtc.o
    0x08003314   0x00000e1a   Code   RO          493    .text               stm32f10x_tim.o
    0x0800412e   0x00000002   PAD
    0x08004130   0x00000408   Code   RO          505    .text               stm32f10x_usart.o
    0x08004538   0x000000d4   Code   RO          529    .text               delay.o
    0x0800460c   0x00000140   Code   RO          563    .text               usart.o
    0x0800474c   0x000001a0   Code   RO          586    .text               malloc.o
    0x080048ec   0x00000214   Code   RO          606    .text               myiic.o
    0x08004b00   0x00000472   Code   RO          621    .text               pms7003m.o
    0x08004f72   0x00000002   PAD
    0x08004f74   0x00000180   Code   RO          637    .text               tjc3224t024_11.o
    0x080050f4   0x00000368   Code   RO          653    .text               rtc.o
    0x0800545c   0x00000868   Code   RO          673    .text               esp8266.o
    0x08005cc4   0x00000162   Code   RO          699    .text               24cxx.o
    0x08005e26   0x00000002   PAD
    0x08005e28   0x000002cc   Code   RO          711    .text               s8_co2.o
    0x080060f4   0x00000578   Code   RO          727    .text               sht2x.o
    0x0800666c   0x00000034   Code   RO          750    .text               led.o
    0x080066a0   0x00000024   Code   RO          765    .text               mc_w.l(strstr.o)
    0x080066c4   0x0000000e   Code   RO          767    .text               mc_w.l(strlen.o)
    0x080066d2   0x0000014e   Code   RO         1030    .text               mf_w.l(dadd.o)
    0x08006820   0x000000e4   Code   RO         1032    .text               mf_w.l(dmul.o)
    0x08006904   0x000000de   Code   RO         1034    .text               mf_w.l(ddiv.o)
    0x080069e2   0x0000000a   Code   RO         1036    .text               mf_w.l(ffltui.o)
    0x080069ec   0x00000032   Code   RO         1038    .text               mf_w.l(ffixi.o)
    0x08006a1e   0x0000003e   Code   RO         1040    .text               mf_w.l(dfixi.o)
    0x08006a5c   0x00000026   Code   RO         1042    .text               mf_w.l(f2d.o)
    0x08006a82   0x00000038   Code   RO         1044    .text               mf_w.l(d2f.o)
    0x08006aba   0x0000002c   Code   RO         1060    .text               mc_w.l(uidiv.o)
    0x08006ae6   0x00000062   Code   RO         1062    .text               mc_w.l(uldiv.o)
    0x08006b48   0x0000001e   Code   RO         1064    .text               mc_w.l(llshl.o)
    0x08006b66   0x00000020   Code   RO         1066    .text               mc_w.l(llushr.o)
    0x08006b86   0x00000024   Code   RO         1068    .text               mc_w.l(llsshr.o)
    0x08006baa   0x00000000   Code   RO         1070    .text               mc_w.l(iusefp.o)
    0x08006baa   0x0000006e   Code   RO         1071    .text               mf_w.l(fepilogue.o)
    0x08006c18   0x000000ba   Code   RO         1073    .text               mf_w.l(depilogue.o)
    0x08006cd2   0x00000030   Code   RO         1075    .text               mf_w.l(dfixul.o)
    0x08006d02   0x00000002   PAD
    0x08006d04   0x00000030   Code   RO         1077    .text               mf_w.l(cdrcmple.o)
    0x08006d34   0x00000024   Code   RO         1079    .text               mc_w.l(init.o)
    0x08006d58   0x00000020   Code   RO         1002    i.__0printf         mc_w.l(printfa.o)
    0x08006d78   0x00000028   Code   RO         1004    i.__0sprintf        mc_w.l(printfa.o)
    0x08006da0   0x00000024   Code   RO         1008    i.__0vsprintf       mc_w.l(printfa.o)
    0x08006dc4   0x0000000e   Code   RO         1083    i.__scatterload_copy  mc_w.l(handlers.o)
    0x08006dd2   0x00000002   Code   RO         1084    i.__scatterload_null  mc_w.l(handlers.o)
    0x08006dd4   0x0000000e   Code   RO         1085    i.__scatterload_zeroinit  mc_w.l(handlers.o)
    0x08006de2   0x00000002   PAD
    0x08006de4   0x00000184   Code   RO         1009    i._fp_digits        mc_w.l(printfa.o)
    0x08006f68   0x000006dc   Code   RO         1010    i._printf_core      mc_w.l(printfa.o)
    0x08007644   0x00000024   Code   RO         1011    i._printf_post_padding  mc_w.l(printfa.o)
    0x08007668   0x0000002e   Code   RO         1012    i._printf_pre_padding  mc_w.l(printfa.o)
    0x08007696   0x0000000a   Code   RO         1014    i._sputc            mc_w.l(printfa.o)
    0x080076a0   0x00000018   Data   RO          655    .constdata          rtc.o
    0x080076b8   0x00000020   Data   RO         1081    Region$$Table       anon$$obj.o


    Execution Region RW_IRAM1 (Base: 0x20000000, Size: 0x0000bb40, Max: 0x0000c000, ABSOLUTE)

    Base Addr    Size         Type   Attr      Idx    E Section Name        Object

    0x20000000   0x00000003   Data   RW            2    .data               main.o
    0x20000003   0x00000001   PAD
    0x20000004   0x00000014   Data   RW          193    .data               system_stm32f10x.o
    0x20000018   0x00000014   Data   RW          444    .data               stm32f10x_rcc.o
    0x2000002c   0x00000004   Data   RW          530    .data               delay.o
    0x20000030   0x00000006   Data   RW          565    .data               usart.o
    0x20000036   0x00000002   PAD
    0x20000038   0x00000014   Data   RW          589    .data               malloc.o
    0x2000004c   0x00000026   Data   RW          623    .data               pms7003m.o
    0x20000072   0x00000004   Data   RW          639    .data               tjc3224t024_11.o
    0x20000076   0x00000002   Data   RW          656    .data               rtc.o
    0x20000078   0x00000004   Data   RW          675    .data               esp8266.o
    0x2000007c   0x0000000d   Data   RW          713    .data               s8_co2.o
    0x20000089   0x00000003   PAD
    0x2000008c   0x000000c8   Zero   RW          564    .bss                usart.o
    0x20000154   0x0000b280   Zero   RW          587    .bss                malloc.o
    0x2000b3d4   0x00000060   Zero   RW          622    .bss                pms7003m.o
    0x2000b434   0x00000040   Zero   RW          638    .bss                tjc3224t024_11.o
    0x2000b474   0x0000000a   Zero   RW          654    .bss                rtc.o
    0x2000b47e   0x00000002   PAD
    0x2000b480   0x00000270   Zero   RW          674    .bss                esp8266.o
    0x2000b6f0   0x0000004c   Zero   RW          712    .bss                s8_co2.o
    0x2000b73c   0x00000004   PAD
    0x2000b740   0x00000400   Zero   RW          221    STACK               startup_stm32f10x_hd.o


==============================================================================

Image component sizes


      Code (inc. data)   RO Data    RW Data    ZI Data      Debug   Object Name

       354          0          0          0          0       2842   24cxx.o
         0          0          0          0          0         32   core_cm3.o
       212         18          0          4          0       1091   delay.o
      2152        416          0          4        624       8008   esp8266.o
        52          6          0          0          0        507   led.o
      8872       3112          0          3          0     287849   main.o
       416          6          0         20      45696       4085   malloc.o
       220         22          0          0          0     206669   misc.o
       532         12          0          0          0       2167   myiic.o
      1138         80          0         38         96       3870   pms7003m.o
       872         30         24          2         10       3800   rtc.o
       716         34          0         13         76       3358   s8_co2.o
      1400         32          0          0          0       5117   sht2x.o
        36          8        304          0       1024        796   startup_stm32f10x_hd.o
       196          8          0          0          0       3544   stm32f10x_bkp.o
       596          8          0          0          0       4410   stm32f10x_dma.o
       860         38          0          0          0       5781   stm32f10x_gpio.o
        26          0          0          0          0       1202   stm32f10x_it.o
       204         14          0          0          0       1979   stm32f10x_pwr.o
       932         36          0         20          0       8980   stm32f10x_rcc.o
       328          4          0          0          0       2746   stm32f10x_rtc.o
      3610         88          0          0          0      22888   stm32f10x_tim.o
      1032         22          0          0          0       8504   stm32f10x_usart.o
       480         38          0         20          0       1811   system_stm32f10x.o
       384         20          0          4         64       2130   tjc3224t024_11.o
       320         16          0          6        200       3242   usart.o

    ----------------------------------------------------------------------
     25948       4068        360        140      47796     597408   Object Totals
         0          0         32          0          0          0   (incl. Generated)
         8          0          0          6          6          0   (incl. Padding)

    ----------------------------------------------------------------------

      Code (inc. data)   RO Data    RW Data    ZI Data      Debug   Library Member Name

         0          0          0          0          0          0   entry.o
         0          0          0          0          0          0   entry10a.o
         0          0          0          0          0          0   entry11a.o
         8          4          0          0          0          0   entry2.o
         4          0          0          0          0          0   entry5.o
         0          0          0          0          0          0   entry7b.o
         0          0          0          0          0          0   entry8b.o
         8          4          0          0          0          0   entry9a.o
        30          0          0          0          0          0   handlers.o
        36          8          0          0          0         68   init.o
         0          0          0          0          0          0   iusefp.o
        30          0          0          0          0         68   llshl.o
        36          0          0          0          0         68   llsshr.o
        32          0          0          0          0         68   llushr.o
      2344        102          0          0          0        684   printfa.o
        14          0          0          0          0         68   strlen.o
        36          0          0          0          0         80   strstr.o
        44          0          0          0          0         80   uidiv.o
        98          0          0          0          0         92   uldiv.o
        48          0          0          0          0         68   cdrcmple.o
        56          0          0          0          0         88   d2f.o
       334          0          0          0          0        148   dadd.o
       222          0          0          0          0        100   ddiv.o
       186          0          0          0          0        176   depilogue.o
        62          0          0          0          0         80   dfixi.o
        48          0          0          0          0         68   dfixul.o
       228          0          0          0          0         96   dmul.o
        38          0          0          0          0         68   f2d.o
       110          0          0          0          0        168   fepilogue.o
        50          0          0          0          0         68   ffixi.o
        10          0          0          0          0         68   ffltui.o

    ----------------------------------------------------------------------
      4116        118          0          0          0       2472   Library Totals
         4          0          0          0          0          0   (incl. Padding)

    ----------------------------------------------------------------------

      Code (inc. data)   RO Data    RW Data    ZI Data      Debug   Library Name

      2720        118          0          0          0       1276   mc_w.l
      1392          0          0          0          0       1196   mf_w.l

    ----------------------------------------------------------------------
      4116        118          0          0          0       2472   Library Totals

    ----------------------------------------------------------------------

==============================================================================


      Code (inc. data)   RO Data    RW Data    ZI Data      Debug   

     30064       4186        360        140      47796     596548   Grand Totals
     30064       4186        360        140      47796     596548   ELF Image Totals
     30064       4186        360        140          0          0   ROM Totals

==============================================================================

    Total RO  Size (Code + RO Data)                30424 (  29.71kB)
    Total RW  Size (RW Data + ZI Data)             47936 (  46.81kB)
    Total ROM Size (Code + RO Data + RW Data)      30564 (  29.85kB)

==============================================================================

