Component: ARM Compiler 5.06 update 4 (build 422) Tool: armlink [4d35d2]

==============================================================================

Section Cross References

    startup_stm32f10x_md.o(RESET) refers to startup_stm32f10x_md.o(STACK) for __initial_sp
    startup_stm32f10x_md.o(RESET) refers to startup_stm32f10x_md.o(.text) for Reset_Handler
    startup_stm32f10x_md.o(RESET) refers to stm32f10x_it.o(.text) for NMI_Handler
    startup_stm32f10x_md.o(RESET) refers to rtc.o(.text) for RTC_IRQHandler
    startup_stm32f10x_md.o(RESET) refers to exti.o(.text) for EXTI9_5_IRQHandler
    startup_stm32f10x_md.o(RESET) refers to timer.o(.text) for TIM2_IRQHandler
    startup_stm32f10x_md.o(RESET) refers to usart.o(.text) for USART1_IRQHandler
    startup_stm32f10x_md.o(RESET) refers to usart2.o(.text) for USART2_IRQHandler
    startup_stm32f10x_md.o(.text) refers to system_stm32f10x.o(.text) for SystemInit
    startup_stm32f10x_md.o(.text) refers to entry.o(.ARM.Collect$$$$00000000) for __main
    stm32f10x_adc.o(.text) refers to stm32f10x_rcc.o(.text) for RCC_APB2PeriphResetCmd
    stm32f10x_bkp.o(.text) refers to stm32f10x_rcc.o(.text) for RCC_BackupResetCmd
    stm32f10x_can.o(.text) refers to stm32f10x_rcc.o(.text) for RCC_APB1PeriphResetCmd
    stm32f10x_cec.o(.text) refers to stm32f10x_rcc.o(.text) for RCC_APB1PeriphResetCmd
    stm32f10x_dac.o(.text) refers to stm32f10x_rcc.o(.text) for RCC_APB1PeriphResetCmd
    stm32f10x_gpio.o(.text) refers to stm32f10x_rcc.o(.text) for RCC_APB2PeriphResetCmd
    stm32f10x_i2c.o(.text) refers to stm32f10x_rcc.o(.text) for RCC_APB1PeriphResetCmd
    stm32f10x_pwr.o(.text) refers to stm32f10x_rcc.o(.text) for RCC_APB1PeriphResetCmd
    stm32f10x_rcc.o(.text) refers to stm32f10x_rcc.o(.data) for APBAHBPrescTable
    stm32f10x_spi.o(.text) refers to stm32f10x_rcc.o(.text) for RCC_APB2PeriphResetCmd
    stm32f10x_tim.o(.text) refers to stm32f10x_rcc.o(.text) for RCC_APB2PeriphResetCmd
    stm32f10x_usart.o(.text) refers to stm32f10x_rcc.o(.text) for RCC_APB2PeriphResetCmd
    stm32f10x_wwdg.o(.text) refers to stm32f10x_rcc.o(.text) for RCC_APB1PeriphResetCmd
    system_stm32f10x.o(.text) refers to system_stm32f10x.o(.data) for SystemCoreClock
    led.o(.text) refers to stm32f10x_rcc.o(.text) for RCC_APB2PeriphClockCmd
    led.o(.text) refers to stm32f10x_gpio.o(.text) for GPIO_Init
    esp8266.o(.text) refers to _scanf_str.o(.text) for _scanf_string
    esp8266.o(.text) refers to memseta.o(.text) for __aeabi_memclr
    esp8266.o(.text) refers to usart2.o(.text) for u2_printf
    esp8266.o(.text) refers to strstr.o(.text) for strstr
    esp8266.o(.text) refers to delay.o(.text) for delay_ms
    esp8266.o(.text) refers to memcpya.o(.text) for __aeabi_memcpy
    esp8266.o(.text) refers to printfa.o(i.__0printf) for __2printf
    esp8266.o(.text) refers to usart2.o(.data) for USART2_RX_STA
    esp8266.o(.text) refers to usart2.o(.bss) for USART2_RX_BUF
    esp8266.o(.text) refers to esp8266.o(.bss) for IP_Buff
    esp8266.o(.text) refers to __0sscanf.o(.text) for __0sscanf
    esp8266.o(.text) refers to printfa.o(i.__0sprintf) for __2sprintf
    usart.o(.text) refers to misc.o(.text) for NVIC_PriorityGroupConfig
    usart.o(.text) refers to stm32f10x_rcc.o(.text) for RCC_APB2PeriphClockCmd
    usart.o(.text) refers to stm32f10x_usart.o(.text) for USART_DeInit
    usart.o(.text) refers to stm32f10x_gpio.o(.text) for GPIO_Init
    usart.o(.text) refers to usart.o(.data) for USART_RX_STA
    usart.o(.text) refers to usart.o(.bss) for USART_RX_BUF
    usart2.o(.text) refers to misc.o(.text) for NVIC_PriorityGroupConfig
    usart2.o(.text) refers to stm32f10x_rcc.o(.text) for RCC_APB2PeriphClockCmd
    usart2.o(.text) refers to stm32f10x_usart.o(.text) for USART_DeInit
    usart2.o(.text) refers to stm32f10x_gpio.o(.text) for GPIO_Init
    usart2.o(.text) refers to dma.o(.text) for MYDMA_Config
    usart2.o(.text) refers to timer.o(.text) for TIM2_Config
    usart2.o(.text) refers to stm32f10x_tim.o(.text) for TIM_SetCounter
    usart2.o(.text) refers to printfa.o(i.__0vsprintf) for __c89vsprintf
    usart2.o(.text) refers to strlen.o(.text) for strlen
    usart2.o(.text) refers to usart2.o(.bss) for USART2_TX_BUF
    usart2.o(.text) refers to usart2.o(.data) for USART2_RX_STA
    timer.o(.text) refers to misc.o(.text) for NVIC_PriorityGroupConfig
    timer.o(.text) refers to stm32f10x_rcc.o(.text) for RCC_APB1PeriphClockCmd
    timer.o(.text) refers to stm32f10x_tim.o(.text) for TIM_DeInit
    timer.o(.text) refers to usart2.o(.data) for USART2_RX_STA
    delay.o(.text) refers to system_stm32f10x.o(.data) for SystemCoreClock
    delay.o(.text) refers to stm32f10x_it.o(.data) for nTime
    i2c.o(.text) refers to stm32f10x_rcc.o(.text) for RCC_APB2PeriphClockCmd
    i2c.o(.text) refers to stm32f10x_gpio.o(.text) for GPIO_Init
    i2c.o(.text) refers to printfa.o(i.__0printf) for __2printf
    i2c.o(.text) refers to memcmp.o(.text) for memcmp
[...]
    Removing sht2x2.o(.constdata), (2 bytes).
    Removing main.o(.data), (10 bytes).

24 unused section(s) (total 11926 bytes) removed from the image.

==============================================================================

Image Symbol Table

    Local Symbols

    Symbol Name                              Value     Ov Type        Size  Object(Section)

    ../clib/microlib/ctype/ctype.c           0x00000000   Number         0  ctype_c.o ABSOLUTE
    ../clib/microlib/ctype/ctype.c           0x00000000   Number         0  isspace_c.o ABSOLUTE
    ../clib/microlib/division.c              0x00000000   Number         0  uldiv.o ABSOLUTE
    ../clib/microlib/division.c              0x00000000   Number         0  uidiv.o ABSOLUTE
    ../clib/microlib/init/entry.s            0x00000000   Number         0  entry5.o ABSOLUTE
    ../clib/microlib/init/entry.s            0x00000000   Number         0  entry7a.o ABSOLUTE
    ../clib/microlib/init/entry.s            0x00000000   Number         0  entry7b.o ABSOLUTE
    ../clib/microlib/init/entry.s            0x00000000   Number         0  entry8a.o ABSOLUTE
    ../clib/microlib/init/entry.s            0x00000000   Number         0  entry8b.o ABSOLUTE
    ../clib/microlib/init/entry.s            0x00000000   Number         0  entry9b.o ABSOLUTE
    ../clib/microlib/init/entry.s            0x00000000   Number         0  entry10a.o ABSOLUTE
    ../clib/microlib/init/entry.s            0x00000000   Number         0  entry2.o ABSOLUTE
    ../clib/microlib/init/entry.s            0x00000000   Number         0  entry10b.o ABSOLUTE
    ../clib/microlib/init/entry.s            0x00000000   Number         0  entry11a.o ABSOLUTE
    ../clib/microlib/init/entry.s            0x00000000   Number         0  entry11b.o ABSOLUTE
    ../clib/microlib/init/entry.s            0x00000000   Number         0  entry9a.o ABSOLUTE
    ../clib/microlib/init/entry.s            0x00000000   Number         0  entry.o ABSOLUTE
    ../clib/microlib/longlong.c              0x00000000   Number         0  llsshr.o ABSOLUTE
    ../clib/microlib/longlong.c              0x00000000   Number         0  llushr.o ABSOLUTE
    ../clib/microlib/longlong.c              0x00000000   Number         0  llshl.o ABSOLUTE
    ../clib/microlib/printf/printf.c         0x00000000   Number         0  printf6.o ABSOLUTE
    ../clib/microlib/printf/printf.c         0x00000000   Number         0  printf5.o ABSOLUTE
    ../clib/microlib/printf/printf.c         0x00000000   Number         0  printf4.o ABSOLUTE
    ../clib/microlib/printf/printf.c         0x00000000   Number         0  printf3.o ABSOLUTE
    ../clib/microlib/printf/printf.c         0x00000000   Number         0  printfa.o ABSOLUTE
    ../clib/microlib/printf/printf.c         0x00000000   Number         0  printf2.o ABSOLUTE
    ../clib/microlib/printf/printf.c         0x00000000   Number         0  printf1.o ABSOLUTE
    ../clib/microlib/printf/printf.c         0x00000000   Number         0  printf8.o ABSOLUTE
    ../clib/microlib/printf/printf.c         0x00000000   Number         0  printf7.o ABSOLUTE
    ../clib/microlib/printf/printf.c         0x00000000   Number         0  printf0.o ABSOLUTE
    ../clib/microlib/printf/printf.c         0x00000000   Number         0  printfb.o ABSOLUTE
    ../clib/microlib/printf/stubs.s          0x00000000   Number         0  stubs.o ABSOLUTE
    ../clib/microlib/stdio/streams.c         0x00000000   Number         0  stdout.o ABSOLUTE
    ../clib/microlib/string/memcmp.c         0x00000000   Number         0  memcmp.o ABSOLUTE
    ../clib/microlib/string/memcpy.c         0x00000000   Number         0  memcpyb.o ABSOLUTE
    ../clib/microlib/string/memcpy.c         0x00000000   Number         0  memcpya.o ABSOLUTE
    ../clib/microlib/string/memset.c         0x00000000   Number         0  memseta.o ABSOLUTE
    ../clib/microlib/string/strlen.c         0x00000000   Number         0  strlen.o ABSOLUTE
    ../clib/microlib/string/strstr.c         0x00000000   Number         0  strstr.o ABSOLUTE
    ../clib/microlib/stubs.s                 0x00000000   Number         0  iusefp.o ABSOLUTE
    ../clib/microlib/time/localtime.c        0x00000000   Number         0  localtime_w.o ABSOLUTE
    ../clib/microlib/time/localtime.c        0x00000000   Number         0  localtime.o ABSOLUTE
    ../clib/microlib/time/localtime.c        0x00000000   Number         0  localtime_i.o ABSOLUTE
    ../clib/microlib/time/mktime.c           0x00000000   Number         0  mktime.o ABSOLUTE
    ../clib/scanf.c                          0x00000000   Number         0  _sgetc.o ABSOLUTE
    ../clib/scanf.c                          0x00000000   Number         0  scanf_char.o ABSOLUTE
    ../clib/scanf.c                          0x00000000   Number         0  _scanf.o ABSOLUTE
    ../clib/scanf.c                          0x00000000   Number         0  _scanf_str.o ABSOLUTE
    ../clib/scanf.c                          0x00000000   Number         0  __0sscanf.o ABSOLUTE
    ../fplib/microlib/d2f.c                  0x00000000   Number         0  d2f.o ABSOLUTE
    ../fplib/microlib/f2d.c                  0x00000000   Number         0  f2d.o ABSOLUTE
    ../fplib/microlib/fpadd.c                0x00000000   Number         0  dadd.o ABSOLUTE
    ../fplib/microlib/fpdiv.c                0x00000000   Number         0  ddiv.o ABSOLUTE
    ../fplib/microlib/fpepilogue.c           0x00000000   Number         0  depilogue.o ABSOLUTE
    ../fplib/microlib/fpepilogue.c           0x00000000   Number         0  fepilogue.o ABSOLUTE
    ../fplib/microlib/fpfix.c                0x00000000   Number         0  dfixul.o ABSOLUTE
    ../fplib/microlib/fpfix.c                0x00000000   Number         0  dfixi.o ABSOLUTE
    ../fplib/microlib/fpfix.c                0x00000000   Number         0  dfixui.o ABSOLUTE
    ../fplib/microlib/fpflt.c                0x00000000   Number         0  dflti.o ABSOLUTE
    ../fplib/microlib/fpflt.c                0x00000000   Number         0  ffltui.o ABSOLUTE
    ../fplib/microlib/fpflt.c                0x00000000   Number         0  dfltui.o ABSOLUTE
    ../fplib/microlib/fpmul.c                0x00000000   Number         0  dmul.o ABSOLUTE
    ..\..\BSP\ESP8266.c                      0x00000000   Number         0  esp8266.o ABSOLUTE
    ..\..\BSP\OLED.c                         0x00000000   Number         0  oled.o ABSOLUTE
    ..\..\BSP\Relay.c                        0x00000000   Number         0  relay.o ABSOLUTE
    ..\..\BSP\SHT2X.c                        0x00000000   Number         0  sht2x.o ABSOLUTE
    ..\..\BSP\SHT2X2.c                       0x00000000   Number         0  sht2x2.o ABSOLUTE
    ..\..\BSP\delay.c                        0x00000000   Number         0  delay.o ABSOLUTE
    ..\..\BSP\dma.c                          0x00000000   Number         0  dma.o ABSOLUTE
    ..\..\BSP\exti.c                         0x00000000   Number         0  exti.o ABSOLUTE
    ..\..\BSP\i2c.c                          0x00000000   Number         0  i2c.o ABSOLUTE
    ..\..\BSP\key.c                          0x00000000   Number         0  key.o ABSOLUTE
    ..\..\BSP\led.c                          0x00000000   Number         0  led.o ABSOLUTE
    ..\..\BSP\pwm.c                          0x00000000   Number         0  pwm.o ABSOLUTE
    ..\..\BSP\rtc.c                          0x00000000   Number         0  rtc.o ABSOLUTE
    ..\..\BSP\timer.c                        0x00000000   Number         0  timer.o ABSOLUTE
    ..\..\BSP\usart.c                        0x00000000   Number         0  usart.o ABSOLUTE
    ..\..\BSP\usart2.c                       0x00000000   Number         0  usart2.o ABSOLUTE
    ..\..\Fonts\asc12.c                      0x00000000   Number         0  asc12.o ABSOLUTE
    ..\..\Fonts\asc16.c                      0x00000000   Number         0  asc16.o ABSOLUTE
    ..\..\Fonts\hz12.c                       0x00000000   Number         0  hz12.o ABSOLUTE
    ..\..\Fonts\hz16.c                       0x00000000   Number         0  hz16.o ABSOLUTE
    ..\..\Libraries\CMSIS\CM3\CoreSupport\core_cm3.c 0x00000000   Number         0  core_cm3.o ABSOLUTE
    ..\..\Libraries\CMSIS\CM3\DeviceSupport\ST\STM32F10x\startup\arm\startup_stm32f10x_md.s 0x00000000   Number         0  startup_stm32f10x_md.o ABSOLUTE
    ..\..\Libraries\CMSIS\CM3\DeviceSupport\ST\STM32F10x\system_stm32f10x.c 0x00000000   Number         0  system_stm32f10x.o ABSOLUTE
    ..\..\Libraries\STM32F10x_StdPeriph_Driver\src\misc.c 0x00000000   Number         0  misc.o ABSOLUTE
    ..\..\Libraries\STM32F10x_StdPeriph_Driver\src\stm32f10x_adc.c 0x00000000   Number         0  stm32f10x_adc.o ABSOLUTE
    ..\..\Libraries\STM32F10x_StdPeriph_Driver\src\stm32f10x_bkp.c 0x00000000   Number         0  stm32f10x_bkp.o ABSOLUTE
    ..\..\Libraries\STM32F10x_StdPeriph_Driver\src\stm32f10x_can.c 0x00000000   Number         0  stm32f10x_can.o ABSOLUTE
    ..\..\Libraries\STM32F10x_StdPeriph_Driver\src\stm32f10x_cec.c 0x00000000   Number         0  stm32f10x_cec.o ABSOLUTE
    ..\..\Libraries\STM32F10x_StdPeriph_Driver\src\stm32f10x_crc.c 0x00000000   Number         0  stm32f10x_crc.o ABSOLUTE
    ..\..\Libraries\STM32F10x_StdPeriph_Driver\src\stm32f10x_dac.c 0x00000000   Number         0  stm32f10x_dac.o ABSOLUTE
    ..\..\Libraries\STM32F10x_StdPeriph_Driver\src\stm32f10x_dbgmcu.c 0x00000000   Number         0  stm32f10x_dbgmcu.o ABSOLUTE
    ..\..\Libraries\STM32F10x_StdPeriph_Driver\src\stm32f10x_dma.c 0x00000000   Number         0  stm32f10x_dma.o ABSOLUTE
    ..\..\Libraries\STM32F10x_StdPeriph_Driver\src\stm32f10x_exti.c 0x00000000   Number         0  stm32f10x_exti.o ABSOLUTE
    ..\..\Libraries\STM32F10x_StdPeriph_Driver\src\stm32f10x_flash.c 0x00000000   Number         0  stm32f10x_flash.o ABSOLUTE
    ..\..\Libraries\STM32F10x_StdPeriph_Driver\src\stm32f10x_fsmc.c 0x00000000   Number         0  stm32f10x_fsmc.o ABSOLUTE
    ..\..\Libraries\STM32F10x_StdPeriph_Driver\src\stm32f10x_gpio.c 0x00000000   Number         0  stm32f10x_gpio.o ABSOLUTE
    ..\..\Libraries\STM32F10x_StdPeriph_Driver\src\stm32f10x_i2c.c 0x00000000   Number         0  stm32f10x_i2c.o ABSOLUTE
    ..\..\Libraries\STM32F10x_StdPeriph_Driver\src\stm32f10x_iwdg.c 0x00000000   Number         0  stm32f10x_iwdg.o ABSOLUTE
    ..\..\Libraries\STM32F10x_StdPeriph_Driver\src\stm32f10x_pwr.c 0x00000000   Number         0  stm32f10x_pwr.o ABSOLUTE
    ..\..\Libraries\STM32F10x_StdPeriph_Driver\src\stm32f10x_rcc.c 0x00000000   Number         0  stm32f10x_rcc.o ABSOLUTE
    ..\..\Libraries\STM32F10x_StdPeriph_Driver\src\stm32f10x_rtc.c 0x00000000   Number         0  stm32f10x_rtc.o ABSOLUTE
    ..\..\Libraries\STM32F10x_StdPeriph_Driver\src\stm32f10x_sdio.c 0x00000000   Number         0  stm32f10x_sdio.o ABSOLUTE
    ..\..\Libraries\STM32F10x_StdPeriph_Driver\src\stm32f10x_spi.c 0x00000000   Number         0  stm32f10x_spi.o ABSOLUTE
    ..\..\Libraries\STM32F10x_StdPeriph_Driver\src\stm32f10x_tim.c 0x00000000   Number         0  stm32f10x_tim.o ABSOLUTE
    ..\..\Libraries\STM32F10x_StdPeriph_Driver\src\stm32f10x_usart.c 0x00000000   Number         0  stm32f10x_usart.o ABSOLUTE
    ..\..\Libraries\STM32F10x_StdPeriph_Driver\src\stm32f10x_wwdg.c 0x00000000   Number         0  stm32f10x_wwdg.o ABSOLUTE
    ..\\..\\Libraries\\CMSIS\\CM3\\CoreSupport\\core_cm3.c 0x00000000   Number         0  core_cm3.o ABSOLUTE
    ..\main.c                                0x00000000   Number         0  main.o ABSOLUTE
    ..\stm32f10x_it.c                        0x00000000   Number         0  stm32f10x_it.o ABSOLUTE
    cdrcmple.s                               0x00000000   Number         0  cdrcmple.o ABSOLUTE
    dc.s                                     0x00000000   Number         0  dc.o ABSOLUTE
    handlers.s                               0x00000000   Number         0  handlers.o ABSOLUTE
    init.s                                   0x00000000   Number         0  init.o ABSOLUTE
    RESET                                    0x08000000   Section      236  startup_stm32f10x_md.o(RESET)
    .ARM.Collect$$$$00000000                 0x080000ec   Section        0  entry.o(.ARM.Collect$$$$00000000)
    .ARM.Collect$$$$00000001                 0x080000ec   Section        4  entry2.o(.ARM.Collect$$$$00000001)
    .ARM.Collect$$$$00000004                 0x080000f0   Section        4  entry5.o(.ARM.Collect$$$$00000004)
    .ARM.Collect$$$$00000008                 0x080000f4   Section        0  entry7b.o(.ARM.Collect$$$$00000008)
    .ARM.Collect$$$$0000000A                 0x080000f4   Section        0  entry8b.o(.ARM.Collect$$$$0000000A)
    .ARM.Collect$$$$0000000B                 0x080000f4   Section        8  entry9a.o(.ARM.Collect$$$$0000000B)
    .ARM.Collect$$$$0000000D                 0x080000fc   Section        0  entry10a.o(.ARM.Collect$$$$0000000D)
    .ARM.Collect$$$$0000000F                 0x080000fc   Section        0  entry11a.o(.ARM.Collect$$$$0000000F)
    .ARM.Collect$$$$00002712                 0x080000fc   Section        4  entry2.o(.ARM.Collect$$$$00002712)
    __lit__00000000                          0x080000fc   Data           4  entry2.o(.ARM.Collect$$$$00002712)
    .text                                    0x08000100   Section       36  startup_stm32f10x_md.o(.text)
    .text                                    0x08000124   Section        0  misc.o(.text)
    .text                                    0x08000200   Section        0  stm32f10x_bkp.o(.text)
    .text                                    0x080002c4   Section        0  stm32f10x_dma.o(.text)
    .text                                    0x08000518   Section        0  stm32f10x_exti.o(.text)
    .text                                    0x08000634   Section        0  stm32f10x_gpio.o(.text)
    .text                                    0x08000990   Section        0  stm32f10x_pwr.o(.text)
    .text                                    0x08000a5c   Section        0  stm32f10x_rcc.o(.text)
    .text                                    0x08000e00   Section        0  stm32f10x_rtc.o(.text)
    .text                                    0x08000f48   Section        0  stm32f10x_tim.o(.text)
    TI4_Config                               0x080013ef   Thumb Code   130  stm32f10x_tim.o(.text)
    TI3_Config                               0x08001483   Thumb Code   122  stm32f10x_tim.o(.text)
    TI2_Config                               0x08001517   Thumb Code   130  stm32f10x_tim.o(.text)
    TI1_Config                               0x080015ab   Thumb Code   108  stm32f10x_tim.o(.text)
    .text                                    0x08001d64   Section        0  stm32f10x_usart.o(.text)
    .text                                    0x0800216c   Section        0  system_stm32f10x.o(.text)
    SetSysClockTo72                          0x0800216d   Thumb Code   214  system_stm32f10x.o(.text)
    SetSysClock                              0x08002243   Thumb Code     8  system_stm32f10x.o(.text)
    .text                                    0x0800234c   Section        0  led.o(.text)
    .text                                    0x080023ec   Section        0  esp8266.o(.text)
    .text                                    0x08002f40   Section        0  usart.o(.text)
    .text                                    0x08003098   Section        0  usart2.o(.text)
    .text                                    0x0800321c   Section        0  timer.o(.text)
    .text                                    0x080032d0   Section        0  delay.o(.text)
    .text                                    0x08003368   Section        0  oled.o(.text)
    OLED_ConfigGPIO                          0x0800341d   Thumb Code   132  oled.o(.text)
    OLED_BufToPanel                          0x08003567   Thumb Code    70  oled.o(.text)
    .text                                    0x08003d0c   Section        0  sht2x.o(.text)
    .text                                    0x080042c0   Section        0  exti.o(.text)
    .text                                    0x08004398   Section        0  rtc.o(.text)
    NVIC_Configuration                       0x08004435   Thumb Code    42  rtc.o(.text)
    RTC_Configuration                        0x0800445f   Thumb Code    88  rtc.o(.text)
    USART_Scanf                              0x080044b7   Thumb Code   210  rtc.o(.text)
    .text                                    0x08004a68   Section        0  sht2x2.o(.text)
    .text                                    0x08004fe0   Section        0  dma.o(.text)
    .text                                    0x0800504c   Section        0  main.o(.text)
    NVIC_SystemReset                         0x0800565b   Thumb Code    26  main.o(.text)
    .text                                    0x080056c4   Section        0  stm32f10x_it.o(.text)
    .text                                    0x080056f4   Section        0  mktime.o(.text)
    .text                                    0x0800579c   Section        0  memcpya.o(.text)
    .text                                    0x080057c0   Section        0  memseta.o(.text)
    .text                                    0x080057e4   Section        0  strstr.o(.text)
    .text                                    0x08005808   Section        0  strlen.o(.text)
    .text                                    0x08005818   Section        0  __0sscanf.o(.text)
    .text                                    0x08005850   Section        0  _scanf_str.o(.text)
    .text                                    0x08005930   Section        0  dadd.o(.text)
    .text                                    0x08005a7e   Section        0  dmul.o(.text)
    .text                                    0x08005b62   Section        0  ffltui.o(.text)
    .text                                    0x08005b6c   Section        0  dflti.o(.text)
    .text                                    0x08005b8e   Section        0  dfltui.o(.text)
    .text                                    0x08005ba8   Section        0  dfixi.o(.text)
    .text                                    0x08005be6   Section        0  dfixui.o(.text)
    .text                                    0x08005c18   Section        0  f2d.o(.text)
    .text                                    0x08005c3e   Section        0  d2f.o(.text)
    .text                                    0x08005c76   Section        0  uidiv.o(.text)
    .text                                    0x08005ca2   Section        0  uldiv.o(.text)
    .text                                    0x08005d04   Section        0  llshl.o(.text)
    .text                                    0x08005d22   Section        0  llushr.o(.text)
    .text                                    0x08005d42   Section        0  llsshr.o(.text)
    .text                                    0x08005d68   Section        0  localtime_w.o(.text)
    .text                                    0x08005d74   Section        0  localtime_i.o(.text)
    .text                                    0x08005e00   Section        0  scanf_char.o(.text)
    _scanf_char_input                        0x08005e01   Thumb Code    12  scanf_char.o(.text)
    .text                                    0x08005e28   Section        0  _sgetc.o(.text)
    .text                                    0x08005e68   Section        0  iusefp.o(.text)
    .text                                    0x08005e68   Section        0  fepilogue.o(.text)
    .text                                    0x08005ed6   Section        0  depilogue.o(.text)
    .text                                    0x08005f90   Section        0  ddiv.o(.text)
    .text                                    0x0800606e   Section        0  dfixul.o(.text)
    .text                                    0x080060a0   Section       48  cdrcmple.o(.text)
    .text                                    0x080060d0   Section       36  init.o(.text)
    .text                                    0x080060f4   Section        0  isspace_c.o(.text)
    .text                                    0x08006100   Section        0  _scanf.o(.text)
    .text                                    0x0800642c   Section        0  ctype_c.o(.text)
    i.__0printf                              0x08006454   Section        0  printfa.o(i.__0printf)
    i.__0sprintf                             0x08006474   Section        0  printfa.o(i.__0sprintf)
    i.__0vsprintf                            0x0800649c   Section        0  printfa.o(i.__0vsprintf)
    i.__scatterload_copy                     0x080064c0   Section       14  handlers.o(i.__scatterload_copy)
    i.__scatterload_null                     0x080064ce   Section        2  handlers.o(i.__scatterload_null)
    i.__scatterload_zeroinit                 0x080064d0   Section       14  handlers.o(i.__scatterload_zeroinit)
    i._fp_digits                             0x080064e0   Section        0  printfa.o(i._fp_digits)
    _fp_digits                               0x080064e1   Thumb Code   366  printfa.o(i._fp_digits)
    i._printf_core                           0x08006664   Section        0  printfa.o(i._printf_core)
    _printf_core                             0x08006665   Thumb Code  1744  printfa.o(i._printf_core)
    i._printf_post_padding                   0x08006d40   Section        0  printfa.o(i._printf_post_padding)
    _printf_post_padding                     0x08006d41   Thumb Code    36  printfa.o(i._printf_post_padding)
    i._printf_pre_padding                    0x08006d64   Section        0  printfa.o(i._printf_pre_padding)
    _printf_pre_padding                      0x08006d65   Thumb Code    46  printfa.o(i._printf_pre_padding)
    i._sputc                                 0x08006d92   Section        0  printfa.o(i._sputc)
    _sputc                                   0x08006d93   Thumb Code    10  printfa.o(i._sputc)
    .constdata                               0x08006d9c   Section     1524  asc12.o(.constdata)
    .constdata                               0x08007390   Section     4096  asc16.o(.constdata)
    .constdata                               0x08008390   Section      626  hz12.o(.constdata)
    .constdata                               0x08008602   Section     1566  hz16.o(.constdata)
    .constdata                               0x08008c20   Section       12  mktime.o(.constdata)
    monlen                                   0x08008c20   Data          12  mktime.o(.constdata)
    .constdata                               0x08008c2c   Section       12  localtime_i.o(.constdata)
    monlen                                   0x08008c2c   Data          12  localtime_i.o(.constdata)
    .constdata                               0x08008c38   Section       64  ctype_c.o(.constdata)
    .conststring                             0x08008c78   Section       65  rtc.o(.conststring)
    .data                                    0x20000000   Section       20  stm32f10x_rcc.o(.data)
    APBAHBPrescTable                         0x20000000   Data          16  stm32f10x_rcc.o(.data)
    ADCPrescTable                            0x20000010   Data           4  stm32f10x_rcc.o(.data)
    .data                                    0x20000014   Section       20  system_stm32f10x.o(.data)
    .data                                    0x20000028   Section        2  usart.o(.data)
    .data                                    0x2000002a   Section        3  usart2.o(.data)
    .data                                    0x2000002e   Section       17  oled.o(.data)
    s_ucUpdateEn                             0x2000003e   Data           1  oled.o(.data)
    .data                                    0x20000040   Section        2  stm32f10x_it.o(.data)
    .data                                    0x20000044   Section        4  stdout.o(.data)
    .bss                                     0x20000048   Section     1044  esp8266.o(.bss)
    .bss                                     0x2000045c   Section      256  usart.o(.bss)
    .bss                                     0x2000055c   Section     3072  usart2.o(.bss)
    .bss                                     0x2000115c   Section     1024  oled.o(.bss)
    s_ucGRAM                                 0x2000115c   Data        1024  oled.o(.bss)
    .bss                                     0x2000155c   Section     1024  main.o(.bss)
    .bss                                     0x2000195c   Section       44  localtime_w.o(.bss)
    _tms                                     0x2000195c   Data          44  localtime_w.o(.bss)
    STACK                                    0x20001988   Section     1024  startup_stm32f10x_md.o(STACK)

    Global Symbols

    Symbol Name                              Value     Ov Type        Size  Object(Section)

    BuildAttributes$$THM_ISAv4$P$D$K$B$S$PE$A:L22UL41UL21$X:L11$S22US41US21$IEEE1$IW$USESV6$~STKCKD$USESV7$~SHL$OTIME$ROPI$EBA8$MICROLIB$REQ8$PRES8$EABIv2 0x00000000   Number         0  anon$$obj.o ABSOLUTE
    __ARM_use_no_argv                        0x00000000   Number         0  main.o ABSOLUTE
    _printf_a                                0x00000000   Number         0  stubs.o ABSOLUTE
    _printf_c                                0x00000000   Number         0  stubs.o ABSOLUTE
    _printf_charcount                        0x00000000   Number         0  stubs.o ABSOLUTE
    _printf_d                                0x00000000   Number         0  stubs.o ABSOLUTE
    _printf_e                                0x00000000   Number         0  stubs.o ABSOLUTE
    _printf_f                                0x00000000   Number         0  stubs.o ABSOLUTE
    _printf_flags                            0x00000000   Number         0  stubs.o ABSOLUTE
    _printf_fp_dec                           0x00000000   Number         0  stubs.o ABSOLUTE
    _printf_fp_hex                           0x00000000   Number         0  stubs.o ABSOLUTE
    _printf_g                                0x00000000   Number         0  stubs.o ABSOLUTE
    _printf_i                                0x00000000   Number         0  stubs.o ABSOLUTE
    _printf_int_dec                          0x00000000   Number         0  stubs.o ABSOLUTE
    _printf_l                                0x00000000   Number         0  stubs.o ABSOLUTE
    _printf_lc                               0x00000000   Number         0  stubs.o ABSOLUTE
    _printf_ll                               0x00000000   Number         0  stubs.o ABSOLUTE
    _printf_lld                              0x00000000   Number         0  stubs.o ABSOLUTE
    _printf_lli                              0x00000000   Number         0  stubs.o ABSOLUTE
    _printf_llo                              0x00000000   Number         0  stubs.o ABSOLUTE
    _printf_llu                              0x00000000   Number         0  stubs.o ABSOLUTE
    _printf_llx                              0x00000000   Number         0  stubs.o ABSOLUTE
    _printf_longlong_dec                     0x00000000   Number         0  stubs.o ABSOLUTE
    _printf_longlong_hex                     0x00000000   Number         0  stubs.o ABSOLUTE
    _printf_longlong_oct                     0x00000000   Number         0  stubs.o ABSOLUTE
    _printf_ls                               0x00000000   Number         0  stubs.o ABSOLUTE
    _printf_mbtowc                           0x00000000   Number         0  stubs.o ABSOLUTE
    _printf_n                                0x00000000   Number         0  stubs.o ABSOLUTE
    _printf_o                                0x00000000   Number         0  stubs.o ABSOLUTE
    _printf_p                                0x00000000   Number         0  stubs.o ABSOLUTE
    _printf_percent                          0x00000000   Number         0  stubs.o ABSOLUTE
    _printf_pre_padding                      0x00000000   Number         0  stubs.o ABSOLUTE
    _printf_return_value                     0x00000000   Number         0  stubs.o ABSOLUTE
    _printf_s                                0x00000000   Number         0  stubs.o ABSOLUTE
    _printf_sizespec                         0x00000000   Number         0  stubs.o ABSOLUTE
    _printf_str                              0x00000000   Number         0  stubs.o ABSOLUTE
    _printf_truncate_signed                  0x00000000   Number         0  stubs.o ABSOLUTE
    _printf_truncate_unsigned                0x00000000   Number         0  stubs.o ABSOLUTE
    _printf_u                                0x00000000   Number         0  stubs.o ABSOLUTE
    _printf_wc                               0x00000000   Number         0  stubs.o ABSOLUTE
    _printf_wctomb                           0x00000000   Number         0  stubs.o ABSOLUTE
    _printf_widthprec                        0x00000000   Number         0  stubs.o ABSOLUTE
    _printf_x                                0x00000000   Number         0  stubs.o ABSOLUTE
    __cpp_initialize__aeabi_                  - Undefined Weak Reference
    __cxa_finalize                            - Undefined Weak Reference
    __decompress                              - Undefined Weak Reference
    _clock_init                               - Undefined Weak Reference
    _microlib_exit                            - Undefined Weak Reference
    _scanf_int                                - Undefined Weak Reference
    _scanf_longlong                           - Undefined Weak Reference
    _scanf_real                               - Undefined Weak Reference
    __Vectors_Size                           0x000000ec   Number         0  startup_stm32f10x_md.o ABSOLUTE
    __Vectors                                0x08000000   Data           4  startup_stm32f10x_md.o(RESET)
    __Vectors_End                            0x080000ec   Data           0  startup_stm32f10x_md.o(RESET)
    __main                                   0x080000ed   Thumb Code     0  entry.o(.ARM.Collect$$$$00000000)
    _main_stk                                0x080000ed   Thumb Code     0  entry2.o(.ARM.Collect$$$$00000001)
    _main_scatterload                        0x080000f1   Thumb Code     0  entry5.o(.ARM.Collect$$$$00000004)
    __main_after_scatterload                 0x080000f5   Thumb Code     0  entry5.o(.ARM.Collect$$$$00000004)
    _main_clock                              0x080000f5   Thumb Code     0  entry7b.o(.ARM.Collect$$$$00000008)
    _main_cpp_init                           0x080000f5   Thumb Code     0  entry8b.o(.ARM.Collect$$$$0000000A)
    _main_init                               0x080000f5   Thumb Code     0  entry9a.o(.ARM.Collect$$$$0000000B)
    __rt_final_cpp                           0x080000fd   Thumb Code     0  entry10a.o(.ARM.Collect$$$$0000000D)
    __rt_final_exit                          0x080000fd   Thumb Code     0  entry11a.o(.ARM.Collect$$$$0000000F)
    Reset_Handler                            0x08000101   Thumb Code     8  startup_stm32f10x_md.o(.text)
    ADC1_2_IRQHandler                        0x0800011b   Thumb Code     0  startup_stm32f10x_md.o(.text)
    CAN1_RX1_IRQHandler                      0x0800011b   Thumb Code     0  startup_stm32f10x_md.o(.text)
    CAN1_SCE_IRQHandler                      0x0800011b   Thumb Code     0  startup_stm32f10x_md.o(.text)
    DMA1_Channel1_IRQHandler                 0x0800011b   Thumb Code     0  startup_stm32f10x_md.o(.text)
    DMA1_Channel2_IRQHandler                 0x0800011b   Thumb Code     0  startup_stm32f10x_md.o(.text)
    DMA1_Channel3_IRQHandler                 0x0800011b   Thumb Code     0  startup_stm32f10x_md.o(.text)
    DMA1_Channel4_IRQHandler                 0x0800011b   Thumb Code     0  startup_stm32f10x_md.o(.text)
    DMA1_Channel5_IRQHandler                 0x0800011b   Thumb Code     0  startup_stm32f10x_md.o(.text)
    DMA1_Channel6_IRQHandler                 0x0800011b   Thumb Code     0  startup_stm32f10x_md.o(.text)
    DMA1_Channel7_IRQHandler                 0x0800011b   Thumb Code     0  startup_stm32f10x_md.o(.text)
    EXTI0_IRQHandler                         0x0800011b   Thumb Code     0  startup_stm32f10x_md.o(.text)
    EXTI1_IRQHandler                         0x0800011b   Thumb Code     0  startup_stm32f10x_md.o(.text)
    EXTI2_IRQHandler                         0x0800011b   Thumb Code     0  startup_stm32f10x_md.o(.text)
    EXTI3_IRQHandler                         0x0800011b   Thumb Code     0  startup_stm32f10x_md.o(.text)
    EXTI4_IRQHandler                         0x0800011b   Thumb Code     0  startup_stm32f10x_md.o(.text)
    FLASH_IRQHandler                         0x0800011b   Thumb Code     0  startup_stm32f10x_md.o(.text)
    I2C1_ER_IRQHandler                       0x0800011b   Thumb Code     0  startup_stm32f10x_md.o(.text)
    I2C1_EV_IRQHandler                       0x0800011b   Thumb Code     0  startup_stm32f10x_md.o(.text)
    I2C2_ER_IRQHandler                       0x0800011b   Thumb Code     0  startup_stm32f10x_md.o(.text)
    I2C2_EV_IRQHandler                       0x0800011b   Thumb Code     0  startup_stm32f10x_md.o(.text)
    PVD_IRQHandler                           0x0800011b   Thumb Code     0  startup_stm32f10x_md.o(.text)
    RCC_IRQHandler                           0x0800011b   Thumb Code     0  startup_stm32f10x_md.o(.text)
    RTCAlarm_IRQHandler                      0x0800011b   Thumb Code     0  startup_stm32f10x_md.o(.text)
    SPI1_IRQHandler                          0x0800011b   Thumb Code     0  startup_stm32f10x_md.o(.text)
    SPI2_IRQHandler                          0x0800011b   Thumb Code     0  startup_stm32f10x_md.o(.text)
    TAMPER_IRQHandler                        0x0800011b   Thumb Code     0  startup_stm32f10x_md.o(.text)
    TIM1_BRK_IRQHandler                      0x0800011b   Thumb Code     0  startup_stm32f10x_md.o(.text)
    TIM1_CC_IRQHandler                       0x0800011b   Thumb Code     0  startup_stm32f10x_md.o(.text)
    TIM1_TRG_COM_IRQHandler                  0x0800011b   Thumb Code     0  startup_stm32f10x_md.o(.text)
    TIM1_UP_IRQHandler                       0x0800011b   Thumb Code     0  startup_stm32f10x_md.o(.text)
    TIM3_IRQHandler                          0x0800011b   Thumb Code     0  startup_stm32f10x_md.o(.text)
    TIM4_IRQHandler                          0x0800011b   Thumb Code     0  startup_stm32f10x_md.o(.text)
    USART3_IRQHandler                        0x0800011b   Thumb Code     0  startup_stm32f10x_md.o(.text)
    USBWakeUp_IRQHandler                     0x0800011b   Thumb Code     0  startup_stm32f10x_md.o(.text)
    USB_HP_CAN1_TX_IRQHandler                0x0800011b   Thumb Code     0  startup_stm32f10x_md.o(.text)
    USB_LP_CAN1_RX0_IRQHandler               0x0800011b   Thumb Code     0  startup_stm32f10x_md.o(.text)
    WWDG_IRQHandler                          0x0800011b   Thumb Code     0  startup_stm32f10x_md.o(.text)
    NVIC_PriorityGroupConfig                 0x08000125   Thumb Code    10  misc.o(.text)
    NVIC_Init                                0x0800012f   Thumb Code   100  misc.o(.text)
    NVIC_SetVectorTable                      0x08000193   Thumb Code    14  misc.o(.text)
    NVIC_SystemLPConfig                      0x080001a1   Thumb Code    34  misc.o(.text)
    SysTick_CLKSourceConfig                  0x080001c3   Thumb Code    40  misc.o(.text)
    BKP_DeInit                               0x08000201   Thumb Code    16  stm32f10x_bkp.o(.text)
    BKP_TamperPinLevelConfig                 0x08000211   Thumb Code     6  stm32f10x_bkp.o(.text)
    BKP_TamperPinCmd                         0x08000217   Thumb Code     8  stm32f10x_bkp.o(.text)
    BKP_ITConfig                             0x0800021f   Thumb Code     8  stm32f10x_bkp.o(.text)
    BKP_RTCOutputConfig                      0x08000227   Thumb Code    22  stm32f10x_bkp.o(.text)
    BKP_SetRTCCalibrationValue               0x0800023d   Thumb Code    22  stm32f10x_bkp.o(.text)
    BKP_WriteBackupRegister                  0x08000253   Thumb Code    24  stm32f10x_bkp.o(.text)
    BKP_ReadBackupRegister                   0x0800026b   Thumb Code    26  stm32f10x_bkp.o(.text)
    BKP_GetFlagStatus                        0x08000285   Thumb Code    10  stm32f10x_bkp.o(.text)
    BKP_ClearFlag                            0x0800028f   Thumb Code    18  stm32f10x_bkp.o(.text)
    BKP_GetITStatus                          0x080002a1   Thumb Code    10  stm32f10x_bkp.o(.text)
    BKP_ClearITPendingBit                    0x080002ab   Thumb Code    18  stm32f10x_bkp.o(.text)
    DMA_DeInit                               0x080002c5   Thumb Code   324  stm32f10x_dma.o(.text)
    DMA_Init                                 0x08000409   Thumb Code    60  stm32f10x_dma.o(.text)
    DMA_StructInit                           0x08000445   Thumb Code    26  stm32f10x_dma.o(.text)
    DMA_Cmd                                  0x0800045f   Thumb Code    24  stm32f10x_dma.o(.text)
    DMA_ITConfig                             0x08000477   Thumb Code    18  stm32f10x_dma.o(.text)
    DMA_SetCurrDataCounter                   0x08000489   Thumb Code     4  stm32f10x_dma.o(.text)
    DMA_GetCurrDataCounter                   0x0800048d   Thumb Code     8  stm32f10x_dma.o(.text)
    DMA_GetFlagStatus                        0x08000495   Thumb Code    40  stm32f10x_dma.o(.text)
    DMA_ClearFlag                            0x080004bd   Thumb Code    22  stm32f10x_dma.o(.text)
    DMA_GetITStatus                          0x080004d3   Thumb Code    40  stm32f10x_dma.o(.text)
    DMA_ClearITPendingBit                    0x080004fb   Thumb Code    22  stm32f10x_dma.o(.text)
    EXTI_DeInit                              0x08000519   Thumb Code    28  stm32f10x_exti.o(.text)
    EXTI_Init                                0x08000535   Thumb Code   142  stm32f10x_exti.o(.text)
    EXTI_StructInit                          0x080005c3   Thumb Code    16  stm32f10x_exti.o(.text)
    EXTI_GenerateSWInterrupt                 0x080005d3   Thumb Code    16  stm32f10x_exti.o(.text)
    EXTI_GetFlagStatus                       0x080005e3   Thumb Code    22  stm32f10x_exti.o(.text)
    EXTI_ClearFlag                           0x080005f9   Thumb Code     8  stm32f10x_exti.o(.text)
    EXTI_GetITStatus                         0x08000601   Thumb Code    34  stm32f10x_exti.o(.text)
    EXTI_ClearITPendingBit                   0x08000623   Thumb Code     8  stm32f10x_exti.o(.text)
    GPIO_DeInit                              0x08000635   Thumb Code   172  stm32f10x_gpio.o(.text)
    GPIO_AFIODeInit                          0x080006e1   Thumb Code    20  stm32f10x_gpio.o(.text)
    GPIO_Init                                0x080006f5   Thumb Code   278  stm32f10x_gpio.o(.text)
    GPIO_StructInit                          0x0800080b   Thumb Code    16  stm32f10x_gpio.o(.text)
    GPIO_ReadInputDataBit                    0x0800081b   Thumb Code    18  stm32f10x_gpio.o(.text)
    GPIO_ReadInputData                       0x0800082d   Thumb Code     8  stm32f10x_gpio.o(.text)
    GPIO_ReadOutputDataBit                   0x08000835   Thumb Code    18  stm32f10x_gpio.o(.text)
    GPIO_ReadOutputData                      0x08000847   Thumb Code     8  stm32f10x_gpio.o(.text)
    GPIO_SetBits                             0x0800084f   Thumb Code     4  stm32f10x_gpio.o(.text)
    GPIO_ResetBits                           0x08000853   Thumb Code     4  stm32f10x_gpio.o(.text)
    GPIO_WriteBit                            0x08000857   Thumb Code    10  stm32f10x_gpio.o(.text)
    GPIO_Write                               0x08000861   Thumb Code     4  stm32f10x_gpio.o(.text)
    GPIO_PinLockConfig                       0x08000865   Thumb Code    18  stm32f10x_gpio.o(.text)
    GPIO_EventOutputConfig                   0x08000877   Thumb Code    26  stm32f10x_gpio.o(.text)
    GPIO_EventOutputCmd                      0x08000891   Thumb Code     6  stm32f10x_gpio.o(.text)
    GPIO_PinRemapConfig                      0x08000897   Thumb Code   138  stm32f10x_gpio.o(.text)
    GPIO_EXTILineConfig                      0x08000921   Thumb Code    66  stm32f10x_gpio.o(.text)
    GPIO_ETH_MediaInterfaceConfig            0x08000963   Thumb Code     8  stm32f10x_gpio.o(.text)
    PWR_DeInit                               0x08000991   Thumb Code    22  stm32f10x_pwr.o(.text)
    PWR_BackupAccessCmd                      0x080009a7   Thumb Code     6  stm32f10x_pwr.o(.text)
    PWR_PVDCmd                               0x080009ad   Thumb Code     6  stm32f10x_pwr.o(.text)
    PWR_PVDLevelConfig                       0x080009b3   Thumb Code    18  stm32f10x_pwr.o(.text)
    PWR_WakeUpPinCmd                         0x080009c5   Thumb Code     8  stm32f10x_pwr.o(.text)
    PWR_EnterSTOPMode                        0x080009cd   Thumb Code    54  stm32f10x_pwr.o(.text)
    PWR_EnterSTANDBYMode                     0x08000a03   Thumb Code    42  stm32f10x_pwr.o(.text)
    PWR_GetFlagStatus                        0x08000a2d   Thumb Code    20  stm32f10x_pwr.o(.text)
    PWR_ClearFlag                            0x08000a41   Thumb Code    14  stm32f10x_pwr.o(.text)
    RCC_DeInit                               0x08000a5d   Thumb Code    64  stm32f10x_rcc.o(.text)
    RCC_HSEConfig                            0x08000a9d   Thumb Code    70  stm32f10x_rcc.o(.text)
    RCC_GetFlagStatus                        0x08000ae3   Thumb Code    56  stm32f10x_rcc.o(.text)
    RCC_WaitForHSEStartUp                    0x08000b1b   Thumb Code    56  stm32f10x_rcc.o(.text)
    RCC_AdjustHSICalibrationValue            0x08000b53   Thumb Code    20  stm32f10x_rcc.o(.text)
    RCC_HSICmd                               0x08000b67   Thumb Code     6  stm32f10x_rcc.o(.text)
    RCC_PLLConfig                            0x08000b6d   Thumb Code    24  stm32f10x_rcc.o(.text)
    RCC_PLLCmd                               0x08000b85   Thumb Code     6  stm32f10x_rcc.o(.text)
    RCC_SYSCLKConfig                         0x08000b8b   Thumb Code    18  stm32f10x_rcc.o(.text)
    RCC_GetSYSCLKSource                      0x08000b9d   Thumb Code    10  stm32f10x_rcc.o(.text)
    RCC_HCLKConfig                           0x08000ba7   Thumb Code    18  stm32f10x_rcc.o(.text)
    RCC_PCLK1Config                          0x08000bb9   Thumb Code    18  stm32f10x_rcc.o(.text)
    RCC_PCLK2Config                          0x08000bcb   Thumb Code    20  stm32f10x_rcc.o(.text)
    RCC_ITConfig                             0x08000bdf   Thumb Code    26  stm32f10x_rcc.o(.text)
    RCC_USBCLKConfig                         0x08000bf9   Thumb Code     8  stm32f10x_rcc.o(.text)
    RCC_ADCCLKConfig                         0x08000c01   Thumb Code    18  stm32f10x_rcc.o(.text)
    RCC_LSEConfig                            0x08000c13   Thumb Code    50  stm32f10x_rcc.o(.text)
    RCC_LSICmd                               0x08000c45   Thumb Code     6  stm32f10x_rcc.o(.text)
    RCC_RTCCLKConfig                         0x08000c4b   Thumb Code    12  stm32f10x_rcc.o(.text)
    RCC_RTCCLKCmd                            0x08000c57   Thumb Code     8  stm32f10x_rcc.o(.text)
    RCC_GetClocksFreq                        0x08000c5f   Thumb Code   192  stm32f10x_rcc.o(.text)
    RCC_AHBPeriphClockCmd                    0x08000d1f   Thumb Code    26  stm32f10x_rcc.o(.text)
    RCC_APB2PeriphClockCmd                   0x08000d39   Thumb Code    26  stm32f10x_rcc.o(.text)
    RCC_APB1PeriphClockCmd                   0x08000d53   Thumb Code    26  stm32f10x_rcc.o(.text)
    RCC_APB2PeriphResetCmd                   0x08000d6d   Thumb Code    26  stm32f10x_rcc.o(.text)
    RCC_APB1PeriphResetCmd                   0x08000d87   Thumb Code    26  stm32f10x_rcc.o(.text)
    RCC_BackupResetCmd                       0x08000da1   Thumb Code     8  stm32f10x_rcc.o(.text)
    RCC_ClockSecuritySystemCmd               0x08000da9   Thumb Code     6  stm32f10x_rcc.o(.text)
    RCC_MCOConfig                            0x08000daf   Thumb Code     6  stm32f10x_rcc.o(.text)
    RCC_ClearFlag                            0x08000db5   Thumb Code    14  stm32f10x_rcc.o(.text)
    RCC_GetITStatus                          0x08000dc3   Thumb Code    20  stm32f10x_rcc.o(.text)
    RCC_ClearITPendingBit                    0x08000dd7   Thumb Code     6  stm32f10x_rcc.o(.text)
    RTC_ITConfig                             0x08000e01   Thumb Code    26  stm32f10x_rtc.o(.text)
    RTC_EnterConfigMode                      0x08000e1b   Thumb Code    18  stm32f10x_rtc.o(.text)
    RTC_ExitConfigMode                       0x08000e2d   Thumb Code    20  stm32f10x_rtc.o(.text)
    RTC_GetCounter                           0x08000e41   Thumb Code    18  stm32f10x_rtc.o(.text)
    RTC_SetCounter                           0x08000e53   Thumb Code    26  stm32f10x_rtc.o(.text)
    RTC_SetPrescaler                         0x08000e6d   Thumb Code    28  stm32f10x_rtc.o(.text)
    RTC_SetAlarm                             0x08000e89   Thumb Code    26  stm32f10x_rtc.o(.text)
    RTC_GetDivider                           0x08000ea3   Thumb Code    22  stm32f10x_rtc.o(.text)
    RTC_WaitForLastTask                      0x08000eb9   Thumb Code    18  stm32f10x_rtc.o(.text)
    RTC_WaitForSynchro                       0x08000ecb   Thumb Code    36  stm32f10x_rtc.o(.text)
    RTC_GetFlagStatus                        0x08000eef   Thumb Code    22  stm32f10x_rtc.o(.text)
    RTC_ClearFlag                            0x08000f05   Thumb Code    16  stm32f10x_rtc.o(.text)
    RTC_GetITStatus                          0x08000f15   Thumb Code    32  stm32f10x_rtc.o(.text)
    RTC_ClearITPendingBit                    0x08000f35   Thumb Code    16  stm32f10x_rtc.o(.text)
    TIM_DeInit                               0x08000f49   Thumb Code   424  stm32f10x_tim.o(.text)
    TIM_TimeBaseInit                         0x080010f1   Thumb Code   122  stm32f10x_tim.o(.text)
    TIM_OC1Init                              0x0800116b   Thumb Code   132  stm32f10x_tim.o(.text)
    TIM_OC2Init                              0x080011ef   Thumb Code   154  stm32f10x_tim.o(.text)
    TIM_OC3Init                              0x08001289   Thumb Code   150  stm32f10x_tim.o(.text)
    TIM_OC4Init                              0x0800131f   Thumb Code   182  stm32f10x_tim.o(.text)
    TIM_SetIC4Prescaler                      0x080013d5   Thumb Code    26  stm32f10x_tim.o(.text)
    TIM_SetIC3Prescaler                      0x08001471   Thumb Code    18  stm32f10x_tim.o(.text)
    TIM_SetIC2Prescaler                      0x080014fd   Thumb Code    26  stm32f10x_tim.o(.text)
    TIM_SetIC1Prescaler                      0x08001599   Thumb Code    18  stm32f10x_tim.o(.text)
    TIM_ICInit                               0x08001617   Thumb Code   150  stm32f10x_tim.o(.text)
    TIM_PWMIConfig                           0x080016ad   Thumb Code   124  stm32f10x_tim.o(.text)
    TIM_BDTRConfig                           0x08001729   Thumb Code    32  stm32f10x_tim.o(.text)
    TIM_TimeBaseStructInit                   0x08001749   Thumb Code    18  stm32f10x_tim.o(.text)
    TIM_OCStructInit                         0x0800175b   Thumb Code    20  stm32f10x_tim.o(.text)
    TIM_ICStructInit                         0x0800176f   Thumb Code    18  stm32f10x_tim.o(.text)
    TIM_BDTRStructInit                       0x08001781   Thumb Code    40  stm32f10x_tim.o(.text)
    TIM_Cmd                                  0x080017a9   Thumb Code    24  stm32f10x_tim.o(.text)
    TIM_CtrlPWMOutputs                       0x080017c1   Thumb Code    30  stm32f10x_tim.o(.text)
    TIM_ITConfig                             0x080017df   Thumb Code    18  stm32f10x_tim.o(.text)
    TIM_GenerateEvent                        0x080017f1   Thumb Code     4  stm32f10x_tim.o(.text)
    TIM_DMAConfig                            0x080017f5   Thumb Code    10  stm32f10x_tim.o(.text)
    TIM_DMACmd                               0x080017ff   Thumb Code    18  stm32f10x_tim.o(.text)
    TIM_InternalClockConfig                  0x08001811   Thumb Code    12  stm32f10x_tim.o(.text)
    TIM_SelectInputTrigger                   0x0800181d   Thumb Code    18  stm32f10x_tim.o(.text)
    TIM_ITRxExternalClockConfig              0x0800182f   Thumb Code    24  stm32f10x_tim.o(.text)
    TIM_TIxExternalClockConfig               0x08001847   Thumb Code    62  stm32f10x_tim.o(.text)
    TIM_ETRConfig                            0x08001885   Thumb Code    28  stm32f10x_tim.o(.text)
    TIM_ETRClockMode1Config                  0x080018a1   Thumb Code    54  stm32f10x_tim.o(.text)
    TIM_ETRClockMode2Config                  0x080018d7   Thumb Code    32  stm32f10x_tim.o(.text)
    TIM_PrescalerConfig                      0x080018f7   Thumb Code     6  stm32f10x_tim.o(.text)
    TIM_CounterModeConfig                    0x080018fd   Thumb Code    18  stm32f10x_tim.o(.text)
    TIM_EncoderInterfaceConfig               0x0800190f   Thumb Code    66  stm32f10x_tim.o(.text)
    TIM_ForcedOC1Config                      0x08001951   Thumb Code    18  stm32f10x_tim.o(.text)
    TIM_ForcedOC2Config                      0x08001963   Thumb Code    26  stm32f10x_tim.o(.text)
    TIM_ForcedOC3Config                      0x0800197d   Thumb Code    18  stm32f10x_tim.o(.text)
    TIM_ForcedOC4Config                      0x0800198f   Thumb Code    26  stm32f10x_tim.o(.text)
    TIM_ARRPreloadConfig                     0x080019a9   Thumb Code    24  stm32f10x_tim.o(.text)
    TIM_SelectCOM                            0x080019c1   Thumb Code    24  stm32f10x_tim.o(.text)
    TIM_SelectCCDMA                          0x080019d9   Thumb Code    24  stm32f10x_tim.o(.text)
    TIM_CCPreloadControl                     0x080019f1   Thumb Code    24  stm32f10x_tim.o(.text)
    TIM_OC1PreloadConfig                     0x08001a09   Thumb Code    18  stm32f10x_tim.o(.text)
    TIM_OC2PreloadConfig                     0x08001a1b   Thumb Code    26  stm32f10x_tim.o(.text)
    TIM_OC3PreloadConfig                     0x08001a35   Thumb Code    18  stm32f10x_tim.o(.text)
    TIM_OC4PreloadConfig                     0x08001a47   Thumb Code    26  stm32f10x_tim.o(.text)
    TIM_OC1FastConfig                        0x08001a61   Thumb Code    18  stm32f10x_tim.o(.text)
    TIM_OC2FastConfig                        0x08001a73   Thumb Code    26  stm32f10x_tim.o(.text)
    TIM_OC3FastConfig                        0x08001a8d   Thumb Code    18  stm32f10x_tim.o(.text)
    TIM_OC4FastConfig                        0x08001a9f   Thumb Code    26  stm32f10x_tim.o(.text)
    TIM_ClearOC1Ref                          0x08001ab9   Thumb Code    18  stm32f10x_tim.o(.text)
    TIM_ClearOC2Ref                          0x08001acb   Thumb Code    24  stm32f10x_tim.o(.text)
    TIM_ClearOC3Ref                          0x08001ae3   Thumb Code    18  stm32f10x_tim.o(.text)
    TIM_ClearOC4Ref                          0x08001af5   Thumb Code    24  stm32f10x_tim.o(.text)
    TIM_OC1PolarityConfig                    0x08001b0d   Thumb Code    18  stm32f10x_tim.o(.text)
    TIM_OC1NPolarityConfig                   0x08001b1f   Thumb Code    18  stm32f10x_tim.o(.text)
    TIM_OC2PolarityConfig                    0x08001b31   Thumb Code    26  stm32f10x_tim.o(.text)
    TIM_OC2NPolarityConfig                   0x08001b4b   Thumb Code    26  stm32f10x_tim.o(.text)
    TIM_OC3PolarityConfig                    0x08001b65   Thumb Code    26  stm32f10x_tim.o(.text)
    TIM_OC3NPolarityConfig                   0x08001b7f   Thumb Code    26  stm32f10x_tim.o(.text)
    TIM_OC4PolarityConfig                    0x08001b99   Thumb Code    26  stm32f10x_tim.o(.text)
    TIM_CCxCmd                               0x08001bb3   Thumb Code    30  stm32f10x_tim.o(.text)
    TIM_CCxNCmd                              0x08001bd1   Thumb Code    30  stm32f10x_tim.o(.text)
    TIM_SelectOCxM                           0x08001bef   Thumb Code    82  stm32f10x_tim.o(.text)
    TIM_UpdateDisableConfig                  0x08001c41   Thumb Code    24  stm32f10x_tim.o(.text)
    TIM_UpdateRequestConfig                  0x08001c59   Thumb Code    24  stm32f10x_tim.o(.text)
    TIM_SelectHallSensor                     0x08001c71   Thumb Code    24  stm32f10x_tim.o(.text)
    TIM_SelectOnePulseMode                   0x08001c89   Thumb Code    18  stm32f10x_tim.o(.text)
    TIM_SelectOutputTrigger                  0x08001c9b   Thumb Code    18  stm32f10x_tim.o(.text)
    TIM_SelectSlaveMode                      0x08001cad   Thumb Code    18  stm32f10x_tim.o(.text)
    TIM_SelectMasterSlaveMode                0x08001cbf   Thumb Code    18  stm32f10x_tim.o(.text)
    TIM_SetCounter                           0x08001cd1   Thumb Code     4  stm32f10x_tim.o(.text)
    TIM_SetAutoreload                        0x08001cd5   Thumb Code     4  stm32f10x_tim.o(.text)
    TIM_SetCompare1                          0x08001cd9   Thumb Code     4  stm32f10x_tim.o(.text)
    TIM_SetCompare2                          0x08001cdd   Thumb Code     4  stm32f10x_tim.o(.text)
    TIM_SetCompare3                          0x08001ce1   Thumb Code     4  stm32f10x_tim.o(.text)
    TIM_SetCompare4                          0x08001ce5   Thumb Code     6  stm32f10x_tim.o(.text)
    TIM_SetClockDivision                     0x08001ceb   Thumb Code    18  stm32f10x_tim.o(.text)
    TIM_GetCapture1                          0x08001cfd   Thumb Code     6  stm32f10x_tim.o(.text)
    TIM_GetCapture2                          0x08001d03   Thumb Code     6  stm32f10x_tim.o(.text)
    TIM_GetCapture3                          0x08001d09   Thumb Code     6  stm32f10x_tim.o(.text)
    TIM_GetCapture4                          0x08001d0f   Thumb Code     8  stm32f10x_tim.o(.text)
    TIM_GetCounter                           0x08001d17   Thumb Code     6  stm32f10x_tim.o(.text)
    TIM_GetPrescaler                         0x08001d1d   Thumb Code     6  stm32f10x_tim.o(.text)
    TIM_GetFlagStatus                        0x08001d23   Thumb Code    18  stm32f10x_tim.o(.text)
    TIM_ClearFlag                            0x08001d35   Thumb Code     6  stm32f10x_tim.o(.text)
    TIM_GetITStatus                          0x08001d3b   Thumb Code    34  stm32f10x_tim.o(.text)
    TIM_ClearITPendingBit                    0x08001d5d   Thumb Code     6  stm32f10x_tim.o(.text)
    USART_DeInit                             0x08001d65   Thumb Code   134  stm32f10x_usart.o(.text)
    USART_Init                               0x08001deb   Thumb Code   210  stm32f10x_usart.o(.text)
    USART_StructInit                         0x08001ebd   Thumb Code    24  stm32f10x_usart.o(.text)
    USART_ClockInit                          0x08001ed5   Thumb Code    34  stm32f10x_usart.o(.text)
    USART_ClockStructInit                    0x08001ef7   Thumb Code    12  stm32f10x_usart.o(.text)
    USART_Cmd                                0x08001f03   Thumb Code    24  stm32f10x_usart.o(.text)
    USART_ITConfig                           0x08001f1b   Thumb Code    74  stm32f10x_usart.o(.text)
    USART_DMACmd                             0x08001f65   Thumb Code    18  stm32f10x_usart.o(.text)
    USART_SetAddress                         0x08001f77   Thumb Code    18  stm32f10x_usart.o(.text)
    USART_WakeUpConfig                       0x08001f89   Thumb Code    18  stm32f10x_usart.o(.text)
    USART_ReceiverWakeUpCmd                  0x08001f9b   Thumb Code    24  stm32f10x_usart.o(.text)
    USART_LINBreakDetectLengthConfig         0x08001fb3   Thumb Code    18  stm32f10x_usart.o(.text)
    USART_LINCmd                             0x08001fc5   Thumb Code    24  stm32f10x_usart.o(.text)
    USART_SendData                           0x08001fdd   Thumb Code     8  stm32f10x_usart.o(.text)
    USART_ReceiveData                        0x08001fe5   Thumb Code    10  stm32f10x_usart.o(.text)
    USART_SendBreak                          0x08001fef   Thumb Code    10  stm32f10x_usart.o(.text)
    USART_SetGuardTime                       0x08001ff9   Thumb Code    16  stm32f10x_usart.o(.text)
    USART_SetPrescaler                       0x08002009   Thumb Code    16  stm32f10x_usart.o(.text)
    USART_SmartCardCmd                       0x08002019   Thumb Code    24  stm32f10x_usart.o(.text)
    USART_SmartCardNACKCmd                   0x08002031   Thumb Code    24  stm32f10x_usart.o(.text)
    USART_HalfDuplexCmd                      0x08002049   Thumb Code    24  stm32f10x_usart.o(.text)
    USART_OverSampling8Cmd                   0x08002061   Thumb Code    22  stm32f10x_usart.o(.text)
    USART_OneBitMethodCmd                    0x08002077   Thumb Code    24  stm32f10x_usart.o(.text)
    USART_IrDAConfig                         0x0800208f   Thumb Code    18  stm32f10x_usart.o(.text)
    USART_IrDACmd                            0x080020a1   Thumb Code    24  stm32f10x_usart.o(.text)
    USART_GetFlagStatus                      0x080020b9   Thumb Code    26  stm32f10x_usart.o(.text)
    USART_ClearFlag                          0x080020d3   Thumb Code    18  stm32f10x_usart.o(.text)
    USART_GetITStatus                        0x080020e5   Thumb Code    84  stm32f10x_usart.o(.text)
    USART_ClearITPendingBit                  0x08002139   Thumb Code    52  stm32f10x_usart.o(.text)
    SystemInit                               0x0800224b   Thumb Code    78  system_stm32f10x.o(.text)
    SystemCoreClockUpdate                    0x08002299   Thumb Code   142  system_stm32f10x.o(.text)
    LED_GPIO_Config                          0x0800234d   Thumb Code    92  led.o(.text)
    LEDXToggle                               0x080023a9   Thumb Code    58  led.o(.text)
    ESP8266_SendCmd_OK                       0x080023ed   Thumb Code    76  esp8266.o(.text)
    ESP8266_GetIP                            0x08002439   Thumb Code   130  esp8266.o(.text)
    ESP8266_ConnectionAP                     0x080024bb   Thumb Code    84  esp8266.o(.text)
    ESP8266_SoftReset                        0x0800250f   Thumb Code    70  esp8266.o(.text)
    ESP8266_STA_TCPServer                    0x08002555   Thumb Code   146  esp8266.o(.text)
    ESP8266_Connect_Server                   0x080025e7   Thumb Code   180  esp8266.o(.text)
    ESP8266_STA_TCPCLient                    0x0800269b   Thumb Code   186  esp8266.o(.text)
    ESP8266_Set_UDP                          0x08002755   Thumb Code   890  esp8266.o(.text)
    ESP8266_STA_UDP_Init                     0x08002acf   Thumb Code   214  esp8266.o(.text)
    ESP8266_Get_LinkSta                      0x08002ba5   Thumb Code   128  esp8266.o(.text)
    ESP8266_Get_Data                         0x08002c25   Thumb Code    98  esp8266.o(.text)
    ESP8266_SendData                         0x08002c87   Thumb Code   212  esp8266.o(.text)
    ESP8266_Exit_Transfer                    0x08002d5b   Thumb Code    88  esp8266.o(.text)
    Char_to_Hex                              0x08002db3   Thumb Code   160  esp8266.o(.text)
    NVIC_Config1                             0x08002f41   Thumb Code    40  usart.o(.text)
    USART1_Config                            0x08002f69   Thumb Code   134  usart.o(.text)
    USART1_IRQHandler                        0x08002fef   Thumb Code   122  usart.o(.text)
    fputc                                    0x08003069   Thumb Code    32  usart.o(.text)
    NVIC_Config2                             0x08003099   Thumb Code    40  usart2.o(.text)
    uart2_init                               0x080030c1   Thumb Code   178  usart2.o(.text)
    USART2_IRQHandler                        0x08003173   Thumb Code    86  usart2.o(.text)
    u2_printf                                0x080031c9   Thumb Code    56  usart2.o(.text)
    TimerNvic_Config                         0x0800321d   Thumb Code    38  timer.o(.text)
    TIM2_Config                              0x08003243   Thumb Code   102  timer.o(.text)
    TIM2_IRQHandler                          0x080032a9   Thumb Code    34  timer.o(.text)
    SYSTICK_Init                             0x080032d1   Thumb Code    90  delay.o(.text)
    delay_us                                 0x0800332b   Thumb Code    16  delay.o(.text)
    delay_ms                                 0x0800333b   Thumb Code    26  delay.o(.text)
    OLEDDelay                                0x08003369   Thumb Code    10  oled.o(.text)
    OLED_WR_Byte                             0x08003373   Thumb Code   100  oled.o(.text)
    OLED_Refresh_Gram                        0x080033d7   Thumb Code    70  oled.o(.text)
    OLED_InitHard                            0x080034a1   Thumb Code   198  oled.o(.text)
    OLED_ClrScr                              0x080035ad   Thumb Code    50  oled.o(.text)
    OLED_Init                                0x080035df   Thumb Code    46  oled.o(.text)
    OLED_DispOn                              0x0800360d   Thumb Code    28  oled.o(.text)
    OLED_DispOff                             0x08003629   Thumb Code    28  oled.o(.text)
    OLED_StartDraw                           0x08003645   Thumb Code     8  oled.o(.text)
    OLED_EndDraw                             0x0800364d   Thumb Code    14  oled.o(.text)
    OLED_PutPixel                            0x0800365b   Thumb Code   164  oled.o(.text)
    OLED_DispStr                             0x080036ff   Thumb Code   422  oled.o(.text)
    OLED_GetPixel                            0x080038a5   Thumb Code    54  oled.o(.text)
    OLED_DrawLine                            0x080038db   Thumb Code   224  oled.o(.text)
    OLED_DrawPoints                          0x080039bb   Thumb Code    58  oled.o(.text)
    OLED_DrawRect                            0x080039f5   Thumb Code   114  oled.o(.text)
    OLED_DrawCircle                          0x08003a67   Thumb Code   174  oled.o(.text)
    OLED_DrawBMP                             0x08003b15   Thumb Code    60  oled.o(.text)
    OLED_DisDigital                          0x08003b51   Thumb Code   104  oled.o(.text)
    oled_pow                                 0x08003bb9   Thumb Code    22  oled.o(.text)
    OLED_DisDecimal                          0x08003bcf   Thumb Code   316  oled.o(.text)
    Delay_us                                 0x08003d0d   Thumb Code    26  sht2x.o(.text)
    SHT2X_Configuration                      0x08003d27   Thumb Code    68  sht2x.o(.text)
    I2c_StartCondition                       0x08003d6b   Thumb Code    62  sht2x.o(.text)
    I2c_StopCondition                        0x08003da9   Thumb Code    62  sht2x.o(.text)
    I2c_WriteByte                            0x08003de7   Thumb Code   152  sht2x.o(.text)
    I2c_ReadByte                             0x08003e7f   Thumb Code   158  sht2x.o(.text)
    SHT2x_CheckCrc                           0x08003f1d   Thumb Code    72  sht2x.o(.text)
    SHT2x_ReadUserRegister                   0x08003f65   Thumb Code    74  sht2x.o(.text)
    SHT2x_WriteUserRegister                  0x08003faf   Thumb Code    42  sht2x.o(.text)
    SHT2x_MeasureHM                          0x08003fd9   Thumb Code   196  sht2x.o(.text)
    SHT2x_MeasurePoll                        0x0800409d   Thumb Code   172  sht2x.o(.text)
    SHT2x_SoftReset                          0x08004149   Thumb Code    40  sht2x.o(.text)
    SHT2x_CalcRH                             0x08004171   Thumb Code    56  sht2x.o(.text)
    SHT2x_CalcTemperatureC                   0x080041a9   Thumb Code    56  sht2x.o(.text)
    SHT2x_GetSerialNumber                    0x080041e1   Thumb Code   198  sht2x.o(.text)
    Nvic_Config                              0x080042c1   Thumb Code    42  exti.o(.text)
    Exti_Config                              0x080042eb   Thumb Code    62  exti.o(.text)
    EXTI15_10_IRQHandler                     0x08004329   Thumb Code    70  exti.o(.text)
    EXTI9_5_IRQHandler                       0x0800436f   Thumb Code    42  exti.o(.text)
    Time_ConvUnixToCalendar                  0x08004399   Thumb Code    32  rtc.o(.text)
    Time_ConvCalendarToUnix                  0x080043b9   Thumb Code    24  rtc.o(.text)
    Time_GetUnixTime                         0x080043d1   Thumb Code     8  rtc.o(.text)
    Time_GetCalendarTime                     0x080043d9   Thumb Code    34  rtc.o(.text)
    Time_SetUnixTime                         0x080043fb   Thumb Code    20  rtc.o(.text)
    Time_SetCalendarTime                     0x0800440f   Thumb Code    38  rtc.o(.text)
    Time_Regulate                            0x08004589   Thumb Code   294  rtc.o(.text)
    RTC_Init                                 0x080046af   Thumb Code   110  rtc.o(.text)
    Time_Init                                0x0800471d   Thumb Code    78  rtc.o(.text)
    DateTimeDis_Init                         0x0800476b   Thumb Code    28  rtc.o(.text)
    Time_Display                             0x08004787   Thumb Code    50  rtc.o(.text)
    RTC_IRQHandler                           0x080047b9   Thumb Code    22  rtc.o(.text)
    Delay_us2                                0x08004a69   Thumb Code    26  sht2x2.o(.text)
    SHT2X2_Configuration                     0x08004a83   Thumb Code    64  sht2x2.o(.text)
    I2c2_StartCondition                      0x08004ac3   Thumb Code    54  sht2x2.o(.text)
    I2c2_StopCondition                       0x08004af9   Thumb Code    54  sht2x2.o(.text)
    I2c2_WriteByte                           0x08004b2f   Thumb Code   136  sht2x2.o(.text)
    I2c2_ReadByte                            0x08004bb7   Thumb Code   140  sht2x2.o(.text)
    SHT2x2_CheckCrc                          0x08004c43   Thumb Code    72  sht2x2.o(.text)
    SHT2x2_ReadUserRegister                  0x08004c8b   Thumb Code    74  sht2x2.o(.text)
    SHT2x2_WriteUserRegister                 0x08004cd5   Thumb Code    42  sht2x2.o(.text)
    SHT2x2_MeasureHM                         0x08004cff   Thumb Code   190  sht2x2.o(.text)
    SHT2x2_MeasurePoll                       0x08004dbd   Thumb Code   166  sht2x2.o(.text)
    SHT2x2_SoftReset                         0x08004e63   Thumb Code    46  sht2x2.o(.text)
    SHT2x2_CalcRH                            0x08004e91   Thumb Code    56  sht2x2.o(.text)
    SHT2x2_CalcTemperatureC                  0x08004ec9   Thumb Code    56  sht2x2.o(.text)
    SHT2x2_GetSerialNumber                   0x08004f01   Thumb Code   198  sht2x2.o(.text)
    MYDMA_Config                             0x08004fe1   Thumb Code    74  dma.o(.text)
    MYDMA_Enable                             0x0800502b   Thumb Code    32  dma.o(.text)
    main                                     0x0800504d   Thumb Code  1550  main.o(.text)
    NMI_Handler                              0x080056c5   Thumb Code     2  stm32f10x_it.o(.text)
    HardFault_Handler                        0x080056c7   Thumb Code     4  stm32f10x_it.o(.text)
    MemManage_Handler                        0x080056cb   Thumb Code     4  stm32f10x_it.o(.text)
    BusFault_Handler                         0x080056cf   Thumb Code     4  stm32f10x_it.o(.text)
    UsageFault_Handler                       0x080056d3   Thumb Code     4  stm32f10x_it.o(.text)
    SVC_Handler                              0x080056d7   Thumb Code     2  stm32f10x_it.o(.text)
    DebugMon_Handler                         0x080056d9   Thumb Code     2  stm32f10x_it.o(.text)
    PendSV_Handler                           0x080056db   Thumb Code     2  stm32f10x_it.o(.text)
    SysTick_Handler                          0x080056dd   Thumb Code    18  stm32f10x_it.o(.text)
    mktime                                   0x080056f5   Thumb Code   150  mktime.o(.text)
    __aeabi_memcpy                           0x0800579d   Thumb Code    36  memcpya.o(.text)
    __aeabi_memcpy4                          0x0800579d   Thumb Code     0  memcpya.o(.text)
    __aeabi_memcpy8                          0x0800579d   Thumb Code     0  memcpya.o(.text)
    __aeabi_memset                           0x080057c1   Thumb Code    14  memseta.o(.text)
    __aeabi_memset4                          0x080057c1   Thumb Code     0  memseta.o(.text)
    __aeabi_memset8                          0x080057c1   Thumb Code     0  memseta.o(.text)
    __aeabi_memclr                           0x080057cf   Thumb Code     4  memseta.o(.text)
    __aeabi_memclr4                          0x080057cf   Thumb Code     0  memseta.o(.text)
    __aeabi_memclr8                          0x080057cf   Thumb Code     0  memseta.o(.text)
    _memset$wrapper                          0x080057d3   Thumb Code    18  memseta.o(.text)
    strstr                                   0x080057e5   Thumb Code    36  strstr.o(.text)
    strlen                                   0x08005809   Thumb Code    14  strlen.o(.text)
    __0sscanf                                0x08005819   Thumb Code    48  __0sscanf.o(.text)
    _scanf_string                            0x08005851   Thumb Code   224  _scanf_str.o(.text)
    __aeabi_dadd                             0x08005931   Thumb Code   322  dadd.o(.text)
    __aeabi_dsub                             0x08005a73   Thumb Code     6  dadd.o(.text)
    __aeabi_drsub                            0x08005a79   Thumb Code     6  dadd.o(.text)
    __aeabi_dmul                             0x08005a7f   Thumb Code   228  dmul.o(.text)
    __aeabi_ui2f                             0x08005b63   Thumb Code    10  ffltui.o(.text)
    __aeabi_i2d                              0x08005b6d   Thumb Code    34  dflti.o(.text)
    __aeabi_ui2d                             0x08005b8f   Thumb Code    26  dfltui.o(.text)
    __aeabi_d2iz                             0x08005ba9   Thumb Code    62  dfixi.o(.text)
    __aeabi_d2uiz                            0x08005be7   Thumb Code    50  dfixui.o(.text)
    __aeabi_f2d                              0x08005c19   Thumb Code    38  f2d.o(.text)
    __aeabi_d2f                              0x08005c3f   Thumb Code    56  d2f.o(.text)
    __aeabi_uidiv                            0x08005c77   Thumb Code     0  uidiv.o(.text)
    __aeabi_uidivmod                         0x08005c77   Thumb Code    44  uidiv.o(.text)
    __aeabi_uldivmod                         0x08005ca3   Thumb Code    98  uldiv.o(.text)
    __aeabi_llsl                             0x08005d05   Thumb Code    30  llshl.o(.text)
    _ll_shift_l                              0x08005d05   Thumb Code     0  llshl.o(.text)
    __aeabi_llsr                             0x08005d23   Thumb Code    32  llushr.o(.text)
    _ll_ushift_r                             0x08005d23   Thumb Code     0  llushr.o(.text)
    __aeabi_lasr                             0x08005d43   Thumb Code    36  llsshr.o(.text)
    _ll_sshift_r                             0x08005d43   Thumb Code     0  llsshr.o(.text)
    localtime                                0x08005d69   Thumb Code     6  localtime_w.o(.text)
    _localtime                               0x08005d75   Thumb Code   134  localtime_i.o(.text)
    __vfscanf_char                           0x08005e0d   Thumb Code    20  scanf_char.o(.text)
    _sgetc                                   0x08005e29   Thumb Code    30  _sgetc.o(.text)
    _sbackspace                              0x08005e47   Thumb Code    34  _sgetc.o(.text)
    __I$use$fp                               0x08005e69   Thumb Code     0  iusefp.o(.text)
    _float_round                             0x08005e69   Thumb Code    18  fepilogue.o(.text)
    _float_epilogue                          0x08005e7b   Thumb Code    92  fepilogue.o(.text)
    _double_round                            0x08005ed7   Thumb Code    30  depilogue.o(.text)
    _double_epilogue                         0x08005ef5   Thumb Code   156  depilogue.o(.text)
    __aeabi_ddiv                             0x08005f91   Thumb Code   222  ddiv.o(.text)
    __aeabi_d2ulz                            0x0800606f   Thumb Code    48  dfixul.o(.text)
    __aeabi_cdrcmple                         0x080060a1   Thumb Code    48  cdrcmple.o(.text)
    __scatterload                            0x080060d1   Thumb Code    28  init.o(.text)
    __scatterload_rt2                        0x080060d1   Thumb Code     0  init.o(.text)
    isspace                                  0x080060f5   Thumb Code    10  isspace_c.o(.text)
    __vfscanf                                0x08006101   Thumb Code   808  _scanf.o(.text)
    __ctype_lookup                           0x0800642d   Thumb Code    34  ctype_c.o(.text)
    __0printf                                0x08006455   Thumb Code    22  printfa.o(i.__0printf)
    __1printf                                0x08006455   Thumb Code     0  printfa.o(i.__0printf)
    __2printf                                0x08006455   Thumb Code     0  printfa.o(i.__0printf)
    __c89printf                              0x08006455   Thumb Code     0  printfa.o(i.__0printf)
    printf                                   0x08006455   Thumb Code     0  printfa.o(i.__0printf)
    __0sprintf                               0x08006475   Thumb Code    34  printfa.o(i.__0sprintf)
    __1sprintf                               0x08006475   Thumb Code     0  printfa.o(i.__0sprintf)
    __2sprintf                               0x08006475   Thumb Code     0  printfa.o(i.__0sprintf)
    __c89sprintf                             0x08006475   Thumb Code     0  printfa.o(i.__0sprintf)
    sprintf                                  0x08006475   Thumb Code     0  printfa.o(i.__0sprintf)
    __0vsprintf                              0x0800649d   Thumb Code    30  printfa.o(i.__0vsprintf)
    __1vsprintf                              0x0800649d   Thumb Code     0  printfa.o(i.__0vsprintf)
    __2vsprintf                              0x0800649d   Thumb Code     0  printfa.o(i.__0vsprintf)
    __c89vsprintf                            0x0800649d   Thumb Code     0  printfa.o(i.__0vsprintf)
    vsprintf                                 0x0800649d   Thumb Code     0  printfa.o(i.__0vsprintf)
    __scatterload_copy                       0x080064c1   Thumb Code    14  handlers.o(i.__scatterload_copy)
    __scatterload_null                       0x080064cf   Thumb Code     2  handlers.o(i.__scatterload_null)
    __scatterload_zeroinit                   0x080064d1   Thumb Code    14  handlers.o(i.__scatterload_zeroinit)
    g_Ascii12                                0x08006d9c   Data        1524  asc12.o(.constdata)
    g_Ascii16                                0x08007390   Data        4096  asc16.o(.constdata)
    g_Hz12                                   0x08008390   Data         626  hz12.o(.constdata)
    g_Hz16                                   0x08008602   Data        1566  hz16.o(.constdata)
    __ctype_categories                       0x08008c38   Data          64  ctype_c.o(.constdata)
    Region$$Table$$Base                      0x08008cbc   Number         0  anon$$obj.o(Region$$Table)
    Region$$Table$$Limit                     0x08008cdc   Number         0  anon$$obj.o(Region$$Table)
    SystemCoreClock                          0x20000014   Data           4  system_stm32f10x.o(.data)
    AHBPrescTable                            0x20000018   Data          16  system_stm32f10x.o(.data)
    USART_RX_STA                             0x20000028   Data           2  usart.o(.data)
    USART2_RX_STA                            0x2000002a   Data           2  usart2.o(.data)
    USART2_DATA_FLAG                         0x2000002c   Data           1  usart2.o(.data)
    tFont12                                  0x2000002e   Data           8  oled.o(.data)
    tFont16                                  0x20000036   Data           8  oled.o(.data)
    nTime                                    0x20000040   Data           2  stm32f10x_it.o(.data)
    __stdout                                 0x20000044   Data           4  stdout.o(.data)
    Esp8266_DdtaBuff                         0x20000048   Data        1024  esp8266.o(.bss)
    IP_Buff                                  0x20000448   Data          20  esp8266.o(.bss)
    USART_RX_BUF                             0x2000045c   Data         256  usart.o(.bss)
    USART2_RX_BUF                            0x2000055c   Data        2048  usart2.o(.bss)
    USART2_TX_BUF                            0x20000d5c   Data        1024  usart2.o(.bss)
    Data_buff                                0x2000155c   Data        1024  main.o(.bss)
    __initial_sp                             0x20001d88   Data           0  startup_stm32f10x_md.o(STACK)



==============================================================================

Memory Map of the image

  Image Entry point : 0x080000ed

  Load Region LR_IROM1 (Base: 0x08000000, Size: 0x00008d24, Max: 0x00010000, ABSOLUTE)

    Execution Region ER_IROM1 (Base: 0x08000000, Size: 0x00008cdc, Max: 0x00010000, ABSOLUTE)

    Base Addr    Size         Type   Attr      Idx    E Section Name        Object

    0x08000000   0x000000ec   Data   RO            3    RESET               startup_stm32f10x_md.o
    0x080000ec   0x00000000   Code   RO          802  * .ARM.Collect$$$$00000000  mc_w.l(entry.o)
    0x080000ec   0x00000004   Code   RO         1107    .ARM.Collect$$$$00000001  mc_w.l(entry2.o)
    0x080000f0   0x00000004   Code   RO         1110    .ARM.Collect$$$$00000004  mc_w.l(entry5.o)
    0x080000f4   0x00000000   Code   RO         1112    .ARM.Collect$$$$00000008  mc_w.l(entry7b.o)
    0x080000f4   0x00000000   Code   RO         1114    .ARM.Collect$$$$0000000A  mc_w.l(entry8b.o)
    0x080000f4   0x00000008   Code   RO         1115    .ARM.Collect$$$$0000000B  mc_w.l(entry9a.o)
    0x080000fc   0x00000000   Code   RO         1117    .ARM.Collect$$$$0000000D  mc_w.l(entry10a.o)
    0x080000fc   0x00000000   Code   RO         1119    .ARM.Collect$$$$0000000F  mc_w.l(entry11a.o)
    0x080000fc   0x00000004   Code   RO         1108    .ARM.Collect$$$$00002712  mc_w.l(entry2.o)
    0x08000100   0x00000024   Code   RO            4    .text               startup_stm32f10x_md.o
    0x08000124   0x000000dc   Code   RO           10    .text               misc.o
    0x08000200   0x000000c4   Code   RO          118    .text               stm32f10x_bkp.o
    0x080002c4   0x00000254   Code   RO          193    .text               stm32f10x_dma.o
    0x08000518   0x0000011c   Code   RO          205    .text               stm32f10x_exti.o
    0x08000634   0x0000035c   Code   RO          241    .text               stm32f10x_gpio.o
    0x08000990   0x000000cc   Code   RO          277    .text               stm32f10x_pwr.o
    0x08000a5c   0x000003a4   Code   RO          289    .text               stm32f10x_rcc.o
    0x08000e00   0x00000148   Code   RO          303    .text               stm32f10x_rtc.o
    0x08000f48   0x00000e1a   Code   RO          339    .text               stm32f10x_tim.o
    0x08001d62   0x00000002   PAD
    0x08001d64   0x00000408   Code   RO          351    .text               stm32f10x_usart.o
    0x0800216c   0x000001e0   Code   RO          385    .text               system_stm32f10x.o
    0x0800234c   0x000000a0   Code   RO          403    .text               led.o
    0x080023ec   0x00000b54   Code   RO          418    .text               esp8266.o
    0x08002f40   0x00000158   Code   RO          457    .text               usart.o
    0x08003098   0x00000184   Code   RO          480    .text               usart2.o
    0x0800321c   0x000000b4   Code   RO          512    .text               timer.o
    0x080032d0   0x00000098   Code   RO          524    .text               delay.o
    0x08003368   0x000009a2   Code   RO          556    .text               oled.o
    0x08003d0a   0x00000002   PAD
    0x08003d0c   0x000005b4   Code   RO          583    .text               sht2x.o
    0x080042c0   0x000000d8   Code   RO          631    .text               exti.o
    0x08004398   0x000006d0   Code   RO          664    .text               rtc.o
    0x08004a68   0x00000578   Code   RO          698    .text               sht2x2.o
    0x08004fe0   0x0000006a   Code   RO          716    .text               dma.o
    0x0800504a   0x00000002   PAD
    0x0800504c   0x00000678   Code   RO          728    .text               main.o
    0x080056c4   0x00000030   Code   RO          756    .text               stm32f10x_it.o
    0x080056f4   0x000000a8   Code   RO          809    .text               mc_w.l(mktime.o)
    0x0800579c   0x00000024   Code   RO          812    .text               mc_w.l(memcpya.o)
    0x080057c0   0x00000024   Code   RO          814    .text               mc_w.l(memseta.o)
    0x080057e4   0x00000024   Code   RO          816    .text               mc_w.l(strstr.o)
    0x08005808   0x0000000e   Code   RO          818    .text               mc_w.l(strlen.o)
    0x08005816   0x00000002   PAD
    0x08005818   0x00000038   Code   RO         1085    .text               mc_w.l(__0sscanf.o)
    0x08005850   0x000000e0   Code   RO         1087    .text               mc_w.l(_scanf_str.o)
    0x08005930   0x0000014e   Code   RO         1089    .text               mf_w.l(dadd.o)
    0x08005a7e   0x000000e4   Code   RO         1091    .text               mf_w.l(dmul.o)
    0x08005b62   0x0000000a   Code   RO         1093    .text               mf_w.l(ffltui.o)
    0x08005b6c   0x00000022   Code   RO         1095    .text               mf_w.l(dflti.o)
    0x08005b8e   0x0000001a   Code   RO         1097    .text               mf_w.l(dfltui.o)
    0x08005ba8   0x0000003e   Code   RO         1099    .text               mf_w.l(dfixi.o)
    0x08005be6   0x00000032   Code   RO         1101    .text               mf_w.l(dfixui.o)
    0x08005c18   0x00000026   Code   RO         1103    .text               mf_w.l(f2d.o)
    0x08005c3e   0x00000038   Code   RO         1105    .text               mf_w.l(d2f.o)
    0x08005c76   0x0000002c   Code   RO         1122    .text               mc_w.l(uidiv.o)
    0x08005ca2   0x00000062   Code   RO         1124    .text               mc_w.l(uldiv.o)
    0x08005d04   0x0000001e   Code   RO         1126    .text               mc_w.l(llshl.o)
    0x08005d22   0x00000020   Code   RO         1128    .text               mc_w.l(llushr.o)
    0x08005d42   0x00000024   Code   RO         1130    .text               mc_w.l(llsshr.o)
    0x08005d66   0x00000002   PAD
    0x08005d68   0x0000000c   Code   RO         1132    .text               mc_w.l(localtime_w.o)
    0x08005d74   0x0000008c   Code   RO         1135    .text               mc_w.l(localtime_i.o)
    0x08005e00   0x00000028   Code   RO         1138    .text               mc_w.l(scanf_char.o)
    0x08005e28   0x00000040   Code   RO         1140    .text               mc_w.l(_sgetc.o)
    0x08005e68   0x00000000   Code   RO         1142    .text               mc_w.l(iusefp.o)
    0x08005e68   0x0000006e   Code   RO         1143    .text               mf_w.l(fepilogue.o)
    0x08005ed6   0x000000ba   Code   RO         1145    .text               mf_w.l(depilogue.o)
    0x08005f90   0x000000de   Code   RO         1147    .text               mf_w.l(ddiv.o)
    0x0800606e   0x00000030   Code   RO         1149    .text               mf_w.l(dfixul.o)
    0x0800609e   0x00000002   PAD
    0x080060a0   0x00000030   Code   RO         1151    .text               mf_w.l(cdrcmple.o)
    0x080060d0   0x00000024   Code   RO         1153    .text               mc_w.l(init.o)
    0x080060f4   0x0000000a   Code   RO         1155    .text               mc_w.l(isspace_c.o)
    0x080060fe   0x00000002   PAD
    0x08006100   0x0000032c   Code   RO         1157    .text               mc_w.l(_scanf.o)
    0x0800642c   0x00000028   Code   RO         1159    .text               mc_w.l(ctype_c.o)
    0x08006454   0x00000020   Code   RO         1057    i.__0printf         mc_w.l(printfa.o)
    0x08006474   0x00000028   Code   RO         1059    i.__0sprintf        mc_w.l(printfa.o)
    0x0800649c   0x00000024   Code   RO         1063    i.__0vsprintf       mc_w.l(printfa.o)
    0x080064c0   0x0000000e   Code   RO         1164    i.__scatterload_copy  mc_w.l(handlers.o)
    0x080064ce   0x00000002   Code   RO         1165    i.__scatterload_null  mc_w.l(handlers.o)
    0x080064d0   0x0000000e   Code   RO         1166    i.__scatterload_zeroinit  mc_w.l(handlers.o)
    0x080064de   0x00000002   PAD
    0x080064e0   0x00000184   Code   RO         1064    i._fp_digits        mc_w.l(printfa.o)
    0x08006664   0x000006dc   Code   RO         1065    i._printf_core      mc_w.l(printfa.o)
    0x08006d40   0x00000024   Code   RO         1066    i._printf_post_padding  mc_w.l(printfa.o)
    0x08006d64   0x0000002e   Code   RO         1067    i._printf_pre_padding  mc_w.l(printfa.o)
    0x08006d92   0x0000000a   Code   RO         1069    i._sputc            mc_w.l(printfa.o)
    0x08006d9c   0x000005f4   Data   RO          774    .constdata          asc12.o
    0x08007390   0x00001000   Data   RO          781    .constdata          asc16.o
    0x08008390   0x00000272   Data   RO          788    .constdata          hz12.o
    0x08008602   0x0000061e   Data   RO          795    .constdata          hz16.o
    0x08008c20   0x0000000c   Data   RO          810    .constdata          mc_w.l(mktime.o)
    0x08008c2c   0x0000000c   Data   RO         1136    .constdata          mc_w.l(localtime_i.o)
    0x08008c38   0x00000040   Data   RO         1160    .constdata          mc_w.l(ctype_c.o)
    0x08008c78   0x00000041   Data   RO          665    .conststring        rtc.o
    0x08008cb9   0x00000003   PAD
    0x08008cbc   0x00000020   Data   RO         1162    Region$$Table       anon$$obj.o


    Execution Region RW_IRAM1 (Base: 0x20000000, Size: 0x00001d88, Max: 0x00005000, ABSOLUTE)

    Base Addr    Size         Type   Attr      Idx    E Section Name        Object

    0x20000000   0x00000014   Data   RW          290    .data               stm32f10x_rcc.o
    0x20000014   0x00000014   Data   RW          386    .data               system_stm32f10x.o
    0x20000028   0x00000002   Data   RW          459    .data               usart.o
    0x2000002a   0x00000003   Data   RW          482    .data               usart2.o
    0x2000002d   0x00000001   PAD
    0x2000002e   0x00000011   Data   RW          558    .data               oled.o
    0x2000003f   0x00000001   PAD
    0x20000040   0x00000002   Data   RW          757    .data               stm32f10x_it.o
    0x20000042   0x00000002   PAD
    0x20000044   0x00000004   Data   RW         1121    .data               mc_w.l(stdout.o)
    0x20000048   0x00000414   Zero   RW          419    .bss                esp8266.o
    0x2000045c   0x00000100   Zero   RW          458    .bss                usart.o
    0x2000055c   0x00000c00   Zero   RW          481    .bss                usart2.o
    0x2000115c   0x00000400   Zero   RW          557    .bss                oled.o
    0x2000155c   0x00000400   Zero   RW          729    .bss                main.o
    0x2000195c   0x0000002c   Zero   RW         1133    .bss                mc_w.l(localtime_w.o)
    0x20001988   0x00000400   Zero   RW            1    STACK               startup_stm32f10x_md.o


==============================================================================

Image component sizes


      Code (inc. data)   RO Data    RW Data    ZI Data      Debug   Object Name

         0          0       1524          0          0        440   asc12.o
         0          0       4096          0          0        440   asc16.o
       152         20          0          0          0      16224   delay.o
       106          0          0          0          0       1228   dma.o
      2900        974          0          0       1044       6749   esp8266.o
       216          0          0          0          0        994   exti.o
         0          0        626          0          0        433   hz12.o
         0          0       1566          0          0        433   hz16.o
       160         10          0          0          0        725   led.o
      1656        640          0          0       1024      17465   main.o
       220         22          0          0          0     266201   misc.o
      2466         62          0         17       1024      10173   oled.o
      1744        666         65          0          0       4948   rtc.o
      1460         30          0          0          0       6645   sht2x.o
      1400         32          0          0          0       6712   sht2x2.o
        36          8        236          0       1024        932   startup_stm32f10x_md.o
       196          8          0          0          0       3632   stm32f10x_bkp.o
       596          8          0          0          0       4498   stm32f10x_dma.o
       284         10          0          0          0       2391   stm32f10x_exti.o
       860         38          0          0          0       5865   stm32f10x_gpio.o
        48          6          0          2          0       1490   stm32f10x_it.o
       204         14          0          0          0       2007   stm32f10x_pwr.o
       932         36          0         20          0       9076   stm32f10x_rcc.o
       328          4          0          0          0       2778   stm32f10x_rtc.o
      3610         88          0          0          0      22976   stm32f10x_tim.o
      1032         22          0          0          0       8592   stm32f10x_usart.o
       480         38          0         20          0       2075   system_stm32f10x.o
       180          6          0          0          0        923   timer.o
       344         16          0          2        256       3125   usart.o
       388         28          0          3       3072       2487   usart2.o

    ----------------------------------------------------------------------
     22004       2786       8148         68       7444     412657   Object Totals
         0          0         32          0          0          0   (incl. Generated)
         6          0          3          4          0          0   (incl. Padding)

    ----------------------------------------------------------------------

      Code (inc. data)   RO Data    RW Data    ZI Data      Debug   Library Member Name

        56          8          0          0          0         84   __0sscanf.o
       812          4          0          0          0        112   _scanf.o
       224          0          0          0          0         96   _scanf_str.o
        64          0          0          0          0         84   _sgetc.o
        40          6         64          0          0         68   ctype_c.o
         0          0          0          0          0          0   entry.o
         0          0          0          0          0          0   entry10a.o
         0          0          0          0          0          0   entry11a.o
         8          4          0          0          0          0   entry2.o
         4          0          0          0          0          0   entry5.o
         0          0          0          0          0          0   entry7b.o
         0          0          0          0          0          0   entry8b.o
         8          4          0          0          0          0   entry9a.o
        30          0          0          0          0          0   handlers.o
        36          8          0          0          0         68   init.o
        10          0          0          0          0         68   isspace_c.o
         0          0          0          0          0          0   iusefp.o
        30          0          0          0          0         68   llshl.o
        36          0          0          0          0         68   llsshr.o
        32          0          0          0          0         68   llushr.o
       140          6         12          0          0         76   localtime_i.o
        12          6          0          0         44         68   localtime_w.o
        36          0          0          0          0         68   memcpya.o
        36          0          0          0          0        108   memseta.o
       168         18         12          0          0         80   mktime.o
      2344        102          0          0          0        684   printfa.o
        40          8          0          0          0         84   scanf_char.o
         0          0          0          4          0          0   stdout.o
        14          0          0          0          0         68   strlen.o
        36          0          0          0          0         80   strstr.o
        44          0          0          0          0         80   uidiv.o
        98          0          0          0          0         92   uldiv.o
        48          0          0          0          0         68   cdrcmple.o
        56          0          0          0          0         88   d2f.o
       334          0          0          0          0        148   dadd.o
       222          0          0          0          0        100   ddiv.o
       186          0          0          0          0        176   depilogue.o
        62          0          0          0          0         80   dfixi.o
        50          0          0          0          0         76   dfixui.o
        48          0          0          0          0         68   dfixul.o
        34          0          0          0          0         76   dflti.o
        26          0          0          0          0         76   dfltui.o
       228          0          0          0          0         96   dmul.o
        38          0          0          0          0         68   f2d.o
       110          0          0          0          0        168   fepilogue.o
        10          0          0          0          0         68   ffltui.o

    ----------------------------------------------------------------------
      5820        174         88          4         44       3628   Library Totals
        10          0          0          0          0          0   (incl. Padding)

    ----------------------------------------------------------------------

      Code (inc. data)   RO Data    RW Data    ZI Data      Debug   Library Name

      4358        174         88          4         44       2272   mc_w.l
      1452          0          0          0          0       1356   mf_w.l

    ----------------------------------------------------------------------
      5820        174         88          4         44       3628   Library Totals

    ----------------------------------------------------------------------

==============================================================================


      Code (inc. data)   RO Data    RW Data    ZI Data      Debug   

     27824       2960       8236         72       7488     411913   Grand Totals
     27824       2960       8236         72       7488     411913   ELF Image Totals
     27824       2960       8236         72          0          0   ROM Totals

==============================================================================

    Total RO  Size (Code + RO Data)                36060 (  35.21kB)
    Total RW  Size (RW Data + ZI Data)              7560 (   7.38kB)
    Total ROM Size (Code + RO Data + RW Data)      36132 (  35.29kB)

==============================================================================

